Component: ARM Compiler 5.06 update 6 (build 750) Tool: armlink [4d35ed]

==============================================================================

Section Cross References

    stm32f1xx_hal_rcc_ex.o(i.HAL_RCCEx_GetPeriphCLKFreq) refers to stm32f1xx_hal_rcc.o(i.HAL_RCC_GetPCLK2Freq) for HAL_RCC_GetPCLK2Freq
    stm32f1xx_hal_rcc_ex.o(i.HAL_RCCEx_PeriphCLKConfig) refers to stm32f1xx_hal.o(i.HAL_GetTick) for HAL_GetTick
    stm32f1xx_hal_rcc.o(i.HAL_RCC_ClockConfig) refers to stm32f1xx_hal.o(i.HAL_GetTick) for HAL_GetTick
    stm32f1xx_hal_rcc.o(i.HAL_RCC_ClockConfig) refers to stm32f1xx_hal_rcc.o(i.HAL_RCC_GetSysClockFreq) for HAL_RCC_GetSysClockFreq
    stm32f1xx_hal_rcc.o(i.HAL_RCC_ClockConfig) refers to stm32f1xx_hal.o(i.HAL_InitTick) for HAL_InitTick
    stm32f1xx_hal_rcc.o(i.HAL_RCC_ClockConfig) refers to system_stm32f1xx.o(.constdata) for AHBPrescTable
    stm32f1xx_hal_rcc.o(i.HAL_RCC_ClockConfig) refers to system_stm32f1xx.o(.data) for SystemCoreClock
    stm32f1xx_hal_rcc.o(i.HAL_RCC_DeInit) refers to stm32f1xx_hal.o(i.HAL_GetTick) for HAL_GetTick
    stm32f1xx_hal_rcc.o(i.HAL_RCC_DeInit) refers to stm32f1xx_hal.o(i.HAL_InitTick) for HAL_InitTick
    stm32f1xx_hal_rcc.o(i.HAL_RCC_DeInit) refers to system_stm32f1xx.o(.data) for SystemCoreClock
    stm32f1xx_hal_rcc.o(i.HAL_RCC_GetHCLKFreq) refers to system_stm32f1xx.o(.data) for SystemCoreClock
    stm32f1xx_hal_rcc.o(i.HAL_RCC_GetPCLK1Freq) refers to system_stm32f1xx.o(.data) for SystemCoreClock
    stm32f1xx_hal_rcc.o(i.HAL_RCC_GetPCLK1Freq) refers to system_stm32f1xx.o(.constdata) for APBPrescTable
    stm32f1xx_hal_rcc.o(i.HAL_RCC_GetPCLK2Freq) refers to system_stm32f1xx.o(.data) for SystemCoreClock
    stm32f1xx_hal_rcc.o(i.HAL_RCC_GetPCLK2Freq) refers to system_stm32f1xx.o(.constdata) for APBPrescTable
    stm32f1xx_hal_rcc.o(i.HAL_RCC_MCOConfig) refers to stm32f1xx_hal_gpio.o(i.HAL_GPIO_Init) for HAL_GPIO_Init
    stm32f1xx_hal_rcc.o(i.HAL_RCC_NMI_IRQHandler) refers to stm32f1xx_hal_rcc.o(i.HAL_RCC_CSSCallback) for HAL_RCC_CSSCallback
    stm32f1xx_hal_rcc.o(i.HAL_RCC_OscConfig) refers to stm32f1xx_hal.o(i.HAL_GetTick) for HAL_GetTick
    stm32f1xx_hal_rcc.o(i.HAL_RCC_OscConfig) refers to system_stm32f1xx.o(.data) for SystemCoreClock
    stm32f1xx_hal_cortex.o(i.HAL_NVIC_SetPriority) refers to stm32f1xx_hal_cortex.o(i.NVIC_SetPriority) for NVIC_SetPriority
    stm32f1xx_hal_cortex.o(i.HAL_SYSTICK_Config) refers to stm32f1xx_hal_cortex.o(i.NVIC_SetPriority) for NVIC_SetPriority
    stm32f1xx_hal_cortex.o(i.HAL_SYSTICK_IRQHandler) refers to stm32f1xx_hal_cortex.o(i.HAL_SYSTICK_Callback) for HAL_SYSTICK_Callback
    stm32f1xx_hal_flash.o(i.FLASH_Program_HalfWord) refers to stm32f1xx_hal_flash.o(.bss) for .bss
    stm32f1xx_hal_flash.o(i.FLASH_SetErrorCode) refers to stm32f1xx_hal_flash.o(.bss) for .bss
    stm32f1xx_hal_flash.o(i.FLASH_WaitForLastOperation) refers to stm32f1xx_hal.o(i.HAL_GetTick) for HAL_GetTick
    stm32f1xx_hal_flash.o(i.FLASH_WaitForLastOperation) refers to stm32f1xx_hal_flash.o(i.FLASH_SetErrorCode) for FLASH_SetErrorCode
    stm32f1xx_hal_flash.o(i.HAL_FLASH_GetError) refers to stm32f1xx_hal_flash.o(.bss) for .bss
    stm32f1xx_hal_flash.o(i.HAL_FLASH_IRQHandler) refers to stm32f1xx_hal_flash.o(i.FLASH_SetErrorCode) for FLASH_SetErrorCode
    stm32f1xx_hal_flash.o(i.HAL_FLASH_IRQHandler) refers to stm32f1xx_hal_flash.o(i.HAL_FLASH_OperationErrorCallback) for HAL_FLASH_OperationErrorCallback
    stm32f1xx_hal_flash.o(i.HAL_FLASH_IRQHandler) refers to stm32f1xx_hal_flash.o(i.FLASH_Program_HalfWord) for FLASH_Program_HalfWord
    stm32f1xx_hal_flash.o(i.HAL_FLASH_IRQHandler) refers to stm32f1xx_hal_flash.o(i.HAL_FLASH_EndOfOperationCallback) for HAL_FLASH_EndOfOperationCallback
    stm32f1xx_hal_flash.o(i.HAL_FLASH_IRQHandler) refers to stm32f1xx_hal_flash_ex.o(i.FLASH_PageErase) for FLASH_PageErase
    stm32f1xx_hal_flash.o(i.HAL_FLASH_IRQHandler) refers to stm32f1xx_hal_flash.o(.bss) for .bss
    stm32f1xx_hal_flash.o(i.HAL_FLASH_OB_Launch) refers to stm32f1xx_hal_cortex.o(i.HAL_NVIC_SystemReset) for HAL_NVIC_SystemReset
    stm32f1xx_hal_flash.o(i.HAL_FLASH_Program) refers to stm32f1xx_hal_flash.o(i.FLASH_WaitForLastOperation) for FLASH_WaitForLastOperation
    stm32f1xx_hal_flash.o(i.HAL_FLASH_Program) refers to llushr.o(.text) for __aeabi_llsr
    stm32f1xx_hal_flash.o(i.HAL_FLASH_Program) refers to stm32f1xx_hal_flash.o(i.FLASH_Program_HalfWord) for FLASH_Program_HalfWord
    stm32f1xx_hal_flash.o(i.HAL_FLASH_Program) refers to stm32f1xx_hal_flash.o(.bss) for .bss
    stm32f1xx_hal_flash.o(i.HAL_FLASH_Program_IT) refers to stm32f1xx_hal_flash.o(i.FLASH_Program_HalfWord) for FLASH_Program_HalfWord
    stm32f1xx_hal_flash.o(i.HAL_FLASH_Program_IT) refers to stm32f1xx_hal_flash.o(.bss) for .bss
    stm32f1xx_hal.o(i.HAL_DeInit) refers to stm32f1xx_hal.o(i.HAL_MspDeInit) for HAL_MspDeInit
    stm32f1xx_hal.o(i.HAL_Delay) refers to stm32f1xx_hal.o(i.HAL_GetTick) for HAL_GetTick
[...]
    .bss                                     0x200003ac   Section       68  main.o(.bss)
    .bss                                     0x200003f0   Section       64  main.o(.bss)
    .bss                                     0x20000430   Section       64  main.o(.bss)
    .bss                                     0x20000470   Section       64  main.o(.bss)
    .bss                                     0x200004b0   Section       68  main.o(.bss)
    .bss                                     0x200004f4   Section       68  main.o(.bss)
    .bss                                     0x20000538   Section     2106  bsp_usart.o(.bss)
    .bss                                     0x20000d72   Section      964  bsp_ws2812.o(.bss)
    .bss                                     0x20001138   Section     1040  stm_flash.o(.bss)
    STMFLASH_BUF                             0x20001138   Data        1024  stm_flash.o(.bss)
    EraseInitStruct                          0x20001538   Data          16  stm_flash.o(.bss)
    .bss                                     0x20001548   Section     2652  bsp_update.o(.bss)
    .bss                                     0x20001fa4   Section     8000  heap_4.o(.bss)
    ucHeap                                   0x20001fa4   Data        8000  heap_4.o(.bss)
    .bss                                     0x20003ee4   Section      240  tasks.o(.bss)
    pxReadyTasksLists                        0x20003ee4   Data         140  tasks.o(.bss)
    xDelayedTaskList1                        0x20003f70   Data          20  tasks.o(.bss)
    xDelayedTaskList2                        0x20003f84   Data          20  tasks.o(.bss)
    xPendingReadyList                        0x20003f98   Data          20  tasks.o(.bss)
    xTasksWaitingTermination                 0x20003fac   Data          20  tasks.o(.bss)
    xSuspendedTaskList                       0x20003fc0   Data          20  tasks.o(.bss)
    STACK                                    0x20003fd8   Section     1024  startup_stm32f103xb.o(STACK)

    Global Symbols

    Symbol Name                              Value     Ov Type        Size  Object(Section)

    BuildAttributes$$THM_ISAv4$P$D$K$B$S$PE$A:L22UL41UL21$X:L11$S22US41US21$IEEE1$IW$USESV6$~STKCKD$USESV7$~SHL$OTIME$ROPI$IEEEX$EBA8$MICROLIB$REQ8$PRES8$EABIv2 0x00000000   Number         0  anon$$obj.o ABSOLUTE
    __ARM_use_no_argv                        0x00000000   Number         0  main.o ABSOLUTE
    _printf_a                                0x00000000   Number         0  stubs.o ABSOLUTE
    _printf_c                                0x00000000   Number         0  stubs.o ABSOLUTE
    _printf_charcount                        0x00000000   Number         0  stubs.o ABSOLUTE
    _printf_d                                0x00000000   Number         0  stubs.o ABSOLUTE
    _printf_e                                0x00000000   Number         0  stubs.o ABSOLUTE
    _printf_f                                0x00000000   Number         0  stubs.o ABSOLUTE
    _printf_flags                            0x00000000   Number         0  stubs.o ABSOLUTE
    _printf_fp_dec                           0x00000000   Number         0  stubs.o ABSOLUTE
    _printf_fp_hex                           0x00000000   Number         0  stubs.o ABSOLUTE
    _printf_g                                0x00000000   Number         0  stubs.o ABSOLUTE
    _printf_i                                0x00000000   Number         0  stubs.o ABSOLUTE
    _printf_int_dec                          0x00000000   Number         0  stubs.o ABSOLUTE
    _printf_l                                0x00000000   Number         0  stubs.o ABSOLUTE
    _printf_lc                               0x00000000   Number         0  stubs.o ABSOLUTE
    _printf_ll                               0x00000000   Number         0  stubs.o ABSOLUTE
    _printf_lld                              0x00000000   Number         0  stubs.o ABSOLUTE
    _printf_lli                              0x00000000   Number         0  stubs.o ABSOLUTE
    _printf_llo                              0x00000000   Number         0  stubs.o ABSOLUTE
    _printf_llu                              0x00000000   Number         0  stubs.o ABSOLUTE
    _printf_llx                              0x00000000   Number         0  stubs.o ABSOLUTE
    _printf_longlong_dec                     0x00000000   Number         0  stubs.o ABSOLUTE
    _printf_longlong_hex                     0x00000000   Number         0  stubs.o ABSOLUTE
    _printf_longlong_oct                     0x00000000   Number         0  stubs.o ABSOLUTE
    _printf_ls                               0x00000000   Number         0  stubs.o ABSOLUTE
    _printf_mbtowc                           0x00000000   Number         0  stubs.o ABSOLUTE
    _printf_n                                0x00000000   Number         0  stubs.o ABSOLUTE
    _printf_o                                0x00000000   Number         0  stubs.o ABSOLUTE
    _printf_p                                0x00000000   Number         0  stubs.o ABSOLUTE
    _printf_percent                          0x00000000   Number         0  stubs.o ABSOLUTE
    _printf_pre_padding                      0x00000000   Number         0  stubs.o ABSOLUTE
    _printf_return_value                     0x00000000   Number         0  stubs.o ABSOLUTE
    _printf_s                                0x00000000   Number         0  stubs.o ABSOLUTE
    _printf_sizespec                         0x00000000   Number         0  stubs.o ABSOLUTE
    _printf_str                              0x00000000   Number         0  stubs.o ABSOLUTE
    _printf_truncate_signed                  0x00000000   Number         0  stubs.o ABSOLUTE
    _printf_truncate_unsigned                0x00000000   Number         0  stubs.o ABSOLUTE
    _printf_u                                0x00000000   Number         0  stubs.o ABSOLUTE
    _printf_wc                               0x00000000   Number         0  stubs.o ABSOLUTE
    _printf_wctomb                           0x00000000   Number         0  stubs.o ABSOLUTE
    _printf_widthprec                        0x00000000   Number         0  stubs.o ABSOLUTE
    _printf_x                                0x00000000   Number         0  stubs.o ABSOLUTE
    __cpp_initialize__aeabi_                  - Undefined Weak Reference
    __cxa_finalize                            - Undefined Weak Reference
    _clock_init                               - Undefined Weak Reference
    _microlib_exit                            - Undefined Weak Reference
    __Vectors_Size                           0x000000ec   Number         0  startup_stm32f103xb.o ABSOLUTE
    __Vectors                                0x08002000   Data           4  startup_stm32f103xb.o(RESET)
    __Vectors_End                            0x080020ec   Data           0  startup_stm32f103xb.o(RESET)
    __main                                   0x080020ed   Thumb Code     0  entry.o(.ARM.Collect$$$$00000000)
    _main_stk                                0x080020ed   Thumb Code     0  entry2.o(.ARM.Collect$$$$00000001)
    _main_scatterload                        0x080020f1   Thumb Code     0  entry5.o(.ARM.Collect$$$$00000004)
    __main_after_scatterload                 0x080020f5   Thumb Code     0  entry5.o(.ARM.Collect$$$$00000004)
    _main_clock                              0x080020f5   Thumb Code     0  entry7b.o(.ARM.Collect$$$$00000008)
    _main_cpp_init                           0x080020f5   Thumb Code     0  entry8b.o(.ARM.Collect$$$$0000000A)
    _main_init                               0x080020f5   Thumb Code     0  entry9a.o(.ARM.Collect$$$$0000000B)
    __rt_final_cpp                           0x080020fd   Thumb Code     0  entry10a.o(.ARM.Collect$$$$0000000D)
    __rt_final_exit                          0x080020fd   Thumb Code     0  entry11a.o(.ARM.Collect$$$$0000000F)
    SVC_Handler                              0x08002101   Thumb Code    32  port.o(.emb_text)
    __asm___6_port_c_39a90d8d__prvStartFirstTask 0x08002125   Thumb Code    28  port.o(.emb_text)
    PendSV_Handler                           0x08002145   Thumb Code    72  port.o(.emb_text)
    vPortGetIPSR                             0x08002191   Thumb Code     6  port.o(.emb_text)
    Reset_Handler                            0x08002199   Thumb Code     8  startup_stm32f103xb.o(.text)
    ADC1_2_IRQHandler                        0x080021b3   Thumb Code     0  startup_stm32f103xb.o(.text)
    CAN1_RX1_IRQHandler                      0x080021b3   Thumb Code     0  startup_stm32f103xb.o(.text)
    CAN1_SCE_IRQHandler                      0x080021b3   Thumb Code     0  startup_stm32f103xb.o(.text)
    DMA1_Channel1_IRQHandler                 0x080021b3   Thumb Code     0  startup_stm32f103xb.o(.text)
    DMA1_Channel4_IRQHandler                 0x080021b3   Thumb Code     0  startup_stm32f103xb.o(.text)
    DMA1_Channel6_IRQHandler                 0x080021b3   Thumb Code     0  startup_stm32f103xb.o(.text)
    DMA1_Channel7_IRQHandler                 0x080021b3   Thumb Code     0  startup_stm32f103xb.o(.text)
    EXTI0_IRQHandler                         0x080021b3   Thumb Code     0  startup_stm32f103xb.o(.text)
    EXTI15_10_IRQHandler                     0x080021b3   Thumb Code     0  startup_stm32f103xb.o(.text)
    EXTI1_IRQHandler                         0x080021b3   Thumb Code     0  startup_stm32f103xb.o(.text)
    EXTI2_IRQHandler                         0x080021b3   Thumb Code     0  startup_stm32f103xb.o(.text)
    EXTI3_IRQHandler                         0x080021b3   Thumb Code     0  startup_stm32f103xb.o(.text)
    EXTI4_IRQHandler                         0x080021b3   Thumb Code     0  startup_stm32f103xb.o(.text)
    EXTI9_5_IRQHandler                       0x080021b3   Thumb Code     0  startup_stm32f103xb.o(.text)
    FLASH_IRQHandler                         0x080021b3   Thumb Code     0  startup_stm32f103xb.o(.text)
    I2C1_ER_IRQHandler                       0x080021b3   Thumb Code     0  startup_stm32f103xb.o(.text)
    I2C1_EV_IRQHandler                       0x080021b3   Thumb Code     0  startup_stm32f103xb.o(.text)
    I2C2_ER_IRQHandler                       0x080021b3   Thumb Code     0  startup_stm32f103xb.o(.text)
    I2C2_EV_IRQHandler                       0x080021b3   Thumb Code     0  startup_stm32f103xb.o(.text)
    PVD_IRQHandler                           0x080021b3   Thumb Code     0  startup_stm32f103xb.o(.text)
    RCC_IRQHandler                           0x080021b3   Thumb Code     0  startup_stm32f103xb.o(.text)
    RTC_Alarm_IRQHandler                     0x080021b3   Thumb Code     0  startup_stm32f103xb.o(.text)
    RTC_IRQHandler                           0x080021b3   Thumb Code     0  startup_stm32f103xb.o(.text)
    SPI1_IRQHandler                          0x080021b3   Thumb Code     0  startup_stm32f103xb.o(.text)
    SPI2_IRQHandler                          0x080021b3   Thumb Code     0  startup_stm32f103xb.o(.text)
    TAMPER_IRQHandler                        0x080021b3   Thumb Code     0  startup_stm32f103xb.o(.text)
    TIM1_BRK_IRQHandler                      0x080021b3   Thumb Code     0  startup_stm32f103xb.o(.text)
    TIM1_CC_IRQHandler                       0x080021b3   Thumb Code     0  startup_stm32f103xb.o(.text)
    TIM1_TRG_COM_IRQHandler                  0x080021b3   Thumb Code     0  startup_stm32f103xb.o(.text)
    TIM1_UP_IRQHandler                       0x080021b3   Thumb Code     0  startup_stm32f103xb.o(.text)
    TIM3_IRQHandler                          0x080021b3   Thumb Code     0  startup_stm32f103xb.o(.text)
    TIM4_IRQHandler                          0x080021b3   Thumb Code     0  startup_stm32f103xb.o(.text)
    USART1_IRQHandler                        0x080021b3   Thumb Code     0  startup_stm32f103xb.o(.text)
    USART2_IRQHandler                        0x080021b3   Thumb Code     0  startup_stm32f103xb.o(.text)
    USBWakeUp_IRQHandler                     0x080021b3   Thumb Code     0  startup_stm32f103xb.o(.text)
    USB_HP_CAN1_TX_IRQHandler                0x080021b3   Thumb Code     0  startup_stm32f103xb.o(.text)
    USB_LP_CAN1_RX0_IRQHandler               0x080021b3   Thumb Code     0  startup_stm32f103xb.o(.text)
    WWDG_IRQHandler                          0x080021b3   Thumb Code     0  startup_stm32f103xb.o(.text)
    __aeabi_llsr                             0x080021bd   Thumb Code    32  llushr.o(.text)
    _ll_ushift_r                             0x080021bd   Thumb Code     0  llushr.o(.text)
    rand                                     0x080021dd   Thumb Code    20  rand.o(.text)
    srand                                    0x080021f1   Thumb Code     6  rand.o(.text)
    __aeabi_memcpy                           0x08002201   Thumb Code    36  memcpya.o(.text)
    __aeabi_memcpy4                          0x08002201   Thumb Code     0  memcpya.o(.text)
    __aeabi_memcpy8                          0x08002201   Thumb Code     0  memcpya.o(.text)
    __aeabi_memset                           0x08002225   Thumb Code    14  memseta.o(.text)
    __aeabi_memset4                          0x08002225   Thumb Code     0  memseta.o(.text)
    __aeabi_memset8                          0x08002225   Thumb Code     0  memseta.o(.text)
    __aeabi_memclr                           0x08002233   Thumb Code     4  memseta.o(.text)
    __aeabi_memclr4                          0x08002233   Thumb Code     0  memseta.o(.text)
    __aeabi_memclr8                          0x08002233   Thumb Code     0  memseta.o(.text)
    _memset$wrapper                          0x08002237   Thumb Code    18  memseta.o(.text)
    strstr                                   0x08002249   Thumb Code    36  strstr.o(.text)
    strlen                                   0x0800226d   Thumb Code    14  strlen.o(.text)
    strcmp                                   0x0800227b   Thumb Code    28  strcmp.o(.text)
    __aeabi_fmul                             0x08002297   Thumb Code   100  fmul.o(.text)
    __aeabi_dadd                             0x080022fb   Thumb Code   322  dadd.o(.text)
    __aeabi_dsub                             0x0800243d   Thumb Code     6  dadd.o(.text)
    __aeabi_drsub                            0x08002443   Thumb Code     6  dadd.o(.text)
    __aeabi_dmul                             0x08002449   Thumb Code   228  dmul.o(.text)
    __aeabi_ddiv                             0x0800252d   Thumb Code   222  ddiv.o(.text)
    __ARM_scalbn                             0x0800260b   Thumb Code    46  dscalb.o(.text)
    scalbn                                   0x0800260b   Thumb Code     0  dscalb.o(.text)
    __aeabi_ui2f                             0x08002639   Thumb Code    10  ffltui.o(.text)
    __aeabi_ui2d                             0x08002643   Thumb Code    26  dfltui.o(.text)
    __aeabi_d2uiz                            0x0800265d   Thumb Code    50  dfixui.o(.text)
    __aeabi_f2d                              0x0800268f   Thumb Code    38  f2d.o(.text)
    __aeabi_cdcmpeq                          0x080026b5   Thumb Code     0  cdcmple.o(.text)
    __aeabi_cdcmple                          0x080026b5   Thumb Code    48  cdcmple.o(.text)
    __aeabi_cdrcmple                         0x080026e5   Thumb Code    48  cdrcmple.o(.text)
    __aeabi_d2f                              0x08002715   Thumb Code    56  d2f.o(.text)
    __aeabi_uldivmod                         0x0800274d   Thumb Code    98  uldiv.o(.text)
    __aeabi_llsl                             0x080027af   Thumb Code    30  llshl.o(.text)
    _ll_shift_l                              0x080027af   Thumb Code     0  llshl.o(.text)
    __aeabi_lasr                             0x080027cd   Thumb Code    36  llsshr.o(.text)
    _ll_sshift_r                             0x080027cd   Thumb Code     0  llsshr.o(.text)
    __I$use$fp                               0x080027f1   Thumb Code     0  iusefp.o(.text)
    _float_round                             0x080027f1   Thumb Code    18  fepilogue.o(.text)
    _float_epilogue                          0x08002803   Thumb Code    92  fepilogue.o(.text)
    _double_round                            0x0800285f   Thumb Code    30  depilogue.o(.text)
    _double_epilogue                         0x0800287d   Thumb Code   156  depilogue.o(.text)
    __scatterload                            0x08002919   Thumb Code    28  init.o(.text)
    __scatterload_rt2                        0x08002919   Thumb Code     0  init.o(.text)
    __aeabi_i2d                              0x0800293d   Thumb Code    34  dflti.o(.text)
    __aeabi_d2iz                             0x0800295f   Thumb Code    62  dfixi.o(.text)
    __decompress                             0x0800299d   Thumb Code     0  __dczerorl2.o(.text)
    __decompress1                            0x0800299d   Thumb Code    86  __dczerorl2.o(.text)
    BusFault_Handler                         0x080029f3   Thumb Code     2  stm32f1xx_it.o(i.BusFault_Handler)
    Calc_CRC16                               0x080029f5   Thumb Code    40  crc.o(i.Calc_CRC16)
    DMA1_Channel2_IRQHandler                 0x08002a21   Thumb Code     6  stm32f1xx_it.o(i.DMA1_Channel2_IRQHandler)
    DMA1_Channel3_IRQHandler                 0x08002a2d   Thumb Code     6  stm32f1xx_it.o(i.DMA1_Channel3_IRQHandler)
    DMA1_Channel5_IRQHandler                 0x08002a39   Thumb Code   126  bsp_ws2812.o(i.DMA1_Channel5_IRQHandler)
    DMA_Callback_init                        0x08002ac9   Thumb Code    14  bsp_ws2812.o(i.DMA_Callback_init)
    DMA_CpltCallback                         0x08002ad7   Thumb Code     2  bsp_ws2812.o(i.DMA_CpltCallback)
    DMA_HalfCpltCallback                     0x08002ad9   Thumb Code     2  bsp_ws2812.o(i.DMA_HalfCpltCallback)
    DMA_RegisterCpltCallback                 0x08002add   Thumb Code    10  bsp_ws2812.o(i.DMA_RegisterCpltCallback)
    DMA_RegisterHalfCallback                 0x08002af1   Thumb Code    10  bsp_ws2812.o(i.DMA_RegisterHalfCallback)
    DMA_START                                0x08002b05   Thumb Code    28  bsp_usart.o(i.DMA_START)
    DMA_USART_IDLE_INIT                      0x08002b4d   Thumb Code     8  bsp_usart.o(i.DMA_USART_IDLE_INIT)
    DMA_WS2812_60_shade_buf                  0x08002b5d   Thumb Code  4610  ws2812_app.o(i.DMA_WS2812_60_shade_buf)
    DMA_WS2812_Mie                           0x08003d61   Thumb Code    88  bsp_ws2812.o(i.DMA_WS2812_Mie)
    DMA_WS2812_Ramp                          0x08003dc5   Thumb Code    74  ws2812_app.o(i.DMA_WS2812_Ramp)
    DMA_WS2812_Rampping                      0x08003e11   Thumb Code    82  ws2812_app.o(i.DMA_WS2812_Rampping)
    DMA_WS2812_Reset                         0x08003e69   Thumb Code    58  bsp_ws2812.o(i.DMA_WS2812_Reset)
    DMA_WS2812_Run                           0x08003eb5   Thumb Code   166  ws2812_app.o(i.DMA_WS2812_Run)
    DMA_WS2812_Running                       0x08003f61   Thumb Code   136  ws2812_app.o(i.DMA_WS2812_Running)
    DMA_WS2812_Running_more                  0x08003fe9   Thumb Code   138  ws2812_app.o(i.DMA_WS2812_Running_more)
    DMA_WS2812_SIN                           0x08004075   Thumb Code   142  bsp_ws2812.o(i.DMA_WS2812_SIN)
    DMA_WS2812_SIN_More                      0x0800411d   Thumb Code   178  bsp_ws2812.o(i.DMA_WS2812_SIN_More)
    DMA_WS2812_circulation                   0x080041e9   Thumb Code    86  ws2812_app.o(i.DMA_WS2812_circulation)
    DMA_WS2812_circulation_buf               0x08004245   Thumb Code   162  ws2812_app.o(i.DMA_WS2812_circulation_buf)
    DMA_WS2812_circulation_buf_more          0x080042ed   Thumb Code   950  ws2812_app.o(i.DMA_WS2812_circulation_buf_more)
    DMA_WS2812_circulation_more              0x080046a9   Thumb Code   158  ws2812_app.o(i.DMA_WS2812_circulation_more)
    DMA_WS2812_data_flash                    0x0800474d   Thumb Code    10  ws2812_app.o(i.DMA_WS2812_data_flash)
    DMA_WS2812_data_flash_1                  0x08004757   Thumb Code    10  ws2812_app.o(i.DMA_WS2812_data_flash_1)
    DMA_WS2812_data_refresh                  0x08004761   Thumb Code     4  ws2812_app.o(i.DMA_WS2812_data_refresh)
    DMA_WS2812_data_shift                    0x08004765   Thumb Code   122  bsp_ws2812.o(i.DMA_WS2812_data_shift)
    DMA_WS2812_data_shift_light              0x080047e5   Thumb Code    88  bsp_ws2812.o(i.DMA_WS2812_data_shift_light)
    DMA_WS2812_data_shift_more               0x08004841   Thumb Code   146  bsp_ws2812.o(i.DMA_WS2812_data_shift_more)
    DMA_WS2812_light                         0x080048d9   Thumb Code    72  bsp_ws2812.o(i.DMA_WS2812_light)
    DMA_WS2812_shade_60_buf                  0x08004931   Thumb Code    28  ws2812_app.o(i.DMA_WS2812_shade_60_buf)
    DMA_WS2812_shade_60_run                  0x0800494d   Thumb Code   142  ws2812_app.o(i.DMA_WS2812_shade_60_run)
    DMA_WS2812_shade_light                   0x080049e1   Thumb Code    44  ws2812_app.o(i.DMA_WS2812_shade_light)
    DMA_WS2812_shade_logo                    0x08004a0d   Thumb Code  1130  ws2812_app.o(i.DMA_WS2812_shade_logo)
    DMA_WS2812_shade_logo_all                0x08004e77   Thumb Code    24  ws2812_app.o(i.DMA_WS2812_shade_logo_all)
    DMA_WS2812_shade_logo_one                0x08004e91   Thumb Code  1144  ws2812_app.o(i.DMA_WS2812_shade_logo_one)
    DebugMon_Handler                         0x08005309   Thumb Code     2  stm32f1xx_it.o(i.DebugMon_Handler)
    FLASH_PageErase                          0x08005331   Thumb Code    28  stm32f1xx_hal_flash_ex.o(i.FLASH_PageErase)
    FLASH_WaitForLastOperation               0x080053cd   Thumb Code    80  stm32f1xx_hal_flash.o(i.FLASH_WaitForLastOperation)
    GRBTOPWM                                 0x08005421   Thumb Code   148  bsp_ws2812.o(i.GRBTOPWM)
    HAL_DMA_Abort                            0x080054bd   Thumb Code    48  stm32f1xx_hal_dma.o(i.HAL_DMA_Abort)
    HAL_DMA_Abort_IT                         0x080054ed   Thumb Code   148  stm32f1xx_hal_dma.o(i.HAL_DMA_Abort_IT)
    HAL_DMA_IRQHandler                       0x08005585   Thumb Code   316  stm32f1xx_hal_dma.o(i.HAL_DMA_IRQHandler)
    HAL_DMA_Init                             0x080056d9   Thumb Code    92  stm32f1xx_hal_dma.o(i.HAL_DMA_Init)
    HAL_DMA_RegisterCallback                 0x0800573d   Thumb Code    74  stm32f1xx_hal_dma.o(i.HAL_DMA_RegisterCallback)
    HAL_DMA_Start_IT                         0x08005787   Thumb Code   112  stm32f1xx_hal_dma.o(i.HAL_DMA_Start_IT)
    HAL_Delay                                0x080057f9   Thumb Code    32  stm32f1xx_hal.o(i.HAL_Delay)
    HAL_FLASHEx_Erase                        0x0800581d   Thumb Code   160  stm32f1xx_hal_flash_ex.o(i.HAL_FLASHEx_Erase)
    HAL_FLASH_Lock                           0x080058c5   Thumb Code    14  stm32f1xx_hal_flash.o(i.HAL_FLASH_Lock)
    HAL_FLASH_Program                        0x080058d9   Thumb Code   120  stm32f1xx_hal_flash.o(i.HAL_FLASH_Program)
    HAL_FLASH_Unlock                         0x08005959   Thumb Code    28  stm32f1xx_hal_flash.o(i.HAL_FLASH_Unlock)
    HAL_GPIO_Init                            0x08005981   Thumb Code   408  stm32f1xx_hal_gpio.o(i.HAL_GPIO_Init)
    HAL_GPIO_WritePin                        0x08005b3d   Thumb Code    10  stm32f1xx_hal_gpio.o(i.HAL_GPIO_WritePin)
    HAL_GetTick                              0x08005b49   Thumb Code     6  stm32f1xx_hal.o(i.HAL_GetTick)
    HAL_IncTick                              0x08005b55   Thumb Code    12  stm32f1xx_hal.o(i.HAL_IncTick)
    HAL_Init                                 0x08005b65   Thumb Code    32  stm32f1xx_hal.o(i.HAL_Init)
    HAL_InitTick                             0x08005b89   Thumb Code    54  stm32f1xx_hal.o(i.HAL_InitTick)
    HAL_MspInit                              0x08005bc9   Thumb Code   118  stm32f1xx_hal_msp.o(i.HAL_MspInit)
    HAL_NVIC_EnableIRQ                       0x08005c49   Thumb Code    22  stm32f1xx_hal_cortex.o(i.HAL_NVIC_EnableIRQ)
    HAL_NVIC_SetPriority                     0x08005c61   Thumb Code    60  stm32f1xx_hal_cortex.o(i.HAL_NVIC_SetPriority)
    HAL_NVIC_SetPriorityGrouping             0x08005ca1   Thumb Code    26  stm32f1xx_hal_cortex.o(i.HAL_NVIC_SetPriorityGrouping)
    HAL_PWR_EnableBkUpAccess                 0x08005cc5   Thumb Code     8  stm32f1xx_hal_pwr.o(i.HAL_PWR_EnableBkUpAccess)
    HAL_RCCEx_GetPeriphCLKFreq               0x08005cd1   Thumb Code   166  stm32f1xx_hal_rcc_ex.o(i.HAL_RCCEx_GetPeriphCLKFreq)
    HAL_RCCEx_PeriphCLKConfig                0x08005d99   Thumb Code   224  stm32f1xx_hal_rcc_ex.o(i.HAL_RCCEx_PeriphCLKConfig)
    HAL_RCC_ClockConfig                      0x08005e85   Thumb Code   322  stm32f1xx_hal_rcc.o(i.HAL_RCC_ClockConfig)
    HAL_RCC_GetHCLKFreq                      0x08005fd9   Thumb Code     6  stm32f1xx_hal_rcc.o(i.HAL_RCC_GetHCLKFreq)
    HAL_RCC_GetPCLK1Freq                     0x08005fe5   Thumb Code    20  stm32f1xx_hal_rcc.o(i.HAL_RCC_GetPCLK1Freq)
    HAL_RCC_GetPCLK2Freq                     0x08006005   Thumb Code    20  stm32f1xx_hal_rcc.o(i.HAL_RCC_GetPCLK2Freq)
    HAL_RCC_GetSysClockFreq                  0x08006025   Thumb Code    74  stm32f1xx_hal_rcc.o(i.HAL_RCC_GetSysClockFreq)
    HAL_RCC_OscConfig                        0x08006091   Thumb Code   750  stm32f1xx_hal_rcc.o(i.HAL_RCC_OscConfig)
    HAL_RTCEx_BKUPRead                       0x08006395   Thumb Code    10  stm32f1xx_hal_rtc_ex.o(i.HAL_RTCEx_BKUPRead)
    HAL_RTCEx_BKUPWrite                      0x080063a5   Thumb Code    12  stm32f1xx_hal_rtc_ex.o(i.HAL_RTCEx_BKUPWrite)
    HAL_RTC_Init                             0x080063b5   Thumb Code   154  stm32f1xx_hal_rtc.o(i.HAL_RTC_Init)
    HAL_RTC_MspInit                          0x08006455   Thumb Code    40  stm32f1xx_hal_msp.o(i.HAL_RTC_MspInit)
    HAL_RTC_SetDate                          0x08006489   Thumb Code   192  stm32f1xx_hal_rtc.o(i.HAL_RTC_SetDate)
    HAL_RTC_SetTime                          0x0800654d   Thumb Code   168  stm32f1xx_hal_rtc.o(i.HAL_RTC_SetTime)
    HAL_RTC_WaitForSynchro                   0x080065f9   Thumb Code    58  stm32f1xx_hal_rtc.o(i.HAL_RTC_WaitForSynchro)
    HAL_SYSTICK_CLKSourceConfig              0x08006633   Thumb Code    24  stm32f1xx_hal_cortex.o(i.HAL_SYSTICK_CLKSourceConfig)
    HAL_SYSTICK_Config                       0x0800664b   Thumb Code    40  stm32f1xx_hal_cortex.o(i.HAL_SYSTICK_Config)
    HAL_TIMEx_BreakCallback                  0x08006673   Thumb Code     2  stm32f1xx_hal_tim_ex.o(i.HAL_TIMEx_BreakCallback)
    HAL_TIMEx_CommutationCallback            0x08006675   Thumb Code     2  stm32f1xx_hal_tim_ex.o(i.HAL_TIMEx_CommutationCallback)
    HAL_TIMEx_MasterConfigSynchronization    0x08006677   Thumb Code    80  stm32f1xx_hal_tim_ex.o(i.HAL_TIMEx_MasterConfigSynchronization)
    HAL_TIM_Base_Init                        0x080066c7   Thumb Code    54  stm32f1xx_hal_tim.o(i.HAL_TIM_Base_Init)
    HAL_TIM_Base_MspInit                     0x080066fd   Thumb Code   102  stm32f1xx_hal_msp.o(i.HAL_TIM_Base_MspInit)
    HAL_TIM_ConfigClockSource                0x0800678d   Thumb Code   242  stm32f1xx_hal_tim.o(i.HAL_TIM_ConfigClockSource)
    HAL_TIM_ErrorCallback                    0x0800687f   Thumb Code     2  stm32f1xx_hal_tim.o(i.HAL_TIM_ErrorCallback)
    HAL_TIM_IC_CaptureCallback               0x08006881   Thumb Code     2  stm32f1xx_hal_tim.o(i.HAL_TIM_IC_CaptureCallback)
    HAL_TIM_IRQHandler                       0x08006883   Thumb Code   358  stm32f1xx_hal_tim.o(i.HAL_TIM_IRQHandler)
    HAL_TIM_MspPostInit                      0x080069e9   Thumb Code    30  stm32f1xx_hal_msp.o(i.HAL_TIM_MspPostInit)
    HAL_TIM_OC_DelayElapsedCallback          0x08006a0d   Thumb Code     2  stm32f1xx_hal_tim.o(i.HAL_TIM_OC_DelayElapsedCallback)
    HAL_TIM_PWM_ConfigChannel                0x08006a0f   Thumb Code   208  stm32f1xx_hal_tim.o(i.HAL_TIM_PWM_ConfigChannel)
    HAL_TIM_PWM_Init                         0x08006adf   Thumb Code    54  stm32f1xx_hal_tim.o(i.HAL_TIM_PWM_Init)
    HAL_TIM_PWM_MspInit                      0x08006b15   Thumb Code     2  stm32f1xx_hal_tim.o(i.HAL_TIM_PWM_MspInit)
    HAL_TIM_PWM_PulseFinishedCallback        0x08006b17   Thumb Code     2  bsp_tim.o(i.HAL_TIM_PWM_PulseFinishedCallback)
    HAL_TIM_PWM_Start_DMA                    0x08006b19   Thumb Code   216  stm32f1xx_hal_tim.o(i.HAL_TIM_PWM_Start_DMA)
    HAL_TIM_PWM_Stop_DMA                     0x08006bfd   Thumb Code   128  stm32f1xx_hal_tim.o(i.HAL_TIM_PWM_Stop_DMA)
    HAL_TIM_PeriodElapsedCallback            0x08006c81   Thumb Code     2  bsp_tim.o(i.HAL_TIM_PeriodElapsedCallback)
    HAL_TIM_TriggerCallback                  0x08006c83   Thumb Code     2  stm32f1xx_hal_tim.o(i.HAL_TIM_TriggerCallback)
    HAL_UART_DMAStop                         0x08006c85   Thumb Code    88  stm32f1xx_hal_uart.o(i.HAL_UART_DMAStop)
    HAL_UART_ErrorCallback                   0x08006cdd   Thumb Code     2  stm32f1xx_hal_uart.o(i.HAL_UART_ErrorCallback)
    HAL_UART_IRQHandler                      0x08006ce1   Thumb Code   266  stm32f1xx_hal_uart.o(i.HAL_UART_IRQHandler)
    HAL_UART_Init                            0x08006df1   Thumb Code    98  stm32f1xx_hal_uart.o(i.HAL_UART_Init)
    HAL_UART_MspInit                         0x08006e55   Thumb Code   286  stm32f1xx_hal_msp.o(i.HAL_UART_MspInit)
    HAL_UART_Receive_DMA                     0x08006fb5   Thumb Code   138  stm32f1xx_hal_uart.o(i.HAL_UART_Receive_DMA)
    HAL_UART_RxCpltCallback                  0x0800704d   Thumb Code     2  bsp_usart.o(i.HAL_UART_RxCpltCallback)
    HAL_UART_RxHalfCpltCallback              0x0800704f   Thumb Code     2  stm32f1xx_hal_uart.o(i.HAL_UART_RxHalfCpltCallback)
    HAL_UART_Transmit                        0x08007051   Thumb Code   186  stm32f1xx_hal_uart.o(i.HAL_UART_Transmit)
    HAL_UART_Transmit_DMA                    0x0800710d   Thumb Code   114  stm32f1xx_hal_uart.o(i.HAL_UART_Transmit_DMA)
    HAL_UART_TxCpltCallback                  0x0800718d   Thumb Code     2  stm32f1xx_hal_uart.o(i.HAL_UART_TxCpltCallback)
    HAL_UART_TxHalfCpltCallback              0x0800718f   Thumb Code     2  stm32f1xx_hal_uart.o(i.HAL_UART_TxHalfCpltCallback)
    HLS2RGBvalue                             0x08007191   Thumb Code   216  bsp_ws2812.o(i.HLS2RGBvalue)
    HLS_TO_RGB_ONE                           0x08007279   Thumb Code   420  bsp_ws2812.o(i.HLS_TO_RGB_ONE)
    HardFault_Handler                        0x08007431   Thumb Code     2  stm32f1xx_it.o(i.HardFault_Handler)
    MX_DMA_Init                              0x08007435   Thumb Code    72  bsp_dma.o(i.MX_DMA_Init)
    MX_GPIO_Init                             0x08007481   Thumb Code   134  bsp_gpio.o(i.MX_GPIO_Init)
    MX_RTC_Init                              0x08007515   Thumb Code   144  bsp_rtc.o(i.MX_RTC_Init)
    MX_TIM2_Init                             0x080075c1   Thumb Code   142  bsp_tim.o(i.MX_TIM2_Init)
    MX_USART1_UART_Init                      0x08007669   Thumb Code    52  bsp_usart.o(i.MX_USART1_UART_Init)
    MX_USART2_UART_Init                      0x080076b9   Thumb Code    52  bsp_usart.o(i.MX_USART2_UART_Init)
    MX_USART3_UART_Init                      0x08007709   Thumb Code    52  bsp_usart.o(i.MX_USART3_UART_Init)
    MemManage_Handler                        0x08007759   Thumb Code     2  stm32f1xx_it.o(i.MemManage_Handler)
    NMI_Handler                              0x0800775b   Thumb Code     2  stm32f1xx_it.o(i.NMI_Handler)
    SET_PWM_DMA_DODE                         0x080078d1   Thumb Code    78  bsp_ws2812.o(i.SET_PWM_DMA_DODE)
    STMFLASH_Read                            0x08007945   Thumb Code    26  stm_flash.o(i.STMFLASH_Read)
    STMFLASH_Write                           0x08007961   Thumb Code   202  stm_flash.o(i.STMFLASH_Write)
    STMFLASH_Write_NoCheck                   0x08007a35   Thumb Code    44  stm_flash.o(i.STMFLASH_Write_NoCheck)
    SoftReset                                0x08007a61   Thumb Code    32  bsp_upgrade.o(i.SoftReset)
    StartDefaultTask                         0x08007a89   Thumb Code    58  main.o(i.StartDefaultTask)
    SysTick_Handler                          0x08007ad1   Thumb Code    14  stm32f1xx_it.o(i.SysTick_Handler)
    SystemClock_Config                       0x08007adf   Thumb Code   128  main.o(i.SystemClock_Config)
    SystemInit                               0x08007b61   Thumb Code    56  system_stm32f1xx.o(i.SystemInit)
    SystemTask                               0x08007ba9   Thumb Code    24  main.o(i.SystemTask)
    TIM2_IRQHandler                          0x08007bc5   Thumb Code     6  stm32f1xx_it.o(i.TIM2_IRQHandler)
    TIM_Base_SetConfig                       0x08007bd1   Thumb Code    94  stm32f1xx_hal_tim.o(i.TIM_Base_SetConfig)
    TIM_CCxChannelCmd                        0x08007c3d   Thumb Code    22  stm32f1xx_hal_tim.o(i.TIM_CCxChannelCmd)
    TIM_DMADelayPulseCplt                    0x08007c53   Thumb Code    62  stm32f1xx_hal_tim.o(i.TIM_DMADelayPulseCplt)
    TIM_DMAError                             0x08007c91   Thumb Code    16  stm32f1xx_hal_tim.o(i.TIM_DMAError)
    TIM_OC2_SetConfig                        0x08007d15   Thumb Code    84  stm32f1xx_hal_tim.o(i.TIM_OC2_SetConfig)
    USART3_IRQHandler                        0x08008225   Thumb Code    20  bsp_usart.o(i.USART3_IRQHandler)
    UsageFault_Handler                       0x08008241   Thumb Code     2  stm32f1xx_it.o(i.UsageFault_Handler)
    UsartReceive_IDLE                        0x08008243   Thumb Code    62  bsp_usart.o(i.UsartReceive_IDLE)
    Usart_Logo_data                          0x08008281   Thumb Code  5920  bsp_update.o(i.Usart_Logo_data)
    Ws2812task                               0x080099a1   Thumb Code   276  main.o(i.Ws2812task)
    _Error_Handler                           0x08009add   Thumb Code     2  main.o(i._Error_Handler)
    __0printf$8                              0x08009ae1   Thumb Code    22  printf8.o(i.__0printf$8)
    __1printf$8                              0x08009ae1   Thumb Code     0  printf8.o(i.__0printf$8)
    __2printf                                0x08009ae1   Thumb Code     0  printf8.o(i.__0printf$8)
    __ARM_fpclassify                         0x08009b01   Thumb Code    40  fpclassify.o(i.__ARM_fpclassify)
    __ieee754_rem_pio2                       0x08009b29   Thumb Code   828  rred.o(i.__ieee754_rem_pio2)
    __kernel_cos                             0x08009eb1   Thumb Code   230  cos_i.o(i.__kernel_cos)
    __kernel_poly                            0x08009fad   Thumb Code   170  poly.o(i.__kernel_poly)
    __kernel_sin                             0x0800a059   Thumb Code   224  sin_i.o(i.__kernel_sin)
    __mathlib_dbl_infnan                     0x0800a145   Thumb Code     6  dunder.o(i.__mathlib_dbl_infnan)
    __mathlib_dbl_invalid                    0x0800a14b   Thumb Code    12  dunder.o(i.__mathlib_dbl_invalid)
    __mathlib_dbl_underflow                  0x0800a159   Thumb Code    10  dunder.o(i.__mathlib_dbl_underflow)
    __scatterload_copy                       0x0800a169   Thumb Code    14  handlers.o(i.__scatterload_copy)
    __scatterload_null                       0x0800a177   Thumb Code     2  handlers.o(i.__scatterload_null)
    __scatterload_zeroinit                   0x0800a179   Thumb Code    14  handlers.o(i.__scatterload_zeroinit)
    __set_errno                              0x0800a189   Thumb Code     6  errno.o(i.__set_errno)
    arrange_display                          0x0800a5f9   Thumb Code   222  ws2812_app.o(i.arrange_display)
    arrange_display_two                      0x0800a6e9   Thumb Code   330  ws2812_app.o(i.arrange_display_two)
    atk_8266_check_cmd                       0x0800a845   Thumb Code    32  esp8266.o(i.atk_8266_check_cmd)
    atk_8266_send_cmd                        0x0800a869   Thumb Code   100  esp8266.o(i.atk_8266_send_cmd)
    flash_data_to_color_data                 0x0800a8e5   Thumb Code   754  bsp_update.o(i.flash_data_to_color_data)
    fputc                                    0x0800ac31   Thumb Code    20  bsp_usart.o(i.fputc)
    main                                     0x0800ac49   Thumb Code   140  main.o(i.main)
    osDelay                                  0x0800acf1   Thumb Code    14  cmsis_os.o(i.osDelay)
    osKernelStart                            0x0800acff   Thumb Code    10  cmsis_os.o(i.osKernelStart)
    osSystickHandler                         0x0800ad09   Thumb Code    20  cmsis_os.o(i.osSystickHandler)
    osThreadCreate                           0x0800ad1d   Thumb Code    46  cmsis_os.o(i.osThreadCreate)
    pvPortMalloc                             0x0800b0bd   Thumb Code   210  heap_4.o(i.pvPortMalloc)
    pxPortInitialiseStack                    0x0800b195   Thumb Code    32  port.o(i.pxPortInitialiseStack)
    rand_buff_data                           0x0800b1b9   Thumb Code   152  bsp_ws2812.o(i.rand_buff_data)
    read_mode_start                          0x0800b261   Thumb Code    10  bsp_update.o(i.read_mode_start)
    reset_led_light                          0x0800b275   Thumb Code    38  bsp_ws2812.o(i.reset_led_light)
    set_time_data                            0x0800b2a1   Thumb Code    46  bsp_rtc.o(i.set_time_data)
    shift_buf_to_data_one                    0x0800b2d9   Thumb Code   108  bsp_ws2812.o(i.shift_buf_to_data_one)
    shift_buf_to_data_two                    0x0800b349   Thumb Code   108  bsp_ws2812.o(i.shift_buf_to_data_two)
    sin                                      0x0800b3b9   Thumb Code   150  sin.o(i.sin)
    system_mode_led                          0x0800b459   Thumb Code    74  bsp_led.o(i.system_mode_led)
    uxListRemove                             0x0800b4a9   Thumb Code    36  list.o(i.uxListRemove)
    vListInitialise                          0x0800b4cd   Thumb Code    22  list.o(i.vListInitialise)
    vListInitialiseItem                      0x0800b4e3   Thumb Code     6  list.o(i.vListInitialiseItem)
    vListInsert                              0x0800b4e9   Thumb Code    48  list.o(i.vListInsert)
    vListInsertEnd                           0x0800b519   Thumb Code    24  list.o(i.vListInsertEnd)
    vPortEnterCritical                       0x0800b531   Thumb Code    54  port.o(i.vPortEnterCritical)
    vPortExitCritical                        0x0800b571   Thumb Code    34  port.o(i.vPortExitCritical)
    vPortFree                                0x0800b599   Thumb Code    88  heap_4.o(i.vPortFree)
    vPortSetupTimerInterrupt                 0x0800b5f5   Thumb Code    26  port.o(i.vPortSetupTimerInterrupt)
    vTaskDelay                               0x0800b615   Thumb Code    66  tasks.o(i.vTaskDelay)
    vTaskResume                              0x0800b661   Thumb Code   112  tasks.o(i.vTaskResume)
    vTaskStartScheduler                      0x0800b6dd   Thumb Code    86  tasks.o(i.vTaskStartScheduler)
    vTaskSuspend                             0x0800b745   Thumb Code   162  tasks.o(i.vTaskSuspend)
    vTaskSuspendAll                          0x0800b7f5   Thumb Code    10  tasks.o(i.vTaskSuspendAll)
    vTaskSwitchContext                       0x0800b805   Thumb Code    82  tasks.o(i.vTaskSwitchContext)
    wifi_state_led                           0x0800b861   Thumb Code    24  bsp_led.o(i.wifi_state_led)
    write_read_flash_jiaoyan                 0x0800b87d   Thumb Code    48  stm_flash.o(i.write_read_flash_jiaoyan)
    ws28128_one_color_circulation_run        0x0800b8ad   Thumb Code    76  ws2812_app.o(i.ws28128_one_color_circulation_run)
    ws2812_rand_light                        0x0800b8fd   Thumb Code    80  ws2812_app.o(i.ws2812_rand_light)
    xPortStartScheduler                      0x0800b94d   Thumb Code   102  port.o(i.xPortStartScheduler)
    xPortSysTickHandler                      0x0800b9c1   Thumb Code    38  port.o(i.xPortSysTickHandler)
    xTaskCreate                              0x0800b9ed   Thumb Code    86  tasks.o(i.xTaskCreate)
    xTaskGetSchedulerState                   0x0800ba45   Thumb Code    22  tasks.o(i.xTaskGetSchedulerState)
    xTaskIncrementTick                       0x0800ba61   Thumb Code   192  tasks.o(i.xTaskIncrementTick)
    xTaskResumeAll                           0x0800bb29   Thumb Code   182  tasks.o(i.xTaskResumeAll)
    AHBPrescTable                            0x0800bc28   Data          16  system_stm32f1xx.o(.constdata)
    APBPrescTable                            0x0800bc38   Data           8  system_stm32f1xx.o(.constdata)
    Region$$Table$$Base                      0x0800bd80   Number         0  anon$$obj.o(Region$$Table)
    Region$$Table$$Limit                     0x0800bda0   Number         0  anon$$obj.o(Region$$Table)
    uwTickFreq                               0x20000000   Data           1  stm32f1xx_hal.o(.data)
    uwTickPrio                               0x20000004   Data           4  stm32f1xx_hal.o(.data)
    uwTick                                   0x20000008   Data           4  stm32f1xx_hal.o(.data)
    onecolor_buf_1                           0x2000000c   Data           3  main.o(.data)
    onecolor_buf_2                           0x2000000f   Data           3  main.o(.data)
    onecolor_buf_3                           0x20000012   Data           3  main.o(.data)
    onecolor_buf_4                           0x20000015   Data           3  main.o(.data)
    defaultTaskHandle                        0x20000018   Data           4  main.o(.data)
    systemHandle                             0x2000001c   Data           4  main.o(.data)
    myTask03Handle                           0x20000020   Data           4  main.o(.data)
    shade_60_buf_1                           0x20000024   Data           6  main.o(.data)
    shade_60_buf_2                           0x2000002a   Data           6  main.o(.data)
    shade_60_buf_3                           0x20000030   Data           6  main.o(.data)
    shade_60_buf_4                           0x20000036   Data           6  main.o(.data)
    SystemCoreClock                          0x2000003c   Data           4  system_stm32f1xx.o(.data)
    control_time                             0x20000040   Data           3  bsp_rtc.o(.data)
    control_date                             0x20000043   Data           4  bsp_rtc.o(.data)
    reset_flag                               0x20000048   Data           1  bsp_ws2812.o(.data)
    mie_flag                                 0x20000049   Data           1  bsp_ws2812.o(.data)
    light_flag                               0x2000004a   Data           1  bsp_ws2812.o(.data)
    mie_led_count                            0x2000004c   Data           2  bsp_ws2812.o(.data)
    mie_led_max                              0x2000004e   Data           2  bsp_ws2812.o(.data)
    light_led_max                            0x20000050   Data           2  bsp_ws2812.o(.data)
    light_led_count                          0x20000052   Data           2  bsp_ws2812.o(.data)
    ws28128_mie_buf                          0x20000054   Data          96  bsp_ws2812.o(.data)
    CRCTable16                               0x200000b4   Data         512  crc.o(.data)
    write_flash_1                            0x200002b4   Data           1  bsp_update.o(.data)
    write_flash_2                            0x200002b5   Data           1  bsp_update.o(.data)
    write_flash_3                            0x200002b6   Data           1  bsp_update.o(.data)
    write_flash_4                            0x200002b7   Data           1  bsp_update.o(.data)
    write_flash_5                            0x200002b8   Data           1  bsp_update.o(.data)
    system_mode                              0x200002b9   Data           5  bsp_update.o(.data)
    logo_upgrade                             0x200002be   Data           6  bsp_upgrade.o(.data)
    tx_comple_flag                           0x200002c4   Data           1  ws2812_app.o(.data)
    pxCurrentTCB                             0x200002ec   Data           4  tasks.o(.data)
    __stdout                                 0x2000032c   Data           4  stdout.o(.data)
    pFlash                                   0x20000338   Data          32  stm32f1xx_hal_flash.o(.bss)
    hrtc                                     0x20000358   Data          20  main.o(.bss)
    htim2                                    0x2000036c   Data          64  main.o(.bss)
    hdma_tim2_ch1                            0x200003ac   Data          68  main.o(.bss)
    huart1                                   0x200003f0   Data          64  main.o(.bss)
    huart2                                   0x20000430   Data          64  main.o(.bss)
    huart3                                   0x20000470   Data          64  main.o(.bss)
    hdma_usart3_rx                           0x200004b0   Data          68  main.o(.bss)
    hdma_usart3_tx                           0x200004f4   Data          68  main.o(.bss)
    UsartType3                               0x20000538   Data        2106  bsp_usart.o(.bss)
    ws28128_reset_buf                        0x20000d72   Data         100  bsp_ws2812.o(.bss)
    ws28128_color_buf                        0x20000dd6   Data         768  bsp_ws2812.o(.bss)
    ws28128_color_data                       0x200010d6   Data          96  bsp_ws2812.o(.bss)
    track_1_color_1                          0x20001548   Data         102  bsp_update.o(.bss)
    track_1_color_2                          0x200015ae   Data         102  bsp_update.o(.bss)
    track_1_color_3                          0x20001614   Data         102  bsp_update.o(.bss)
    track_1_color_4                          0x2000167a   Data         102  bsp_update.o(.bss)
    track_1_color_5                          0x200016e0   Data         102  bsp_update.o(.bss)
    track_2_color_1                          0x20001746   Data         102  bsp_update.o(.bss)
    track_2_color_2                          0x200017ac   Data         102  bsp_update.o(.bss)
    track_2_color_3                          0x20001812   Data         102  bsp_update.o(.bss)
    track_2_color_4                          0x20001878   Data         102  bsp_update.o(.bss)
    track_2_color_5                          0x200018de   Data         102  bsp_update.o(.bss)
    track_3_color_1                          0x20001944   Data         102  bsp_update.o(.bss)
    track_3_color_2                          0x200019aa   Data         102  bsp_update.o(.bss)
    track_3_color_3                          0x20001a10   Data         102  bsp_update.o(.bss)
    track_3_color_4                          0x20001a76   Data         102  bsp_update.o(.bss)
    track_3_color_5                          0x20001adc   Data         102  bsp_update.o(.bss)
    track_4_color_1                          0x20001b42   Data         102  bsp_update.o(.bss)
    track_4_color_2                          0x20001ba8   Data         102  bsp_update.o(.bss)
    track_4_color_3                          0x20001c0e   Data         102  bsp_update.o(.bss)
    track_4_color_4                          0x20001c74   Data         102  bsp_update.o(.bss)
    track_4_color_5                          0x20001cda   Data         102  bsp_update.o(.bss)
    track_5_color_1                          0x20001d40   Data         102  bsp_update.o(.bss)
    track_5_color_2                          0x20001da6   Data         102  bsp_update.o(.bss)
    track_5_color_3                          0x20001e0c   Data         102  bsp_update.o(.bss)
    track_5_color_4                          0x20001e72   Data         102  bsp_update.o(.bss)
    track_5_color_5                          0x20001ed8   Data         102  bsp_update.o(.bss)
    temp_color_data                          0x20001f3e   Data         102  bsp_update.o(.bss)
    __initial_sp                             0x200043d8   Data           0  startup_stm32f103xb.o(STACK)



==============================================================================

Memory Map of the image

  Image Entry point : 0x080020ed

  Load Region LR_IROM1 (Base: 0x08002000, Size: 0x0000a0d4, Max: 0x00010000, ABSOLUTE, COMPRESSED[0x00009fd8])

    Execution Region ER_IROM1 (Exec base: 0x08002000, Load base: 0x08002000, Size: 0x00009da0, Max: 0x00010000, ABSOLUTE)

    Exec Addr    Load Addr    Size         Type   Attr      Idx    E Section Name        Object

    0x08002000   0x08002000   0x000000ec   Data   RO         2479    RESET               startup_stm32f103xb.o
    0x080020ec   0x080020ec   0x00000000   Code   RO         4841  * .ARM.Collect$$$$00000000  mc_w.l(entry.o)
    0x080020ec   0x080020ec   0x00000004   Code   RO         5174    .ARM.Collect$$$$00000001  mc_w.l(entry2.o)
    0x080020f0   0x080020f0   0x00000004   Code   RO         5177    .ARM.Collect$$$$00000004  mc_w.l(entry5.o)
    0x080020f4   0x080020f4   0x00000000   Code   RO         5179    .ARM.Collect$$$$00000008  mc_w.l(entry7b.o)
    0x080020f4   0x080020f4   0x00000000   Code   RO         5181    .ARM.Collect$$$$0000000A  mc_w.l(entry8b.o)
    0x080020f4   0x080020f4   0x00000008   Code   RO         5182    .ARM.Collect$$$$0000000B  mc_w.l(entry9a.o)
    0x080020fc   0x080020fc   0x00000000   Code   RO         5184    .ARM.Collect$$$$0000000D  mc_w.l(entry10a.o)
    0x080020fc   0x080020fc   0x00000000   Code   RO         5186    .ARM.Collect$$$$0000000F  mc_w.l(entry11a.o)
    0x080020fc   0x080020fc   0x00000004   Code   RO         5175    .ARM.Collect$$$$00002712  mc_w.l(entry2.o)
    0x08002100   0x08002100   0x00000096   Code   RO         3758    .emb_text           port.o
    0x08002196   0x08002196   0x00000002   PAD
    0x08002198   0x08002198   0x00000024   Code   RO         2480    .text               startup_stm32f103xb.o
    0x080021bc   0x080021bc   0x00000020   Code   RO         4844    .text               mc_w.l(llushr.o)
    0x080021dc   0x080021dc   0x00000024   Code   RO         4846    .text               mc_w.l(rand.o)
    0x08002200   0x08002200   0x00000024   Code   RO         4849    .text               mc_w.l(memcpya.o)
    0x08002224   0x08002224   0x00000024   Code   RO         4851    .text               mc_w.l(memseta.o)
    0x08002248   0x08002248   0x00000024   Code   RO         4853    .text               mc_w.l(strstr.o)
    0x0800226c   0x0800226c   0x0000000e   Code   RO         4855    .text               mc_w.l(strlen.o)
    0x0800227a   0x0800227a   0x0000001c   Code   RO         4857    .text               mc_w.l(strcmp.o)
    0x08002296   0x08002296   0x00000064   Code   RO         5122    .text               mf_w.l(fmul.o)
    0x080022fa   0x080022fa   0x0000014e   Code   RO         5124    .text               mf_w.l(dadd.o)
    0x08002448   0x08002448   0x000000e4   Code   RO         5126    .text               mf_w.l(dmul.o)
    0x0800252c   0x0800252c   0x000000de   Code   RO         5128    .text               mf_w.l(ddiv.o)
    0x0800260a   0x0800260a   0x0000002e   Code   RO         5130    .text               mf_w.l(dscalb.o)
    0x08002638   0x08002638   0x0000000a   Code   RO         5132    .text               mf_w.l(ffltui.o)
    0x08002642   0x08002642   0x0000001a   Code   RO         5134    .text               mf_w.l(dfltui.o)
    0x0800265c   0x0800265c   0x00000032   Code   RO         5136    .text               mf_w.l(dfixui.o)
    0x0800268e   0x0800268e   0x00000026   Code   RO         5138    .text               mf_w.l(f2d.o)
    0x080026b4   0x080026b4   0x00000030   Code   RO         5140    .text               mf_w.l(cdcmple.o)
    0x080026e4   0x080026e4   0x00000030   Code   RO         5142    .text               mf_w.l(cdrcmple.o)
    0x08002714   0x08002714   0x00000038   Code   RO         5144    .text               mf_w.l(d2f.o)
    0x0800274c   0x0800274c   0x00000062   Code   RO         5191    .text               mc_w.l(uldiv.o)
    0x080027ae   0x080027ae   0x0000001e   Code   RO         5193    .text               mc_w.l(llshl.o)
    0x080027cc   0x080027cc   0x00000024   Code   RO         5195    .text               mc_w.l(llsshr.o)
    0x080027f0   0x080027f0   0x00000000   Code   RO         5204    .text               mc_w.l(iusefp.o)
    0x080027f0   0x080027f0   0x0000006e   Code   RO         5205    .text               mf_w.l(fepilogue.o)
    0x0800285e   0x0800285e   0x000000ba   Code   RO         5207    .text               mf_w.l(depilogue.o)
    0x08002918   0x08002918   0x00000024   Code   RO         5215    .text               mc_w.l(init.o)
    0x0800293c   0x0800293c   0x00000022   Code   RO         5217    .text               mf_w.l(dflti.o)
    0x0800295e   0x0800295e   0x0000003e   Code   RO         5219    .text               mf_w.l(dfixi.o)
    0x0800299c   0x0800299c   0x00000056   Code   RO         5229    .text               mc_w.l(__dczerorl2.o)
    0x080029f2   0x080029f2   0x00000002   Code   RO         2487    i.BusFault_Handler  stm32f1xx_it.o
    0x080029f4   0x080029f4   0x0000002c   Code   RO         3209    i.Calc_CRC16        crc.o
    0x08002a20   0x08002a20   0x0000000c   Code   RO         2488    i.DMA1_Channel2_IRQHandler  stm32f1xx_it.o
    0x08002a2c   0x08002a2c   0x0000000c   Code   RO         2489    i.DMA1_Channel3_IRQHandler  stm32f1xx_it.o
    0x08002a38   0x08002a38   0x00000090   Code   RO         2987    i.DMA1_Channel5_IRQHandler  bsp_ws2812.o
    0x08002ac8   0x08002ac8   0x0000000e   Code   RO         2988    i.DMA_Callback_init  bsp_ws2812.o
    0x08002ad6   0x08002ad6   0x00000002   Code   RO         2989    i.DMA_CpltCallback  bsp_ws2812.o
    0x08002ad8   0x08002ad8   0x00000002   Code   RO         2990    i.DMA_HalfCpltCallback  bsp_ws2812.o
    0x08002ada   0x08002ada   0x00000002   PAD
    0x08002adc   0x08002adc   0x00000014   Code   RO         2991    i.DMA_RegisterCpltCallback  bsp_ws2812.o
    0x08002af0   0x08002af0   0x00000014   Code   RO         2992    i.DMA_RegisterHalfCallback  bsp_ws2812.o
    0x08002b04   0x08002b04   0x0000001c   Code   RO         2836    i.DMA_START         bsp_usart.o
    0x08002b20   0x08002b20   0x0000002a   Code   RO         1702    i.DMA_SetConfig     stm32f1xx_hal_dma.o
    0x08002b4a   0x08002b4a   0x00000002   PAD
    0x08002b4c   0x08002b4c   0x00000010   Code   RO         2837    i.DMA_USART_IDLE_INIT  bsp_usart.o
    0x08002b5c   0x08002b5c   0x00001202   Code   RO         3565    i.DMA_WS2812_60_shade_buf  ws2812_app.o
    0x08003d5e   0x08003d5e   0x00000002   PAD
    0x08003d60   0x08003d60   0x00000064   Code   RO         2993    i.DMA_WS2812_Mie    bsp_ws2812.o
    0x08003dc4   0x08003dc4   0x0000004a   Code   RO         3566    i.DMA_WS2812_Ramp   ws2812_app.o
    0x08003e0e   0x08003e0e   0x00000002   PAD
    0x08003e10   0x08003e10   0x00000058   Code   RO         3567    i.DMA_WS2812_Rampping  ws2812_app.o
    0x08003e68   0x08003e68   0x0000004c   Code   RO         2994    i.DMA_WS2812_Reset  bsp_ws2812.o
    0x08003eb4   0x08003eb4   0x000000ac   Code   RO         3569    i.DMA_WS2812_Run    ws2812_app.o
    0x08003f60   0x08003f60   0x00000088   Code   RO         3570    i.DMA_WS2812_Running  ws2812_app.o
    0x08003fe8   0x08003fe8   0x0000008a   Code   RO         3571    i.DMA_WS2812_Running_more  ws2812_app.o
    0x08004072   0x08004072   0x00000002   PAD
    0x08004074   0x08004074   0x000000a8   Code   RO         2995    i.DMA_WS2812_SIN    bsp_ws2812.o
    0x0800411c   0x0800411c   0x000000cc   Code   RO         2996    i.DMA_WS2812_SIN_More  bsp_ws2812.o
    0x080041e8   0x080041e8   0x0000005c   Code   RO         3572    i.DMA_WS2812_circulation  ws2812_app.o
    0x08004244   0x08004244   0x000000a8   Code   RO         3573    i.DMA_WS2812_circulation_buf  ws2812_app.o
    0x080042ec   0x080042ec   0x000003bc   Code   RO         3574    i.DMA_WS2812_circulation_buf_more  ws2812_app.o
    0x080046a8   0x080046a8   0x000000a4   Code   RO         3575    i.DMA_WS2812_circulation_more  ws2812_app.o
    0x0800474c   0x0800474c   0x0000000a   Code   RO         3576    i.DMA_WS2812_data_flash  ws2812_app.o
    0x08004756   0x08004756   0x0000000a   Code   RO         3577    i.DMA_WS2812_data_flash_1  ws2812_app.o
    0x08004760   0x08004760   0x00000004   Code   RO         3579    i.DMA_WS2812_data_refresh  ws2812_app.o
    0x08004764   0x08004764   0x00000080   Code   RO         2997    i.DMA_WS2812_data_shift  bsp_ws2812.o
    0x080047e4   0x080047e4   0x0000005c   Code   RO         2998    i.DMA_WS2812_data_shift_light  bsp_ws2812.o
    0x08004840   0x08004840   0x00000098   Code   RO         3000    i.DMA_WS2812_data_shift_more  bsp_ws2812.o
    0x080048d8   0x080048d8   0x00000058   Code   RO         3001    i.DMA_WS2812_light  bsp_ws2812.o
    0x08004930   0x08004930   0x0000001c   Code   RO         3581    i.DMA_WS2812_shade_60_buf  ws2812_app.o
    0x0800494c   0x0800494c   0x00000094   Code   RO         3582    i.DMA_WS2812_shade_60_run  ws2812_app.o
    0x080049e0   0x080049e0   0x0000002c   Code   RO         3583    i.DMA_WS2812_shade_light  ws2812_app.o
    0x08004a0c   0x08004a0c   0x0000046a   Code   RO         3584    i.DMA_WS2812_shade_logo  ws2812_app.o
    0x08004e76   0x08004e76   0x00000018   Code   RO         3585    i.DMA_WS2812_shade_logo_all  ws2812_app.o
    0x08004e8e   0x08004e8e   0x00000002   PAD
    0x08004e90   0x08004e90   0x00000478   Code   RO         3586    i.DMA_WS2812_shade_logo_one  ws2812_app.o
    0x08005308   0x08005308   0x00000002   Code   RO         2490    i.DebugMon_Handler  stm32f1xx_it.o
    0x0800530a   0x0800530a   0x00000002   PAD
    0x0800530c   0x0800530c   0x00000024   Code   RO         2123    i.FLASH_MassErase   stm32f1xx_hal_flash_ex.o
    0x08005330   0x08005330   0x00000024   Code   RO         2128    i.FLASH_PageErase   stm32f1xx_hal_flash_ex.o
    0x08005354   0x08005354   0x0000001c   Code   RO          349    i.FLASH_Program_HalfWord  stm32f1xx_hal_flash.o
    0x08005370   0x08005370   0x0000005c   Code   RO          350    i.FLASH_SetErrorCode  stm32f1xx_hal_flash.o
    0x080053cc   0x080053cc   0x00000054   Code   RO          351    i.FLASH_WaitForLastOperation  stm32f1xx_hal_flash.o
    0x08005420   0x08005420   0x0000009c   Code   RO         3003    i.GRBTOPWM          bsp_ws2812.o
    0x080054bc   0x080054bc   0x00000030   Code   RO         1703    i.HAL_DMA_Abort     stm32f1xx_hal_dma.o
    0x080054ec   0x080054ec   0x00000098   Code   RO         1704    i.HAL_DMA_Abort_IT  stm32f1xx_hal_dma.o
    0x08005584   0x08005584   0x00000154   Code   RO         1708    i.HAL_DMA_IRQHandler  stm32f1xx_hal_dma.o
    0x080056d8   0x080056d8   0x00000064   Code   RO         1709    i.HAL_DMA_Init      stm32f1xx_hal_dma.o
    0x0800573c   0x0800573c   0x0000004a   Code   RO         1711    i.HAL_DMA_RegisterCallback  stm32f1xx_hal_dma.o
    0x08005786   0x08005786   0x00000070   Code   RO         1713    i.HAL_DMA_Start_IT  stm32f1xx_hal_dma.o
    0x080057f6   0x080057f6   0x00000002   PAD
    0x080057f8   0x080057f8   0x00000024   Code   RO          459    i.HAL_Delay         stm32f1xx_hal.o
    0x0800581c   0x0800581c   0x000000a8   Code   RO         2129    i.HAL_FLASHEx_Erase  stm32f1xx_hal_flash_ex.o
    0x080058c4   0x080058c4   0x00000014   Code   RO          355    i.HAL_FLASH_Lock    stm32f1xx_hal_flash.o
    0x080058d8   0x080058d8   0x00000080   Code   RO          360    i.HAL_FLASH_Program  stm32f1xx_hal_flash.o
    0x08005958   0x08005958   0x00000028   Code   RO          362    i.HAL_FLASH_Unlock  stm32f1xx_hal_flash.o
    0x08005980   0x08005980   0x000001bc   Code   RO          847    i.HAL_GPIO_Init     stm32f1xx_hal_gpio.o
    0x08005b3c   0x08005b3c   0x0000000a   Code   RO          851    i.HAL_GPIO_WritePin  stm32f1xx_hal_gpio.o
    0x08005b46   0x08005b46   0x00000002   PAD
    0x08005b48   0x08005b48   0x0000000c   Code   RO          463    i.HAL_GetTick       stm32f1xx_hal.o
    0x08005b54   0x08005b54   0x00000010   Code   RO          467    i.HAL_IncTick       stm32f1xx_hal.o
    0x08005b64   0x08005b64   0x00000024   Code   RO          468    i.HAL_Init          stm32f1xx_hal.o
    0x08005b88   0x08005b88   0x00000040   Code   RO          469    i.HAL_InitTick      stm32f1xx_hal.o
    0x08005bc8   0x08005bc8   0x00000080   Code   RO         2614    i.HAL_MspInit       stm32f1xx_hal_msp.o
    0x08005c48   0x08005c48   0x00000016   Code   RO          234    i.HAL_NVIC_EnableIRQ  stm32f1xx_hal_cortex.o
    0x08005c5e   0x08005c5e   0x00000002   PAD
    0x08005c60   0x08005c60   0x00000040   Code   RO          240    i.HAL_NVIC_SetPriority  stm32f1xx_hal_cortex.o
    0x08005ca0   0x08005ca0   0x00000024   Code   RO          241    i.HAL_NVIC_SetPriorityGrouping  stm32f1xx_hal_cortex.o
    0x08005cc4   0x08005cc4   0x0000000c   Code   RO          917    i.HAL_PWR_EnableBkUpAccess  stm32f1xx_hal_pwr.o
    0x08005cd0   0x08005cd0   0x000000c8   Code   RO            5    i.HAL_RCCEx_GetPeriphCLKFreq  stm32f1xx_hal_rcc_ex.o
    0x08005d98   0x08005d98   0x000000ec   Code   RO            6    i.HAL_RCCEx_PeriphCLKConfig  stm32f1xx_hal_rcc_ex.o
    0x08005e84   0x08005e84   0x00000154   Code   RO          131    i.HAL_RCC_ClockConfig  stm32f1xx_hal_rcc.o
    0x08005fd8   0x08005fd8   0x0000000c   Code   RO          136    i.HAL_RCC_GetHCLKFreq  stm32f1xx_hal_rcc.o
    0x08005fe4   0x08005fe4   0x00000020   Code   RO          138    i.HAL_RCC_GetPCLK1Freq  stm32f1xx_hal_rcc.o
    0x08006004   0x08006004   0x00000020   Code   RO          139    i.HAL_RCC_GetPCLK2Freq  stm32f1xx_hal_rcc.o
    0x08006024   0x08006024   0x0000006c   Code   RO          140    i.HAL_RCC_GetSysClockFreq  stm32f1xx_hal_rcc.o
    0x08006090   0x08006090   0x00000304   Code   RO          143    i.HAL_RCC_OscConfig  stm32f1xx_hal_rcc.o
    0x08006394   0x08006394   0x00000010   Code   RO         2208    i.HAL_RTCEx_BKUPRead  stm32f1xx_hal_rtc_ex.o
    0x080063a4   0x080063a4   0x00000010   Code   RO         2209    i.HAL_RTCEx_BKUPWrite  stm32f1xx_hal_rtc_ex.o
    0x080063b4   0x080063b4   0x000000a0   Code   RO         2318    i.HAL_RTC_Init      stm32f1xx_hal_rtc.o
    0x08006454   0x08006454   0x00000034   Code   RO         2616    i.HAL_RTC_MspInit   stm32f1xx_hal_msp.o
    0x08006488   0x08006488   0x000000c4   Code   RO         2324    i.HAL_RTC_SetDate   stm32f1xx_hal_rtc.o
    0x0800654c   0x0800654c   0x000000ac   Code   RO         2325    i.HAL_RTC_SetTime   stm32f1xx_hal_rtc.o
    0x080065f8   0x080065f8   0x0000003a   Code   RO         2326    i.HAL_RTC_WaitForSynchro  stm32f1xx_hal_rtc.o
    0x08006632   0x08006632   0x00000018   Code   RO          243    i.HAL_SYSTICK_CLKSourceConfig  stm32f1xx_hal_cortex.o
    0x0800664a   0x0800664a   0x00000028   Code   RO          245    i.HAL_SYSTICK_Config  stm32f1xx_hal_cortex.o
    0x08006672   0x08006672   0x00000002   Code   RO          611    i.HAL_TIMEx_BreakCallback  stm32f1xx_hal_tim_ex.o
    0x08006674   0x08006674   0x00000002   Code   RO          612    i.HAL_TIMEx_CommutationCallback  stm32f1xx_hal_tim_ex.o
    0x08006676   0x08006676   0x00000050   Code   RO          628    i.HAL_TIMEx_MasterConfigSynchronization  stm32f1xx_hal_tim_ex.o
    0x080066c6   0x080066c6   0x00000036   Code   RO         1073    i.HAL_TIM_Base_Init  stm32f1xx_hal_tim.o
    0x080066fc   0x080066fc   0x00000090   Code   RO         2618    i.HAL_TIM_Base_MspInit  stm32f1xx_hal_msp.o
    0x0800678c   0x0800678c   0x000000f2   Code   RO         1082    i.HAL_TIM_ConfigClockSource  stm32f1xx_hal_tim.o
    0x0800687e   0x0800687e   0x00000002   Code   RO         1100    i.HAL_TIM_ErrorCallback  stm32f1xx_hal_tim.o
    0x08006880   0x08006880   0x00000002   Code   RO         1102    i.HAL_TIM_IC_CaptureCallback  stm32f1xx_hal_tim.o
    0x08006882   0x08006882   0x00000166   Code   RO         1115    i.HAL_TIM_IRQHandler  stm32f1xx_hal_tim.o
    0x080069e8   0x080069e8   0x00000024   Code   RO         2619    i.HAL_TIM_MspPostInit  stm32f1xx_hal_msp.o
    0x08006a0c   0x08006a0c   0x00000002   Code   RO         1118    i.HAL_TIM_OC_DelayElapsedCallback  stm32f1xx_hal_tim.o
    0x08006a0e   0x08006a0e   0x000000d0   Code   RO         1139    i.HAL_TIM_PWM_ConfigChannel  stm32f1xx_hal_tim.o
    0x08006ade   0x08006ade   0x00000036   Code   RO         1142    i.HAL_TIM_PWM_Init  stm32f1xx_hal_tim.o
    0x08006b14   0x08006b14   0x00000002   Code   RO         1144    i.HAL_TIM_PWM_MspInit  stm32f1xx_hal_tim.o
    0x08006b16   0x08006b16   0x00000002   Code   RO         3381    i.HAL_TIM_PWM_PulseFinishedCallback  bsp_tim.o
    0x08006b18   0x08006b18   0x000000e4   Code   RO         1147    i.HAL_TIM_PWM_Start_DMA  stm32f1xx_hal_tim.o
    0x08006bfc   0x08006bfc   0x00000084   Code   RO         1150    i.HAL_TIM_PWM_Stop_DMA  stm32f1xx_hal_tim.o
    0x08006c80   0x08006c80   0x00000002   Code   RO         3382    i.HAL_TIM_PeriodElapsedCallback  bsp_tim.o
    0x08006c82   0x08006c82   0x00000002   Code   RO         1156    i.HAL_TIM_TriggerCallback  stm32f1xx_hal_tim.o
    0x08006c84   0x08006c84   0x00000058   Code   RO         1816    i.HAL_UART_DMAStop  stm32f1xx_hal_uart.o
    0x08006cdc   0x08006cdc   0x00000002   Code   RO         1818    i.HAL_UART_ErrorCallback  stm32f1xx_hal_uart.o
    0x08006cde   0x08006cde   0x00000002   PAD
    0x08006ce0   0x08006ce0   0x00000110   Code   RO         1821    i.HAL_UART_IRQHandler  stm32f1xx_hal_uart.o
    0x08006df0   0x08006df0   0x00000062   Code   RO         1822    i.HAL_UART_Init     stm32f1xx_hal_uart.o
    0x08006e52   0x08006e52   0x00000002   PAD
    0x08006e54   0x08006e54   0x00000160   Code   RO         2621    i.HAL_UART_MspInit  stm32f1xx_hal_msp.o
    0x08006fb4   0x08006fb4   0x00000098   Code   RO         1826    i.HAL_UART_Receive_DMA  stm32f1xx_hal_uart.o
    0x0800704c   0x0800704c   0x00000002   Code   RO         2838    i.HAL_UART_RxCpltCallback  bsp_usart.o
    0x0800704e   0x0800704e   0x00000002   Code   RO         1829    i.HAL_UART_RxHalfCpltCallback  stm32f1xx_hal_uart.o
    0x08007050   0x08007050   0x000000ba   Code   RO         1830    i.HAL_UART_Transmit  stm32f1xx_hal_uart.o
    0x0800710a   0x0800710a   0x00000002   PAD
    0x0800710c   0x0800710c   0x00000080   Code   RO         1831    i.HAL_UART_Transmit_DMA  stm32f1xx_hal_uart.o
    0x0800718c   0x0800718c   0x00000002   Code   RO         1833    i.HAL_UART_TxCpltCallback  stm32f1xx_hal_uart.o
    0x0800718e   0x0800718e   0x00000002   Code   RO         1834    i.HAL_UART_TxHalfCpltCallback  stm32f1xx_hal_uart.o
    0x08007190   0x08007190   0x000000e8   Code   RO         3005    i.HLS2RGBvalue      bsp_ws2812.o
    0x08007278   0x08007278   0x000001b8   Code   RO         3007    i.HLS_TO_RGB_ONE    bsp_ws2812.o
    0x08007430   0x08007430   0x00000002   Code   RO         2491    i.HardFault_Handler  stm32f1xx_it.o
    0x08007432   0x08007432   0x00000002   PAD
    0x08007434   0x08007434   0x0000004c   Code   RO         3330    i.MX_DMA_Init       bsp_dma.o
    0x08007480   0x08007480   0x00000094   Code   RO         3354    i.MX_GPIO_Init      bsp_gpio.o
    0x08007514   0x08007514   0x000000ac   Code   RO         2914    i.MX_RTC_Init       bsp_rtc.o
    0x080075c0   0x080075c0   0x000000a8   Code   RO         3383    i.MX_TIM2_Init      bsp_tim.o
    0x08007668   0x08007668   0x00000050   Code   RO         2839    i.MX_USART1_UART_Init  bsp_usart.o
    0x080076b8   0x080076b8   0x00000050   Code   RO         2840    i.MX_USART2_UART_Init  bsp_usart.o
    0x08007708   0x08007708   0x00000050   Code   RO         2841    i.MX_USART3_UART_Init  bsp_usart.o
    0x08007758   0x08007758   0x00000002   Code   RO         2492    i.MemManage_Handler  stm32f1xx_it.o
    0x0800775a   0x0800775a   0x00000002   Code   RO         2493    i.NMI_Handler       stm32f1xx_it.o
    0x0800775c   0x0800775c   0x00000020   Code   RO          247    i.NVIC_SetPriority  stm32f1xx_hal_cortex.o
    0x0800777c   0x0800777c   0x00000012   Code   RO         2327    i.RTC_Bcd2ToByte    stm32f1xx_hal_rtc.o
    0x0800778e   0x0800778e   0x00000034   Code   RO         2330    i.RTC_EnterInitMode  stm32f1xx_hal_rtc.o
    0x080077c2   0x080077c2   0x00000002   PAD
    0x080077c4   0x080077c4   0x00000036   Code   RO         2331    i.RTC_ExitInitMode  stm32f1xx_hal_rtc.o
    0x080077fa   0x080077fa   0x0000000e   Code   RO         2332    i.RTC_ReadAlarmCounter  stm32f1xx_hal_rtc.o
    0x08007808   0x08007808   0x00000020   Code   RO         2333    i.RTC_ReadTimeCounter  stm32f1xx_hal_rtc.o
    0x08007828   0x08007828   0x00000056   Code   RO         2334    i.RTC_WeekDayNum    stm32f1xx_hal_rtc.o
    0x0800787e   0x0800787e   0x00000028   Code   RO         2335    i.RTC_WriteAlarmCounter  stm32f1xx_hal_rtc.o
    0x080078a6   0x080078a6   0x00000028   Code   RO         2336    i.RTC_WriteTimeCounter  stm32f1xx_hal_rtc.o
    0x080078ce   0x080078ce   0x00000002   PAD
    0x080078d0   0x080078d0   0x00000074   Code   RO         3010    i.SET_PWM_DMA_DODE  bsp_ws2812.o
    0x08007944   0x08007944   0x0000001a   Code   RO         3239    i.STMFLASH_Read     stm_flash.o
    0x0800795e   0x0800795e   0x00000002   PAD
    0x08007960   0x08007960   0x000000d4   Code   RO         3241    i.STMFLASH_Write    stm_flash.o
    0x08007a34   0x08007a34   0x0000002c   Code   RO         3242    i.STMFLASH_Write_NoCheck  stm_flash.o
    0x08007a60   0x08007a60   0x00000028   Code   RO         3466    i.SoftReset         bsp_upgrade.o
    0x08007a88   0x08007a88   0x00000048   Code   RO         2681    i.StartDefaultTask  main.o
    0x08007ad0   0x08007ad0   0x0000000e   Code   RO         2494    i.SysTick_Handler   stm32f1xx_it.o
    0x08007ade   0x08007ade   0x00000080   Code   RO         2682    i.SystemClock_Config  main.o
    0x08007b5e   0x08007b5e   0x00000002   PAD
    0x08007b60   0x08007b60   0x00000048   Code   RO         2799    i.SystemInit        system_stm32f1xx.o
    0x08007ba8   0x08007ba8   0x0000001c   Code   RO         2683    i.SystemTask        main.o
    0x08007bc4   0x08007bc4   0x0000000c   Code   RO         2495    i.TIM2_IRQHandler   stm32f1xx_it.o
    0x08007bd0   0x08007bd0   0x0000006c   Code   RO         1157    i.TIM_Base_SetConfig  stm32f1xx_hal_tim.o
    0x08007c3c   0x08007c3c   0x00000016   Code   RO         1158    i.TIM_CCxChannelCmd  stm32f1xx_hal_tim.o
    0x08007c52   0x08007c52   0x0000003e   Code   RO         1160    i.TIM_DMADelayPulseCplt  stm32f1xx_hal_tim.o
    0x08007c90   0x08007c90   0x00000010   Code   RO         1161    i.TIM_DMAError      stm32f1xx_hal_tim.o
    0x08007ca0   0x08007ca0   0x00000014   Code   RO         1164    i.TIM_ETR_SetConfig  stm32f1xx_hal_tim.o
    0x08007cb4   0x08007cb4   0x00000010   Code   RO         1165    i.TIM_ITRx_SetConfig  stm32f1xx_hal_tim.o
    0x08007cc4   0x08007cc4   0x00000050   Code   RO         1166    i.TIM_OC1_SetConfig  stm32f1xx_hal_tim.o
    0x08007d14   0x08007d14   0x00000058   Code   RO         1167    i.TIM_OC2_SetConfig  stm32f1xx_hal_tim.o
    0x08007d6c   0x08007d6c   0x00000058   Code   RO         1168    i.TIM_OC3_SetConfig  stm32f1xx_hal_tim.o
    0x08007dc4   0x08007dc4   0x00000044   Code   RO         1169    i.TIM_OC4_SetConfig  stm32f1xx_hal_tim.o
    0x08007e08   0x08007e08   0x00000022   Code   RO         1171    i.TIM_TI1_ConfigInputStage  stm32f1xx_hal_tim.o
    0x08007e2a   0x08007e2a   0x00000024   Code   RO         1173    i.TIM_TI2_ConfigInputStage  stm32f1xx_hal_tim.o
    0x08007e4e   0x08007e4e   0x00000010   Code   RO         1835    i.UART_DMAAbortOnError  stm32f1xx_hal_uart.o
    0x08007e5e   0x08007e5e   0x0000004a   Code   RO         1836    i.UART_DMAError     stm32f1xx_hal_uart.o
    0x08007ea8   0x08007ea8   0x0000003c   Code   RO         1837    i.UART_DMAReceiveCplt  stm32f1xx_hal_uart.o
    0x08007ee4   0x08007ee4   0x0000000a   Code   RO         1839    i.UART_DMARxHalfCplt  stm32f1xx_hal_uart.o
    0x08007eee   0x08007eee   0x0000002e   Code   RO         1841    i.UART_DMATransmitCplt  stm32f1xx_hal_uart.o
    0x08007f1c   0x08007f1c   0x0000000a   Code   RO         1843    i.UART_DMATxHalfCplt  stm32f1xx_hal_uart.o
    0x08007f26   0x08007f26   0x0000001c   Code   RO         1845    i.UART_EndRxTransfer  stm32f1xx_hal_uart.o
    0x08007f42   0x08007f42   0x00000012   Code   RO         1846    i.UART_EndTxTransfer  stm32f1xx_hal_uart.o
    0x08007f54   0x08007f54   0x00000096   Code   RO         1847    i.UART_Receive_IT   stm32f1xx_hal_uart.o
    0x08007fea   0x08007fea   0x00000002   PAD
    0x08007fec   0x08007fec   0x00000170   Code   RO         1848    i.UART_SetConfig    stm32f1xx_hal_uart.o
    0x0800815c   0x0800815c   0x00000062   Code   RO         1849    i.UART_Transmit_IT  stm32f1xx_hal_uart.o
    0x080081be   0x080081be   0x00000064   Code   RO         1850    i.UART_WaitOnFlagUntilTimeout  stm32f1xx_hal_uart.o
    0x08008222   0x08008222   0x00000002   PAD
    0x08008224   0x08008224   0x0000001c   Code   RO         2842    i.USART3_IRQHandler  bsp_usart.o
    0x08008240   0x08008240   0x00000002   Code   RO         2496    i.UsageFault_Handler  stm32f1xx_it.o
    0x08008242   0x08008242   0x0000003e   Code   RO         2843    i.UsartReceive_IDLE  bsp_usart.o
    0x08008280   0x08008280   0x00001720   Code   RO         3418    i.Usart_Logo_data   bsp_update.o
    0x080099a0   0x080099a0   0x0000013c   Code   RO         2684    i.Ws2812task        main.o
    0x08009adc   0x08009adc   0x00000002   Code   RO         2685    i._Error_Handler    main.o
    0x08009ade   0x08009ade   0x00000002   PAD
    0x08009ae0   0x08009ae0   0x00000020   Code   RO         5068    i.__0printf$8       mc_w.l(printf8.o)
    0x08009b00   0x08009b00   0x00000028   Code   RO         5211    i.__ARM_fpclassify  m_ws.l(fpclassify.o)
    0x08009b28   0x08009b28   0x00000388   Code   RO         5163    i.__ieee754_rem_pio2  m_ws.l(rred.o)
    0x08009eb0   0x08009eb0   0x000000fc   Code   RO         5146    i.__kernel_cos      m_ws.l(cos_i.o)
    0x08009fac   0x08009fac   0x000000aa   Code   RO         5213    i.__kernel_poly     m_ws.l(poly.o)
    0x0800a056   0x0800a056   0x00000002   PAD
    0x0800a058   0x0800a058   0x000000ec   Code   RO         5168    i.__kernel_sin      m_ws.l(sin_i.o)
    0x0800a144   0x0800a144   0x00000006   Code   RO         5150    i.__mathlib_dbl_infnan  m_ws.l(dunder.o)
    0x0800a14a   0x0800a14a   0x0000000c   Code   RO         5152    i.__mathlib_dbl_invalid  m_ws.l(dunder.o)
    0x0800a156   0x0800a156   0x00000002   PAD
    0x0800a158   0x0800a158   0x00000010   Code   RO         5155    i.__mathlib_dbl_underflow  m_ws.l(dunder.o)
    0x0800a168   0x0800a168   0x0000000e   Code   RO         5223    i.__scatterload_copy  mc_w.l(handlers.o)
    0x0800a176   0x0800a176   0x00000002   Code   RO         5224    i.__scatterload_null  mc_w.l(handlers.o)
    0x0800a178   0x0800a178   0x0000000e   Code   RO         5225    i.__scatterload_zeroinit  mc_w.l(handlers.o)
    0x0800a186   0x0800a186   0x00000002   PAD
    0x0800a188   0x0800a188   0x0000000c   Code   RO         5199    i.__set_errno       mc_w.l(errno.o)
    0x0800a194   0x0800a194   0x00000410   Code   RO         5075    i._printf_core      mc_w.l(printf8.o)
    0x0800a5a4   0x0800a5a4   0x00000024   Code   RO         5076    i._printf_post_padding  mc_w.l(printf8.o)
    0x0800a5c8   0x0800a5c8   0x0000002e   Code   RO         5077    i._printf_pre_padding  mc_w.l(printf8.o)
    0x0800a5f6   0x0800a5f6   0x00000002   PAD
    0x0800a5f8   0x0800a5f8   0x000000f0   Code   RO         3588    i.arrange_display   ws2812_app.o
    0x0800a6e8   0x0800a6e8   0x0000015c   Code   RO         3590    i.arrange_display_two  ws2812_app.o
    0x0800a844   0x0800a844   0x00000024   Code   RO         3518    i.atk_8266_check_cmd  esp8266.o
    0x0800a868   0x0800a868   0x0000007c   Code   RO         3519    i.atk_8266_send_cmd  esp8266.o
    0x0800a8e4   0x0800a8e4   0x0000034c   Code   RO         3419    i.flash_data_to_color_data  bsp_update.o
    0x0800ac30   0x0800ac30   0x00000018   Code   RO         2844    i.fputc             bsp_usart.o
    0x0800ac48   0x0800ac48   0x0000009c   Code   RO         2686    i.main              main.o
    0x0800ace4   0x0800ace4   0x0000000c   Code   RO         4460    i.makeFreeRtosPriority  cmsis_os.o
    0x0800acf0   0x0800acf0   0x0000000e   Code   RO         4462    i.osDelay           cmsis_os.o
    0x0800acfe   0x0800acfe   0x0000000a   Code   RO         4465    i.osKernelStart     cmsis_os.o
    0x0800ad08   0x0800ad08   0x00000014   Code   RO         4498    i.osSystickHandler  cmsis_os.o
    0x0800ad1c   0x0800ad1c   0x0000002e   Code   RO         4499    i.osThreadCreate    cmsis_os.o
    0x0800ad4a   0x0800ad4a   0x00000002   PAD
    0x0800ad4c   0x0800ad4c   0x00000070   Code   RO         4031    i.prvAddCurrentTaskToDelayedList  tasks.o
    0x0800adbc   0x0800adbc   0x000000d0   Code   RO         4032    i.prvAddNewTaskToReadyList  tasks.o
    0x0800ae8c   0x0800ae8c   0x00000050   Code   RO         4033    i.prvCheckTasksWaitingTermination  tasks.o
    0x0800aedc   0x0800aedc   0x00000014   Code   RO         4034    i.prvDeleteTCB      tasks.o
    0x0800aef0   0x0800aef0   0x0000004c   Code   RO         3933    i.prvHeapInit       heap_4.o
    0x0800af3c   0x0800af3c   0x00000028   Code   RO         4035    i.prvIdleTask       tasks.o
    0x0800af64   0x0800af64   0x0000008e   Code   RO         4036    i.prvInitialiseNewTask  tasks.o
    0x0800aff2   0x0800aff2   0x00000002   PAD
    0x0800aff4   0x0800aff4   0x0000004c   Code   RO         3934    i.prvInsertBlockIntoFreeList  heap_4.o
    0x0800b040   0x0800b040   0x00000020   Code   RO         4037    i.prvResetNextTaskUnblockTime  tasks.o
    0x0800b060   0x0800b060   0x00000028   Code   RO         3759    i.prvTaskExitError  port.o
    0x0800b088   0x0800b088   0x00000034   Code   RO         4038    i.prvTaskIsTaskSuspended  tasks.o
    0x0800b0bc   0x0800b0bc   0x000000d8   Code   RO         3935    i.pvPortMalloc      heap_4.o
    0x0800b194   0x0800b194   0x00000024   Code   RO         3760    i.pxPortInitialiseStack  port.o
    0x0800b1b8   0x0800b1b8   0x000000a8   Code   RO         3014    i.rand_buff_data    bsp_ws2812.o
    0x0800b260   0x0800b260   0x00000014   Code   RO         3420    i.read_mode_start   bsp_update.o
    0x0800b274   0x0800b274   0x0000002c   Code   RO         3015    i.reset_led_light   bsp_ws2812.o
    0x0800b2a0   0x0800b2a0   0x00000038   Code   RO         2916    i.set_time_data     bsp_rtc.o
    0x0800b2d8   0x0800b2d8   0x00000070   Code   RO         3016    i.shift_buf_to_data_one  bsp_ws2812.o
    0x0800b348   0x0800b348   0x00000070   Code   RO         3017    i.shift_buf_to_data_two  bsp_ws2812.o
    0x0800b3b8   0x0800b3b8   0x000000a0   Code   RO         4834    i.sin               m_ws.l(sin.o)
    0x0800b458   0x0800b458   0x00000050   Code   RO         2954    i.system_mode_led   bsp_led.o
    0x0800b4a8   0x0800b4a8   0x00000024   Code   RO         3994    i.uxListRemove      list.o
    0x0800b4cc   0x0800b4cc   0x00000016   Code   RO         3995    i.vListInitialise   list.o
    0x0800b4e2   0x0800b4e2   0x00000006   Code   RO         3996    i.vListInitialiseItem  list.o
    0x0800b4e8   0x0800b4e8   0x00000030   Code   RO         3997    i.vListInsert       list.o
    0x0800b518   0x0800b518   0x00000018   Code   RO         3998    i.vListInsertEnd    list.o
    0x0800b530   0x0800b530   0x00000040   Code   RO         3762    i.vPortEnterCritical  port.o
    0x0800b570   0x0800b570   0x00000028   Code   RO         3763    i.vPortExitCritical  port.o
    0x0800b598   0x0800b598   0x0000005c   Code   RO         3936    i.vPortFree         heap_4.o
    0x0800b5f4   0x0800b5f4   0x00000020   Code   RO         3764    i.vPortSetupTimerInterrupt  port.o
    0x0800b614   0x0800b614   0x0000004c   Code   RO         4045    i.vTaskDelay        tasks.o
    0x0800b660   0x0800b660   0x0000007c   Code   RO         4054    i.vTaskResume       tasks.o
    0x0800b6dc   0x0800b6dc   0x00000068   Code   RO         4056    i.vTaskStartScheduler  tasks.o
    0x0800b744   0x0800b744   0x000000b0   Code   RO         4057    i.vTaskSuspend      tasks.o
    0x0800b7f4   0x0800b7f4   0x00000010   Code   RO         4058    i.vTaskSuspendAll   tasks.o
    0x0800b804   0x0800b804   0x0000005c   Code   RO         4059    i.vTaskSwitchContext  tasks.o
    0x0800b860   0x0800b860   0x0000001c   Code   RO         2955    i.wifi_state_led    bsp_led.o
    0x0800b87c   0x0800b87c   0x00000030   Code   RO         3243    i.write_read_flash_jiaoyan  stm_flash.o
    0x0800b8ac   0x0800b8ac   0x00000050   Code   RO         3592    i.ws28128_one_color_circulation_run  ws2812_app.o
    0x0800b8fc   0x0800b8fc   0x00000050   Code   RO         3593    i.ws2812_rand_light  ws2812_app.o
    0x0800b94c   0x0800b94c   0x00000074   Code   RO         3766    i.xPortStartScheduler  port.o
    0x0800b9c0   0x0800b9c0   0x0000002c   Code   RO         3767    i.xPortSysTickHandler  port.o
    0x0800b9ec   0x0800b9ec   0x00000056   Code   RO         4061    i.xTaskCreate       tasks.o
    0x0800ba42   0x0800ba42   0x00000002   PAD
    0x0800ba44   0x0800ba44   0x0000001c   Code   RO         4065    i.xTaskGetSchedulerState  tasks.o
    0x0800ba60   0x0800ba60   0x000000c8   Code   RO         4068    i.xTaskIncrementTick  tasks.o
    0x0800bb28   0x0800bb28   0x000000c4   Code   RO         4074    i.xTaskResumeAll    tasks.o
    0x0800bbec   0x0800bbec   0x0000003c   Data   RO         2695    .constdata          main.o
    0x0800bc28   0x0800bc28   0x00000010   Data   RO         2800    .constdata          system_stm32f1xx.o
    0x0800bc38   0x0800bc38   0x00000008   Data   RO         2801    .constdata          system_stm32f1xx.o
    0x0800bc40   0x0800bc40   0x00000030   Data   RO         5147    .constdata          m_ws.l(cos_i.o)
    0x0800bc70   0x0800bc70   0x000000c8   Data   RO         5165    .constdata          m_ws.l(rred.o)
    0x0800bd38   0x0800bd38   0x00000028   Data   RO         5169    .constdata          m_ws.l(sin_i.o)
    0x0800bd60   0x0800bd60   0x0000001f   Data   RO         2696    .conststring        main.o
    0x0800bd7f   0x0800bd7f   0x00000001   PAD
    0x0800bd80   0x0800bd80   0x00000020   Data   RO         5221    Region$$Table       anon$$obj.o


    Execution Region RW_IRAM1 (Exec base: 0x20000000, Load base: 0x0800bda0, Size: 0x000043d8, Max: 0x00005000, ABSOLUTE, COMPRESSED[0x00000238])

    Exec Addr    Load Addr    Size         Type   Attr      Idx    E Section Name        Object

    0x20000000   COMPRESSED   0x0000000c   Data   RW          475    .data               stm32f1xx_hal.o
    0x2000000c   COMPRESSED   0x00000030   Data   RW         2697    .data               main.o
    0x2000003c   COMPRESSED   0x00000004   Data   RW         2802    .data               system_stm32f1xx.o
    0x20000040   COMPRESSED   0x00000007   Data   RW         2917    .data               bsp_rtc.o
    0x20000047   COMPRESSED   0x00000001   PAD
    0x20000048   COMPRESSED   0x0000006c   Data   RW         3025    .data               bsp_ws2812.o
    0x200000b4   COMPRESSED   0x00000200   Data   RW         3210    .data               crc.o
    0x200002b4   COMPRESSED   0x0000000a   Data   RW         3422    .data               bsp_update.o
    0x200002be   COMPRESSED   0x00000006   Data   RW         3470    .data               bsp_upgrade.o
    0x200002c4   COMPRESSED   0x00000001   Data   RW         3595    .data               ws2812_app.o
    0x200002c5   COMPRESSED   0x00000003   PAD
    0x200002c8   COMPRESSED   0x0000000c   Data   RW         3768    .data               port.o
    0x200002d4   COMPRESSED   0x00000018   Data   RW         3941    .data               heap_4.o
    0x200002ec   COMPRESSED   0x0000003c   Data   RW         4077    .data               tasks.o
    0x20000328   COMPRESSED   0x00000004   Data   RW         4847    .data               mc_w.l(rand.o)
    0x2000032c   COMPRESSED   0x00000004   Data   RW         5188    .data               mc_w.l(stdout.o)
    0x20000330   COMPRESSED   0x00000004   Data   RW         5200    .data               mc_w.l(errno.o)
    0x20000334   COMPRESSED   0x00000004   PAD
    0x20000338        -       0x00000020   Zero   RW          363    .bss                stm32f1xx_hal_flash.o
    0x20000358        -       0x00000014   Zero   RW         2687    .bss                main.o
    0x2000036c        -       0x00000040   Zero   RW         2688    .bss                main.o
    0x200003ac        -       0x00000044   Zero   RW         2689    .bss                main.o
    0x200003f0        -       0x00000040   Zero   RW         2690    .bss                main.o
    0x20000430        -       0x00000040   Zero   RW         2691    .bss                main.o
    0x20000470        -       0x00000040   Zero   RW         2692    .bss                main.o
    0x200004b0        -       0x00000044   Zero   RW         2693    .bss                main.o
    0x200004f4        -       0x00000044   Zero   RW         2694    .bss                main.o
    0x20000538        -       0x0000083a   Zero   RW         2845    .bss                bsp_usart.o
    0x20000d72        -       0x000003c4   Zero   RW         3020    .bss                bsp_ws2812.o
    0x20001136   COMPRESSED   0x00000002   PAD
    0x20001138        -       0x00000410   Zero   RW         3244    .bss                stm_flash.o
    0x20001548        -       0x00000a5c   Zero   RW         3421    .bss                bsp_update.o
    0x20001fa4        -       0x00001f40   Zero   RW         3940    .bss                heap_4.o
    0x20003ee4        -       0x000000f0   Zero   RW         4076    .bss                tasks.o
    0x20003fd4   COMPRESSED   0x00000004   PAD
    0x20003fd8        -       0x00000400   Zero   RW         2477    STACK               startup_stm32f103xb.o


==============================================================================

Image component sizes


      Code (inc. data)   RO Data    RW Data    ZI Data      Debug   Object Name

        76          4          0          0          0        866   bsp_dma.o
       148         14          0          0          0       1039   bsp_gpio.o
       108         10          0          0          0       1111   bsp_led.o
       228         38          0          7          0       1574   bsp_rtc.o
       172         26          0          0          0       1987   bsp_tim.o
      6784       2034          0         10       2652      10864   bsp_update.o
        40          8          0          6          0       4013   bsp_upgrade.o
       400        104          0          0       2106       5522   bsp_usart.o
      2590        264          0        108        964      16617   bsp_ws2812.o
       102          0          0          0          0      13352   cmsis_os.o
        44          4          0        512          0       1118   crc.o
       160         28          0          0          0       2100   esp8266.o
         0          0          0          0          0       9620   event_groups.o
       460         24          0         24       8000       7367   heap_4.o
       136          0          0          0          0       3494   list.o
       702         74         91         48        480      10605   main.o
       522         62          0         12          0      10388   port.o
        36          8        236          0       1024        784   startup_stm32f103xb.o
       164         28          0         12          0       3961   stm32f1xx_hal.o
       218         14          0          0          0      26473   stm32f1xx_hal_cortex.o
       868         36          0          0          0       5849   stm32f1xx_hal_dma.o
       392         46          0          0         32       4866   stm32f1xx_hal_flash.o
       240         26          0          0          0       3317   stm32f1xx_hal_flash_ex.o
       454         36          0          0          0       2932   stm32f1xx_hal_gpio.o
       712        136          0          0          0       3810   stm32f1xx_hal_msp.o
        12          4          0          0          0        531   stm32f1xx_hal_pwr.o
      1296        104          0          0          0       5760   stm32f1xx_hal_rcc.o
       436         46          0          0          0     451213   stm32f1xx_hal_rcc_ex.o
       922         14          0          0          0       9608   stm32f1xx_hal_rtc.o
        32         10          0          0          0       1683   stm32f1xx_hal_rtc_ex.o
      1924         50          0          0          0      17522   stm32f1xx_hal_tim.o
        84          0          0          0          0       2398   stm32f1xx_hal_tim_ex.o
      1910         38          0          0          0      15727   stm32f1xx_hal_uart.o
        62         18          0          0          0      25247   stm32f1xx_it.o
       330         10          0          0       1040       4273   stm_flash.o
        72         16         24          4          0       1211   system_stm32f1xx.o
      1784        152          0         60        240      18416   tasks.o
      9888         94          0          1          0      24135   ws2812_app.o

    ----------------------------------------------------------------------
     34558       3580        384        808      16544     731353   Object Totals
         0          0         32          0          0          0   (incl. Generated)
        50          0          1          4          6          0   (incl. Padding)

    ----------------------------------------------------------------------

      Code (inc. data)   RO Data    RW Data    ZI Data      Debug   Library Member Name

       252         22         48          0          0        124   cos_i.o
        34          6          0          0          0        204   dunder.o
        40          0          0          0          0         68   fpclassify.o
       170          0          0          0          0         96   poly.o
       904         76        200          0          0        140   rred.o
       160         10          0          0          0        108   sin.o
       236         12         40          0          0        128   sin_i.o
        86          0          0          0          0          0   __dczerorl2.o
         0          0          0          0          0          0   entry.o
         0          0          0          0          0          0   entry10a.o
         0          0          0          0          0          0   entry11a.o
         8          4          0          0          0          0   entry2.o
         4          0          0          0          0          0   entry5.o
         0          0          0          0          0          0   entry7b.o
         0          0          0          0          0          0   entry8b.o
         8          4          0          0          0          0   entry9a.o
        12          6          0          4          0         68   errno.o
        30          0          0          0          0          0   handlers.o
        36          8          0          0          0         68   init.o
         0          0          0          0          0          0   iusefp.o
        30          0          0          0          0         68   llshl.o
        36          0          0          0          0         68   llsshr.o
        32          0          0          0          0         68   llushr.o
        36          0          0          0          0         68   memcpya.o
        36          0          0          0          0        108   memseta.o
      1154         54          0          0          0        352   printf8.o
        36         10          0          4          0        136   rand.o
         0          0          0          4          0          0   stdout.o
        28          0          0          0          0         76   strcmp.o
        14          0          0          0          0         68   strlen.o
        36          0          0          0          0         80   strstr.o
        98          0          0          0          0         92   uldiv.o
        48          0          0          0          0         68   cdcmple.o
        48          0          0          0          0         68   cdrcmple.o
        56          0          0          0          0         88   d2f.o
       334          0          0          0          0        148   dadd.o
       222          0          0          0          0        100   ddiv.o
       186          0          0          0          0        176   depilogue.o
        62          0          0          0          0         80   dfixi.o
        50          0          0          0          0         76   dfixui.o
        34          0          0          0          0         76   dflti.o
        26          0          0          0          0         76   dfltui.o
       228          0          0          0          0         96   dmul.o
        46          0          0          0          0         80   dscalb.o
        38          0          0          0          0         68   f2d.o
       110          0          0          0          0        168   fepilogue.o
        10          0          0          0          0         68   ffltui.o
       100          0          0          0          0         76   fmul.o

    ----------------------------------------------------------------------
      5122        212        288         12          4       3700   Library Totals
         8          0          0          0          4          0   (incl. Padding)

    ----------------------------------------------------------------------

      Code (inc. data)   RO Data    RW Data    ZI Data      Debug   Library Name

      1796        126        288          0          0        868   m_ws.l
      1720         86          0         12          0       1320   mc_w.l
      1598          0          0          0          0       1512   mf_w.l

    ----------------------------------------------------------------------
      5122        212        288         12          4       3700   Library Totals

    ----------------------------------------------------------------------

==============================================================================


      Code (inc. data)   RO Data    RW Data    ZI Data      Debug   

     39680       3792        672        820      16548     721037   Grand Totals
     39680       3792        672        568      16548     721037   ELF Image Totals (compressed)
     39680       3792        672        568          0          0   ROM Totals

==============================================================================

    Total RO  Size (Code + RO Data)                40352 (  39.41kB)
    Total RW  Size (RW Data + ZI Data)             17368 (  16.96kB)
    Total ROM Size (Code + RO Data + RW Data)      40920 (  39.96kB)

==============================================================================

