<html>
<body>
<pre>
<h1>µVision Build Log</h1>
<h2>Tool Versions:</h2>
IDE-Version: ¦ÌVision V5.27.1.0
Copyright (C) 2019 ARM Ltd and ARM Germany GmbH. All rights reserved.
License Information: 3243 3432, 34534, LIC=YA39U-SP4HF-X7XRZ-JMINQ-WTZ5J-RP36X
 
Tool Versions:
Toolchain:       MDK-ARM Plus  Version: 5.27.1.0
Toolchain Path:  D:\Keil_v5\ARM\ARMCC\Bin
C Compiler:      Armcc.exe V5.06 update 6 (build 750)
Assembler:       Armasm.exe V5.06 update 6 (build 750)
Linker/Locator:  ArmLink.exe V5.06 update 6 (build 750)
Library Manager: ArmAr.exe V5.06 update 6 (build 750)
Hex Converter:   FromElf.exe V5.06 update 6 (build 750)
CPU DLL:         SARMCM3.DLL V5.27.1.0
Dialog DLL:      DCM.DLL V1.17.2.0
Target DLL:      STLink\ST-LINKIII-KEIL_SWO.dll V3.0.6.0
Dialog DLL:      TCM.DLL V1.36.1.0
 
<h2>Project:</h2>
C:\Users\Fubiao.Guo\Desktop\BESTBEW\WS28128CONTROL\LED_CONTROL\MDK-ARM\LED_CONTROL.uvprojx
Project File Date:  06/25/2019

<h2>Output:</h2>
*** Using Compiler 'V5.06 update 6 (build 750)', folder: 'D:\Keil_v5\ARM\ARMCC\Bin'
Build target 'LED_CONTROL'
compiling freertos.c...
..\BSP\bsp_lcd_gui.h(20): warning:  #1-D: last line of file ends without a newline
  #endif
../Src/freertos.c(100): warning:  #223-D: function "Lcd_Init" declared implicitly
  	 Lcd_Init();		
../Src/freertos.c(101): warning:  #223-D: function "Lcd_Clear" declared implicitly
  	  Lcd_Clear(0xffff) ;
../Src/freertos.c(102): warning:  #223-D: function "Gui_DrawFont_GBK16" declared implicitly
  	 Gui_DrawFont_GBK16(35,20,BLUE,GRAY0,"wifiÒÑ¶Ï¿ª");
../Src/freertos.c(144): warning:  #223-D: function "system_mode_led" declared implicitly
             system_mode_led(2);
../Src/freertos.c(163): warning:  #223-D: function "system_mode_led" declared implicitly
  						system_mode_led(3);
../Src/freertos.c(170): warning:  #223-D: function "system_mode_led" declared implicitly
  					   system_mode_led(3);
../Src/freertos.c(179): warning:  #223-D: function "system_mode_led" declared implicitly
  					system_mode_led(1);
../Src/freertos.c(231): warning:  #223-D: function "system_mode_led" declared implicitly
  					system_mode_led(1);
../Src/freertos.c(232): warning:  #188-D: enumerated type mixed with another type
  	DMA_WS2812_Ramp(LED_MAX, 255, 1);
../Src/freertos.c(233): warning:  #188-D: enumerated type mixed with another type
    DMA_WS2812_Ramp(LED_MAX, 255, 2);
../Src/freertos.c(234): warning:  #188-D: enumerated type mixed with another type
    DMA_WS2812_Ramp(LED_MAX, 255, 3);
../Src/freertos.c(235): warning:  #188-D: enumerated type mixed with another type
  	DMA_WS2812_Rampping(LED_MAX, 255, 2);				   
../Src/freertos.c(244): warning:  #223-D: function "DMA_WS2812_circulation" declared implicitly
    DMA_WS2812_circulation(LED_MAX);
../Src/freertos.c(245): warning:  #223-D: function "DMA_WS2812_circulation_more" declared implicitly
  	DMA_WS2812_circulation_more(LED_MAX,0);
../Src/freertos.c: 15 warnings, 0 errors
linking...
Program Size: Code=38792 RO-data=5112 RW-data=788 ZI-data=18348  
FromELF: creating hex file...
After Build - User command #1: fromelf --bin --output C:\Users\Fubiao.Guo\Desktop\BESTBEW\WS28128CONTROL\LED_CONTROL\MDK-ARM\LED_CONTROL\LED_CONTROL.bin C:\Users\Fubiao.Guo\Desktop\BESTBEW\WS28128CONTROL\LED_CONTROL\MDK-ARM\LED_CONTROL\LED_CONTROL.AXF
"LED_CONTROL\LED_CONTROL.axf" - 0 Error(s), 15 Warning(s).

<h2>Software Packages used:</h2>

Package Vendor: ARM
                http://www.keil.com/pack/ARM.CMSIS.5.5.1.pack
                ARM.CMSIS.5.5.1
                CMSIS (Cortex Microcontroller Software Interface Standard)
   * Component: CORE Version: 5.2.0

Package Vendor: Keil
                http://www.keil.com/pack/Keil.STM32F1xx_DFP.2.3.0.pack
                Keil.STM32F1xx_DFP.2.3.0
                STMicroelectronics STM32F1 Series Device Support, Drivers and Examples

<h2>Collection of Component include folders:</h2>
  .\RTE\_LED_CONTROL
  D:\Users\Fubiao.Guo\AppData\Local\Arm\Packs\ARM\CMSIS\5.5.1\CMSIS\Core\Include
  D:\Users\Fubiao.Guo\AppData\Local\Arm\Packs\Keil\STM32F1xx_DFP\2.3.0\Device\Include

<h2>Collection of Component Files used:</h2>

   * Component: ARM::CMSIS:CORE:5.2.0
Build Time Elapsed:  00:00:03
</pre>
</body>
</html>
