Component: ARM Compiler 5.06 update 6 (build 750) Tool: armlink [4d35ed]

==============================================================================

Section Cross References

    stm32f1xx_hal_rcc_ex.o(i.HAL_RCCEx_GetPeriphCLKFreq) refers to stm32f1xx_hal_rcc.o(i.HAL_RCC_GetPCLK2Freq) for HAL_RCC_GetPCLK2Freq
    stm32f1xx_hal_rcc_ex.o(i.HAL_RCCEx_PeriphCLKConfig) refers to stm32f1xx_hal.o(i.HAL_GetTick) for HAL_GetTick
    stm32f1xx_hal_rcc.o(i.HAL_RCC_ClockConfig) refers to stm32f1xx_hal.o(i.HAL_GetTick) for HAL_GetTick
    stm32f1xx_hal_rcc.o(i.HAL_RCC_ClockConfig) refers to stm32f1xx_hal_rcc.o(i.HAL_RCC_GetSysClockFreq) for HAL_RCC_GetSysClockFreq
    stm32f1xx_hal_rcc.o(i.HAL_RCC_ClockConfig) refers to stm32f1xx_hal.o(i.HAL_InitTick) for HAL_InitTick
    stm32f1xx_hal_rcc.o(i.HAL_RCC_ClockConfig) refers to system_stm32f1xx.o(.constdata) for AHBPrescTable
    stm32f1xx_hal_rcc.o(i.HAL_RCC_ClockConfig) refers to system_stm32f1xx.o(.data) for SystemCoreClock
    stm32f1xx_hal_rcc.o(i.HAL_RCC_DeInit) refers to stm32f1xx_hal.o(i.HAL_GetTick) for HAL_GetTick
    stm32f1xx_hal_rcc.o(i.HAL_RCC_DeInit) refers to stm32f1xx_hal.o(i.HAL_InitTick) for HAL_InitTick
    stm32f1xx_hal_rcc.o(i.HAL_RCC_DeInit) refers to system_stm32f1xx.o(.data) for SystemCoreClock
    stm32f1xx_hal_rcc.o(i.HAL_RCC_GetHCLKFreq) refers to system_stm32f1xx.o(.data) for SystemCoreClock
    stm32f1xx_hal_rcc.o(i.HAL_RCC_GetPCLK1Freq) refers to system_stm32f1xx.o(.data) for SystemCoreClock
    stm32f1xx_hal_rcc.o(i.HAL_RCC_GetPCLK1Freq) refers to system_stm32f1xx.o(.constdata) for APBPrescTable
    stm32f1xx_hal_rcc.o(i.HAL_RCC_GetPCLK2Freq) refers to system_stm32f1xx.o(.data) for SystemCoreClock
    stm32f1xx_hal_rcc.o(i.HAL_RCC_GetPCLK2Freq) refers to system_stm32f1xx.o(.constdata) for APBPrescTable
    stm32f1xx_hal_rcc.o(i.HAL_RCC_MCOConfig) refers to stm32f1xx_hal_gpio.o(i.HAL_GPIO_Init) for HAL_GPIO_Init
    stm32f1xx_hal_rcc.o(i.HAL_RCC_NMI_IRQHandler) refers to stm32f1xx_hal_rcc.o(i.HAL_RCC_CSSCallback) for HAL_RCC_CSSCallback
    stm32f1xx_hal_rcc.o(i.HAL_RCC_OscConfig) refers to stm32f1xx_hal.o(i.HAL_GetTick) for HAL_GetTick
    stm32f1xx_hal_rcc.o(i.HAL_RCC_OscConfig) refers to system_stm32f1xx.o(.data) for SystemCoreClock
    stm32f1xx_hal_cortex.o(i.HAL_NVIC_SetPriority) refers to stm32f1xx_hal_cortex.o(i.NVIC_SetPriority) for NVIC_SetPriority
    stm32f1xx_hal_cortex.o(i.HAL_SYSTICK_Config) refers to stm32f1xx_hal_cortex.o(i.NVIC_SetPriority) for NVIC_SetPriority
    stm32f1xx_hal_cortex.o(i.HAL_SYSTICK_IRQHandler) refers to stm32f1xx_hal_cortex.o(i.HAL_SYSTICK_Callback) for HAL_SYSTICK_Callback
    stm32f1xx_hal_flash.o(i.FLASH_Program_HalfWord) refers to stm32f1xx_hal_flash.o(.bss) for .bss
    stm32f1xx_hal_flash.o(i.FLASH_SetErrorCode) refers to stm32f1xx_hal_flash.o(.bss) for .bss
    stm32f1xx_hal_flash.o(i.FLASH_WaitForLastOperation) refers to stm32f1xx_hal.o(i.HAL_GetTick) for HAL_GetTick
    stm32f1xx_hal_flash.o(i.FLASH_WaitForLastOperation) refers to stm32f1xx_hal_flash.o(i.FLASH_SetErrorCode) for FLASH_SetErrorCode
    stm32f1xx_hal_flash.o(i.HAL_FLASH_GetError) refers to stm32f1xx_hal_flash.o(.bss) for .bss
    stm32f1xx_hal_flash.o(i.HAL_FLASH_IRQHandler) refers to stm32f1xx_hal_flash.o(i.FLASH_SetErrorCode) for FLASH_SetErrorCode
    stm32f1xx_hal_flash.o(i.HAL_FLASH_IRQHandler) refers to stm32f1xx_hal_flash.o(i.HAL_FLASH_OperationErrorCallback) for HAL_FLASH_OperationErrorCallback
    stm32f1xx_hal_flash.o(i.HAL_FLASH_IRQHandler) refers to stm32f1xx_hal_flash.o(i.FLASH_Program_HalfWord) for FLASH_Program_HalfWord
    stm32f1xx_hal_flash.o(i.HAL_FLASH_IRQHandler) refers to stm32f1xx_hal_flash.o(i.HAL_FLASH_EndOfOperationCallback) for HAL_FLASH_EndOfOperationCallback
    stm32f1xx_hal_flash.o(i.HAL_FLASH_IRQHandler) refers to stm32f1xx_hal_flash_ex.o(i.FLASH_PageErase) for FLASH_PageErase
    stm32f1xx_hal_flash.o(i.HAL_FLASH_IRQHandler) refers to stm32f1xx_hal_flash.o(.bss) for .bss
    stm32f1xx_hal_flash.o(i.HAL_FLASH_OB_Launch) refers to stm32f1xx_hal_cortex.o(i.HAL_NVIC_SystemReset) for HAL_NVIC_SystemReset
    stm32f1xx_hal_flash.o(i.HAL_FLASH_Program) refers to stm32f1xx_hal_flash.o(i.FLASH_WaitForLastOperation) for FLASH_WaitForLastOperation
    stm32f1xx_hal_flash.o(i.HAL_FLASH_Program) refers to llushr.o(.text) for __aeabi_llsr
    stm32f1xx_hal_flash.o(i.HAL_FLASH_Program) refers to stm32f1xx_hal_flash.o(i.FLASH_Program_HalfWord) for FLASH_Program_HalfWord
    stm32f1xx_hal_flash.o(i.HAL_FLASH_Program) refers to stm32f1xx_hal_flash.o(.bss) for .bss
    stm32f1xx_hal_flash.o(i.HAL_FLASH_Program_IT) refers to stm32f1xx_hal_flash.o(i.FLASH_Program_HalfWord) for FLASH_Program_HalfWord
    stm32f1xx_hal_flash.o(i.HAL_FLASH_Program_IT) refers to stm32f1xx_hal_flash.o(.bss) for .bss
    stm32f1xx_hal.o(i.HAL_DeInit) refers to stm32f1xx_hal.o(i.HAL_MspDeInit) for HAL_MspDeInit
    stm32f1xx_hal.o(i.HAL_Delay) refers to stm32f1xx_hal.o(i.HAL_GetTick) for HAL_GetTick
[...]
    vPortGetIPSR                             0x08000191   Thumb Code     6  port.o(.emb_text)
    Reset_Handler                            0x08000199   Thumb Code     8  startup_stm32f103xb.o(.text)
    ADC1_2_IRQHandler                        0x080001b3   Thumb Code     0  startup_stm32f103xb.o(.text)
    CAN1_RX1_IRQHandler                      0x080001b3   Thumb Code     0  startup_stm32f103xb.o(.text)
    CAN1_SCE_IRQHandler                      0x080001b3   Thumb Code     0  startup_stm32f103xb.o(.text)
    DMA1_Channel1_IRQHandler                 0x080001b3   Thumb Code     0  startup_stm32f103xb.o(.text)
    DMA1_Channel4_IRQHandler                 0x080001b3   Thumb Code     0  startup_stm32f103xb.o(.text)
    DMA1_Channel6_IRQHandler                 0x080001b3   Thumb Code     0  startup_stm32f103xb.o(.text)
    DMA1_Channel7_IRQHandler                 0x080001b3   Thumb Code     0  startup_stm32f103xb.o(.text)
    EXTI0_IRQHandler                         0x080001b3   Thumb Code     0  startup_stm32f103xb.o(.text)
    EXTI15_10_IRQHandler                     0x080001b3   Thumb Code     0  startup_stm32f103xb.o(.text)
    EXTI1_IRQHandler                         0x080001b3   Thumb Code     0  startup_stm32f103xb.o(.text)
    EXTI2_IRQHandler                         0x080001b3   Thumb Code     0  startup_stm32f103xb.o(.text)
    EXTI3_IRQHandler                         0x080001b3   Thumb Code     0  startup_stm32f103xb.o(.text)
    EXTI4_IRQHandler                         0x080001b3   Thumb Code     0  startup_stm32f103xb.o(.text)
    EXTI9_5_IRQHandler                       0x080001b3   Thumb Code     0  startup_stm32f103xb.o(.text)
    FLASH_IRQHandler                         0x080001b3   Thumb Code     0  startup_stm32f103xb.o(.text)
    I2C1_ER_IRQHandler                       0x080001b3   Thumb Code     0  startup_stm32f103xb.o(.text)
    I2C1_EV_IRQHandler                       0x080001b3   Thumb Code     0  startup_stm32f103xb.o(.text)
    I2C2_ER_IRQHandler                       0x080001b3   Thumb Code     0  startup_stm32f103xb.o(.text)
    I2C2_EV_IRQHandler                       0x080001b3   Thumb Code     0  startup_stm32f103xb.o(.text)
    PVD_IRQHandler                           0x080001b3   Thumb Code     0  startup_stm32f103xb.o(.text)
    RCC_IRQHandler                           0x080001b3   Thumb Code     0  startup_stm32f103xb.o(.text)
    RTC_Alarm_IRQHandler                     0x080001b3   Thumb Code     0  startup_stm32f103xb.o(.text)
    RTC_IRQHandler                           0x080001b3   Thumb Code     0  startup_stm32f103xb.o(.text)
    SPI1_IRQHandler                          0x080001b3   Thumb Code     0  startup_stm32f103xb.o(.text)
    SPI2_IRQHandler                          0x080001b3   Thumb Code     0  startup_stm32f103xb.o(.text)
    TAMPER_IRQHandler                        0x080001b3   Thumb Code     0  startup_stm32f103xb.o(.text)
    TIM1_BRK_IRQHandler                      0x080001b3   Thumb Code     0  startup_stm32f103xb.o(.text)
    TIM1_CC_IRQHandler                       0x080001b3   Thumb Code     0  startup_stm32f103xb.o(.text)
    TIM1_TRG_COM_IRQHandler                  0x080001b3   Thumb Code     0  startup_stm32f103xb.o(.text)
    TIM1_UP_IRQHandler                       0x080001b3   Thumb Code     0  startup_stm32f103xb.o(.text)
    TIM3_IRQHandler                          0x080001b3   Thumb Code     0  startup_stm32f103xb.o(.text)
    TIM4_IRQHandler                          0x080001b3   Thumb Code     0  startup_stm32f103xb.o(.text)
    USART1_IRQHandler                        0x080001b3   Thumb Code     0  startup_stm32f103xb.o(.text)
    USART2_IRQHandler                        0x080001b3   Thumb Code     0  startup_stm32f103xb.o(.text)
    USBWakeUp_IRQHandler                     0x080001b3   Thumb Code     0  startup_stm32f103xb.o(.text)
    USB_HP_CAN1_TX_IRQHandler                0x080001b3   Thumb Code     0  startup_stm32f103xb.o(.text)
    USB_LP_CAN1_RX0_IRQHandler               0x080001b3   Thumb Code     0  startup_stm32f103xb.o(.text)
    WWDG_IRQHandler                          0x080001b3   Thumb Code     0  startup_stm32f103xb.o(.text)
    __aeabi_llsr                             0x080001bd   Thumb Code    32  llushr.o(.text)
    _ll_ushift_r                             0x080001bd   Thumb Code     0  llushr.o(.text)
    rand                                     0x080001dd   Thumb Code    20  rand.o(.text)
    srand                                    0x080001f1   Thumb Code     6  rand.o(.text)
    __aeabi_memcpy                           0x08000201   Thumb Code    36  memcpya.o(.text)
    __aeabi_memcpy4                          0x08000201   Thumb Code     0  memcpya.o(.text)
    __aeabi_memcpy8                          0x08000201   Thumb Code     0  memcpya.o(.text)
    __aeabi_memset                           0x08000225   Thumb Code    14  memseta.o(.text)
    __aeabi_memset4                          0x08000225   Thumb Code     0  memseta.o(.text)
    __aeabi_memset8                          0x08000225   Thumb Code     0  memseta.o(.text)
    __aeabi_memclr                           0x08000233   Thumb Code     4  memseta.o(.text)
    __aeabi_memclr4                          0x08000233   Thumb Code     0  memseta.o(.text)
    __aeabi_memclr8                          0x08000233   Thumb Code     0  memseta.o(.text)
    _memset$wrapper                          0x08000237   Thumb Code    18  memseta.o(.text)
    strcat                                   0x08000249   Thumb Code    24  strcat.o(.text)
    strstr                                   0x08000261   Thumb Code    36  strstr.o(.text)
    strlen                                   0x08000285   Thumb Code    14  strlen.o(.text)
    strcmp                                   0x08000293   Thumb Code    28  strcmp.o(.text)
    strcpy                                   0x080002af   Thumb Code    18  strcpy.o(.text)
    atoi                                     0x080002c1   Thumb Code    26  atoi.o(.text)
    __aeabi_fmul                             0x080002db   Thumb Code   100  fmul.o(.text)
    __aeabi_dadd                             0x0800033f   Thumb Code   322  dadd.o(.text)
    __aeabi_dsub                             0x08000481   Thumb Code     6  dadd.o(.text)
    __aeabi_drsub                            0x08000487   Thumb Code     6  dadd.o(.text)
    __aeabi_dmul                             0x0800048d   Thumb Code   228  dmul.o(.text)
    __aeabi_ddiv                             0x08000571   Thumb Code   222  ddiv.o(.text)
    __ARM_scalbn                             0x0800064f   Thumb Code    46  dscalb.o(.text)
    scalbn                                   0x0800064f   Thumb Code     0  dscalb.o(.text)
    __aeabi_ui2f                             0x0800067d   Thumb Code    10  ffltui.o(.text)
    __aeabi_ui2d                             0x08000687   Thumb Code    26  dfltui.o(.text)
    __aeabi_d2uiz                            0x080006a1   Thumb Code    50  dfixui.o(.text)
    __aeabi_f2d                              0x080006d3   Thumb Code    38  f2d.o(.text)
    __aeabi_cdcmpeq                          0x080006f9   Thumb Code     0  cdcmple.o(.text)
    __aeabi_cdcmple                          0x080006f9   Thumb Code    48  cdcmple.o(.text)
    __aeabi_cdrcmple                         0x08000729   Thumb Code    48  cdrcmple.o(.text)
    __aeabi_d2f                              0x08000759   Thumb Code    56  d2f.o(.text)
    __aeabi_uldivmod                         0x08000791   Thumb Code    98  uldiv.o(.text)
    __aeabi_llsl                             0x080007f3   Thumb Code    30  llshl.o(.text)
    _ll_shift_l                              0x080007f3   Thumb Code     0  llshl.o(.text)
    __aeabi_lasr                             0x08000811   Thumb Code    36  llsshr.o(.text)
    _ll_sshift_r                             0x08000811   Thumb Code     0  llsshr.o(.text)
    strtol                                   0x08000835   Thumb Code   112  strtol.o(.text)
    __I$use$fp                               0x080008a5   Thumb Code     0  iusefp.o(.text)
    _float_round                             0x080008a5   Thumb Code    18  fepilogue.o(.text)
    _float_epilogue                          0x080008b7   Thumb Code    92  fepilogue.o(.text)
    _double_round                            0x08000913   Thumb Code    30  depilogue.o(.text)
    _double_epilogue                         0x08000931   Thumb Code   156  depilogue.o(.text)
    __scatterload                            0x080009cd   Thumb Code    28  init.o(.text)
    __scatterload_rt2                        0x080009cd   Thumb Code     0  init.o(.text)
    __rt_ctype_table                         0x080009f1   Thumb Code     4  ctype_o.o(.text)
    _strtoul                                 0x080009f9   Thumb Code   158  _strtoul.o(.text)
    __aeabi_i2d                              0x08000a97   Thumb Code    34  dflti.o(.text)
    __aeabi_d2iz                             0x08000ab9   Thumb Code    62  dfixi.o(.text)
    _chval                                   0x08000af7   Thumb Code    28  _chval.o(.text)
    __decompress                             0x08000b13   Thumb Code     0  __dczerorl.o(.text)
    __decompress0                            0x08000b13   Thumb Code    58  __dczerorl.o(.text)
    BusFault_Handler                         0x08000b4d   Thumb Code     2  stm32f1xx_it.o(i.BusFault_Handler)
    Calc_CRC16                               0x08000b51   Thumb Code    40  crc.o(i.Calc_CRC16)
    DMA1_Channel2_IRQHandler                 0x08000b7d   Thumb Code     6  stm32f1xx_it.o(i.DMA1_Channel2_IRQHandler)
    DMA1_Channel3_IRQHandler                 0x08000b89   Thumb Code     6  stm32f1xx_it.o(i.DMA1_Channel3_IRQHandler)
    DMA1_Channel5_IRQHandler                 0x08000b95   Thumb Code   126  bsp_ws2812.o(i.DMA1_Channel5_IRQHandler)
    DMA_Callback_init                        0x08000c25   Thumb Code    14  bsp_ws2812.o(i.DMA_Callback_init)
    DMA_CpltCallback                         0x08000c33   Thumb Code     2  bsp_ws2812.o(i.DMA_CpltCallback)
    DMA_HalfCpltCallback                     0x08000c35   Thumb Code     2  bsp_ws2812.o(i.DMA_HalfCpltCallback)
    DMA_RegisterCpltCallback                 0x08000c39   Thumb Code    10  bsp_ws2812.o(i.DMA_RegisterCpltCallback)
    DMA_RegisterHalfCallback                 0x08000c4d   Thumb Code    10  bsp_ws2812.o(i.DMA_RegisterHalfCallback)
    DMA_START                                0x08000c61   Thumb Code    28  bsp_usart.o(i.DMA_START)
    DMA_USART_IDLE_INIT                      0x08000ca9   Thumb Code     8  bsp_usart.o(i.DMA_USART_IDLE_INIT)
    DMA_WS2812_Mie                           0x08000cb9   Thumb Code    88  bsp_ws2812.o(i.DMA_WS2812_Mie)
    DMA_WS2812_Ramp                          0x08000d1d   Thumb Code    74  ws2812_app.o(i.DMA_WS2812_Ramp)
    DMA_WS2812_Rampping                      0x08000d69   Thumb Code    82  ws2812_app.o(i.DMA_WS2812_Rampping)
    DMA_WS2812_Reset                         0x08000dc1   Thumb Code    58  bsp_ws2812.o(i.DMA_WS2812_Reset)
    DMA_WS2812_Run                           0x08000e0d   Thumb Code   166  ws2812_app.o(i.DMA_WS2812_Run)
    DMA_WS2812_Running                       0x08000eb9   Thumb Code   136  ws2812_app.o(i.DMA_WS2812_Running)
    DMA_WS2812_Running_more                  0x08000f41   Thumb Code   138  ws2812_app.o(i.DMA_WS2812_Running_more)
    DMA_WS2812_SIN                           0x08000fcd   Thumb Code   142  bsp_ws2812.o(i.DMA_WS2812_SIN)
    DMA_WS2812_SIN_More                      0x08001075   Thumb Code   178  bsp_ws2812.o(i.DMA_WS2812_SIN_More)
    DMA_WS2812_circulation                   0x08001141   Thumb Code    86  ws2812_app.o(i.DMA_WS2812_circulation)
    DMA_WS2812_circulation_buf               0x0800119d   Thumb Code   162  ws2812_app.o(i.DMA_WS2812_circulation_buf)
    DMA_WS2812_circulation_buf_more          0x08001245   Thumb Code   950  ws2812_app.o(i.DMA_WS2812_circulation_buf_more)
    DMA_WS2812_circulation_more              0x08001601   Thumb Code   158  ws2812_app.o(i.DMA_WS2812_circulation_more)
    DMA_WS2812_data_flash                    0x080016a5   Thumb Code    10  ws2812_app.o(i.DMA_WS2812_data_flash)
    DMA_WS2812_data_flash_1                  0x080016af   Thumb Code    10  ws2812_app.o(i.DMA_WS2812_data_flash_1)
    DMA_WS2812_data_refresh                  0x080016b9   Thumb Code     4  ws2812_app.o(i.DMA_WS2812_data_refresh)
    DMA_WS2812_data_shift                    0x080016bd   Thumb Code   122  bsp_ws2812.o(i.DMA_WS2812_data_shift)
    DMA_WS2812_data_shift_light              0x0800173d   Thumb Code    88  bsp_ws2812.o(i.DMA_WS2812_data_shift_light)
    DMA_WS2812_data_shift_more               0x08001799   Thumb Code   146  bsp_ws2812.o(i.DMA_WS2812_data_shift_more)
    DMA_WS2812_light                         0x08001831   Thumb Code    72  bsp_ws2812.o(i.DMA_WS2812_light)
    DMA_WS2812_shade_light                   0x08001889   Thumb Code    44  ws2812_app.o(i.DMA_WS2812_shade_light)
    DMA_WS2812_shade_logo                    0x080018b5   Thumb Code  1130  ws2812_app.o(i.DMA_WS2812_shade_logo)
    DMA_WS2812_shade_logo_all                0x08001d1f   Thumb Code    24  ws2812_app.o(i.DMA_WS2812_shade_logo_all)
    DMA_WS2812_shade_logo_one                0x08001d39   Thumb Code  1144  ws2812_app.o(i.DMA_WS2812_shade_logo_one)
    DebugMon_Handler                         0x080021b1   Thumb Code     2  stm32f1xx_it.o(i.DebugMon_Handler)
    FLASH_PageErase                          0x080021d9   Thumb Code    28  stm32f1xx_hal_flash_ex.o(i.FLASH_PageErase)
    FLASH_WaitForLastOperation               0x08002275   Thumb Code    80  stm32f1xx_hal_flash.o(i.FLASH_WaitForLastOperation)
    GRBTOPWM                                 0x080022c9   Thumb Code   148  bsp_ws2812.o(i.GRBTOPWM)
    Gui_DrawFont_GBK16                       0x08002365   Thumb Code   338  bsp_lcd_gui.o(i.Gui_DrawFont_GBK16)
    Gui_DrawPoint                            0x080024c1   Thumb Code    26  bsp_lcd.o(i.Gui_DrawPoint)
    HAL_DMA_Abort                            0x080024db   Thumb Code    48  stm32f1xx_hal_dma.o(i.HAL_DMA_Abort)
    HAL_DMA_Abort_IT                         0x0800250d   Thumb Code   148  stm32f1xx_hal_dma.o(i.HAL_DMA_Abort_IT)
    HAL_DMA_IRQHandler                       0x080025a5   Thumb Code   316  stm32f1xx_hal_dma.o(i.HAL_DMA_IRQHandler)
    HAL_DMA_Init                             0x080026f9   Thumb Code    92  stm32f1xx_hal_dma.o(i.HAL_DMA_Init)
    HAL_DMA_RegisterCallback                 0x0800275d   Thumb Code    74  stm32f1xx_hal_dma.o(i.HAL_DMA_RegisterCallback)
    HAL_DMA_Start_IT                         0x080027a7   Thumb Code   112  stm32f1xx_hal_dma.o(i.HAL_DMA_Start_IT)
    HAL_Delay                                0x08002819   Thumb Code    32  stm32f1xx_hal.o(i.HAL_Delay)
    HAL_FLASHEx_Erase                        0x0800283d   Thumb Code   160  stm32f1xx_hal_flash_ex.o(i.HAL_FLASHEx_Erase)
    HAL_FLASH_Lock                           0x080028e5   Thumb Code    14  stm32f1xx_hal_flash.o(i.HAL_FLASH_Lock)
    HAL_FLASH_Program                        0x080028f9   Thumb Code   120  stm32f1xx_hal_flash.o(i.HAL_FLASH_Program)
    HAL_FLASH_Unlock                         0x08002979   Thumb Code    28  stm32f1xx_hal_flash.o(i.HAL_FLASH_Unlock)
    HAL_GPIO_Init                            0x080029a1   Thumb Code   408  stm32f1xx_hal_gpio.o(i.HAL_GPIO_Init)
    HAL_GPIO_WritePin                        0x08002b5d   Thumb Code    10  stm32f1xx_hal_gpio.o(i.HAL_GPIO_WritePin)
    HAL_GetTick                              0x08002b69   Thumb Code     6  stm32f1xx_hal.o(i.HAL_GetTick)
    HAL_IncTick                              0x08002b75   Thumb Code    12  stm32f1xx_hal.o(i.HAL_IncTick)
    HAL_Init                                 0x08002b85   Thumb Code    32  stm32f1xx_hal.o(i.HAL_Init)
    HAL_InitTick                             0x08002ba9   Thumb Code    54  stm32f1xx_hal.o(i.HAL_InitTick)
    HAL_MspInit                              0x08002be9   Thumb Code   118  stm32f1xx_hal_msp.o(i.HAL_MspInit)
    HAL_NVIC_EnableIRQ                       0x08002c69   Thumb Code    22  stm32f1xx_hal_cortex.o(i.HAL_NVIC_EnableIRQ)
    HAL_NVIC_SetPriority                     0x08002c81   Thumb Code    60  stm32f1xx_hal_cortex.o(i.HAL_NVIC_SetPriority)
    HAL_NVIC_SetPriorityGrouping             0x08002cc1   Thumb Code    26  stm32f1xx_hal_cortex.o(i.HAL_NVIC_SetPriorityGrouping)
    HAL_PWR_EnableBkUpAccess                 0x08002ce5   Thumb Code     8  stm32f1xx_hal_pwr.o(i.HAL_PWR_EnableBkUpAccess)
    HAL_RCCEx_GetPeriphCLKFreq               0x08002cf1   Thumb Code   166  stm32f1xx_hal_rcc_ex.o(i.HAL_RCCEx_GetPeriphCLKFreq)
    HAL_RCCEx_PeriphCLKConfig                0x08002db9   Thumb Code   224  stm32f1xx_hal_rcc_ex.o(i.HAL_RCCEx_PeriphCLKConfig)
    HAL_RCC_CSSCallback                      0x08002ea5   Thumb Code     2  stm32f1xx_hal_rcc.o(i.HAL_RCC_CSSCallback)
    HAL_RCC_ClockConfig                      0x08002ea9   Thumb Code   322  stm32f1xx_hal_rcc.o(i.HAL_RCC_ClockConfig)
    HAL_RCC_EnableCSS                        0x08002ffd   Thumb Code     8  stm32f1xx_hal_rcc.o(i.HAL_RCC_EnableCSS)
    HAL_RCC_GetHCLKFreq                      0x08003009   Thumb Code     6  stm32f1xx_hal_rcc.o(i.HAL_RCC_GetHCLKFreq)
    HAL_RCC_GetPCLK1Freq                     0x08003015   Thumb Code    20  stm32f1xx_hal_rcc.o(i.HAL_RCC_GetPCLK1Freq)
    HAL_RCC_GetPCLK2Freq                     0x08003035   Thumb Code    20  stm32f1xx_hal_rcc.o(i.HAL_RCC_GetPCLK2Freq)
    HAL_RCC_GetSysClockFreq                  0x08003055   Thumb Code    74  stm32f1xx_hal_rcc.o(i.HAL_RCC_GetSysClockFreq)
    HAL_RCC_NMI_IRQHandler                   0x080030c1   Thumb Code    20  stm32f1xx_hal_rcc.o(i.HAL_RCC_NMI_IRQHandler)
    HAL_RCC_OscConfig                        0x080030d9   Thumb Code   750  stm32f1xx_hal_rcc.o(i.HAL_RCC_OscConfig)
    HAL_RTCEx_BKUPRead                       0x080033dd   Thumb Code    10  stm32f1xx_hal_rtc_ex.o(i.HAL_RTCEx_BKUPRead)
    HAL_RTCEx_BKUPWrite                      0x080033ed   Thumb Code    12  stm32f1xx_hal_rtc_ex.o(i.HAL_RTCEx_BKUPWrite)
    HAL_RTC_GetDate                          0x080033fd   Thumb Code   120  stm32f1xx_hal_rtc.o(i.HAL_RTC_GetDate)
    HAL_RTC_GetTime                          0x08003475   Thumb Code   216  stm32f1xx_hal_rtc.o(i.HAL_RTC_GetTime)
    HAL_RTC_Init                             0x0800354d   Thumb Code   154  stm32f1xx_hal_rtc.o(i.HAL_RTC_Init)
    HAL_RTC_MspInit                          0x080035ed   Thumb Code    40  stm32f1xx_hal_msp.o(i.HAL_RTC_MspInit)
    HAL_RTC_SetDate                          0x08003621   Thumb Code   192  stm32f1xx_hal_rtc.o(i.HAL_RTC_SetDate)
    HAL_RTC_SetTime                          0x080036e5   Thumb Code   168  stm32f1xx_hal_rtc.o(i.HAL_RTC_SetTime)
    HAL_RTC_WaitForSynchro                   0x08003791   Thumb Code    58  stm32f1xx_hal_rtc.o(i.HAL_RTC_WaitForSynchro)
    HAL_SPI_Init                             0x080037cb   Thumb Code   130  stm32f1xx_hal_spi_ex.o(i.HAL_SPI_Init)
    HAL_SPI_MspInit                          0x0800384d   Thumb Code    54  stm32f1xx_hal_msp.o(i.HAL_SPI_MspInit)
    HAL_SPI_Transmit                         0x08003891   Thumb Code   360  stm32f1xx_hal_spi.o(i.HAL_SPI_Transmit)
    HAL_SYSTICK_CLKSourceConfig              0x080039f9   Thumb Code    24  stm32f1xx_hal_cortex.o(i.HAL_SYSTICK_CLKSourceConfig)
    HAL_SYSTICK_Config                       0x08003a11   Thumb Code    40  stm32f1xx_hal_cortex.o(i.HAL_SYSTICK_Config)
    HAL_TIMEx_BreakCallback                  0x08003a39   Thumb Code     2  stm32f1xx_hal_tim_ex.o(i.HAL_TIMEx_BreakCallback)
    HAL_TIMEx_CommutationCallback            0x08003a3b   Thumb Code     2  stm32f1xx_hal_tim_ex.o(i.HAL_TIMEx_CommutationCallback)
    HAL_TIMEx_MasterConfigSynchronization    0x08003a3d   Thumb Code    80  stm32f1xx_hal_tim_ex.o(i.HAL_TIMEx_MasterConfigSynchronization)
    HAL_TIM_Base_Init                        0x08003a8d   Thumb Code    54  stm32f1xx_hal_tim.o(i.HAL_TIM_Base_Init)
    HAL_TIM_Base_MspInit                     0x08003ac5   Thumb Code   102  stm32f1xx_hal_msp.o(i.HAL_TIM_Base_MspInit)
    HAL_TIM_ConfigClockSource                0x08003b55   Thumb Code   242  stm32f1xx_hal_tim.o(i.HAL_TIM_ConfigClockSource)
    HAL_TIM_ErrorCallback                    0x08003c47   Thumb Code     2  stm32f1xx_hal_tim.o(i.HAL_TIM_ErrorCallback)
    HAL_TIM_IC_CaptureCallback               0x08003c49   Thumb Code     2  stm32f1xx_hal_tim.o(i.HAL_TIM_IC_CaptureCallback)
    HAL_TIM_IRQHandler                       0x08003c4b   Thumb Code   358  stm32f1xx_hal_tim.o(i.HAL_TIM_IRQHandler)
    HAL_TIM_MspPostInit                      0x08003db1   Thumb Code    30  stm32f1xx_hal_msp.o(i.HAL_TIM_MspPostInit)
    HAL_TIM_OC_DelayElapsedCallback          0x08003dd5   Thumb Code     2  stm32f1xx_hal_tim.o(i.HAL_TIM_OC_DelayElapsedCallback)
    HAL_TIM_PWM_ConfigChannel                0x08003dd7   Thumb Code   208  stm32f1xx_hal_tim.o(i.HAL_TIM_PWM_ConfigChannel)
    HAL_TIM_PWM_Init                         0x08003ea7   Thumb Code    54  stm32f1xx_hal_tim.o(i.HAL_TIM_PWM_Init)
    HAL_TIM_PWM_MspInit                      0x08003edd   Thumb Code     2  stm32f1xx_hal_tim.o(i.HAL_TIM_PWM_MspInit)
    HAL_TIM_PWM_PulseFinishedCallback        0x08003edf   Thumb Code     2  bsp_tim.o(i.HAL_TIM_PWM_PulseFinishedCallback)
    HAL_TIM_PWM_Start_DMA                    0x08003ee1   Thumb Code   216  stm32f1xx_hal_tim.o(i.HAL_TIM_PWM_Start_DMA)
    HAL_TIM_PWM_Stop_DMA                     0x08003fc5   Thumb Code   128  stm32f1xx_hal_tim.o(i.HAL_TIM_PWM_Stop_DMA)
    HAL_TIM_PeriodElapsedCallback            0x08004049   Thumb Code     2  bsp_tim.o(i.HAL_TIM_PeriodElapsedCallback)
    HAL_TIM_TriggerCallback                  0x0800404b   Thumb Code     2  stm32f1xx_hal_tim.o(i.HAL_TIM_TriggerCallback)
    HAL_UART_DMAStop                         0x0800404d   Thumb Code    88  stm32f1xx_hal_uart.o(i.HAL_UART_DMAStop)
    HAL_UART_ErrorCallback                   0x080040a5   Thumb Code     2  stm32f1xx_hal_uart.o(i.HAL_UART_ErrorCallback)
    HAL_UART_IRQHandler                      0x080040a9   Thumb Code   266  stm32f1xx_hal_uart.o(i.HAL_UART_IRQHandler)
    HAL_UART_Init                            0x080041b9   Thumb Code    98  stm32f1xx_hal_uart.o(i.HAL_UART_Init)
    HAL_UART_MspInit                         0x0800421d   Thumb Code   286  stm32f1xx_hal_msp.o(i.HAL_UART_MspInit)
    HAL_UART_Receive_DMA                     0x0800437d   Thumb Code   138  stm32f1xx_hal_uart.o(i.HAL_UART_Receive_DMA)
    HAL_UART_RxCpltCallback                  0x08004415   Thumb Code     2  bsp_usart.o(i.HAL_UART_RxCpltCallback)
    HAL_UART_RxHalfCpltCallback              0x08004417   Thumb Code     2  stm32f1xx_hal_uart.o(i.HAL_UART_RxHalfCpltCallback)
    HAL_UART_Transmit                        0x08004419   Thumb Code   186  stm32f1xx_hal_uart.o(i.HAL_UART_Transmit)
    HAL_UART_Transmit_DMA                    0x080044d5   Thumb Code   114  stm32f1xx_hal_uart.o(i.HAL_UART_Transmit_DMA)
    HAL_UART_TxCpltCallback                  0x08004555   Thumb Code     2  stm32f1xx_hal_uart.o(i.HAL_UART_TxCpltCallback)
    HAL_UART_TxHalfCpltCallback              0x08004557   Thumb Code     2  stm32f1xx_hal_uart.o(i.HAL_UART_TxHalfCpltCallback)
    HLS2RGBvalue                             0x08004559   Thumb Code   216  bsp_ws2812.o(i.HLS2RGBvalue)
    HLS_TO_RGB_ONE                           0x08004641   Thumb Code   420  bsp_ws2812.o(i.HLS_TO_RGB_ONE)
    HardFault_Handler                        0x080047f9   Thumb Code     2  stm32f1xx_it.o(i.HardFault_Handler)
    LCD_WriteData_16Bit                      0x080047fd   Thumb Code    30  bsp_lcd.o(i.LCD_WriteData_16Bit)
    Lcd_Clear                                0x08004821   Thumb Code    46  bsp_lcd.o(i.Lcd_Clear)
    Lcd_Init                                 0x0800484f   Thumb Code   472  bsp_lcd.o(i.Lcd_Init)
    Lcd_Reset                                0x08004a29   Thumb Code    40  bsp_lcd.o(i.Lcd_Reset)
    Lcd_SetRegion                            0x08004a55   Thumb Code    90  bsp_lcd.o(i.Lcd_SetRegion)
    Lcd_WriteData                            0x08004ab1   Thumb Code    24  bsp_lcd.o(i.Lcd_WriteData)
    Lcd_WriteIndex                           0x08004acd   Thumb Code    24  bsp_lcd.o(i.Lcd_WriteIndex)
    MX_DMA_Init                              0x08004ae9   Thumb Code    72  bsp_dma.o(i.MX_DMA_Init)
    MX_GPIO_Init                             0x08004b35   Thumb Code   144  bsp_gpio.o(i.MX_GPIO_Init)
    MX_RTC_Init                              0x08004bd1   Thumb Code   144  bsp_rtc.o(i.MX_RTC_Init)
    MX_SPI1_Init                             0x08004c7d   Thumb Code    68  bsp_spi.o(i.MX_SPI1_Init)
    MX_TIM2_Init                             0x08004cdd   Thumb Code   142  bsp_tim.o(i.MX_TIM2_Init)
    MX_USART1_UART_Init                      0x08004d85   Thumb Code    52  bsp_usart.o(i.MX_USART1_UART_Init)
    MX_USART2_UART_Init                      0x08004dd5   Thumb Code    52  bsp_usart.o(i.MX_USART2_UART_Init)
    MX_USART3_UART_Init                      0x08004e25   Thumb Code    52  bsp_usart.o(i.MX_USART3_UART_Init)
    MemManage_Handler                        0x08004e75   Thumb Code     2  stm32f1xx_it.o(i.MemManage_Handler)
    NMI_Handler                              0x08004e77   Thumb Code     4  stm32f1xx_it.o(i.NMI_Handler)
    SET_PWM_DMA_DODE                         0x080050f1   Thumb Code    78  bsp_ws2812.o(i.SET_PWM_DMA_DODE)
    SPI_WriteData                            0x0800521d   Thumb Code    18  bsp_lcd.o(i.SPI_WriteData)
    STMFLASH_Read                            0x08005235   Thumb Code    26  stm_flash.o(i.STMFLASH_Read)
    STMFLASH_Write                           0x08005251   Thumb Code   202  stm_flash.o(i.STMFLASH_Write)
    STMFLASH_Write_NoCheck                   0x08005325   Thumb Code    44  stm_flash.o(i.STMFLASH_Write_NoCheck)
    SoftReset                                0x08005351   Thumb Code    32  bsp_upgrade.o(i.SoftReset)
    StartDefaultTask                         0x08005379   Thumb Code   310  freertos.o(i.StartDefaultTask)
    SysTick_Handler                          0x08005555   Thumb Code    14  stm32f1xx_it.o(i.SysTick_Handler)
    SystemClock_Config                       0x08005563   Thumb Code   132  main.o(i.SystemClock_Config)
    SystemInit                               0x080055e9   Thumb Code    56  system_stm32f1xx.o(i.SystemInit)
    SystemTask                               0x08005631   Thumb Code    30  freertos.o(i.SystemTask)
    TIM2_IRQHandler                          0x08005655   Thumb Code     6  stm32f1xx_it.o(i.TIM2_IRQHandler)
    TIM_Base_SetConfig                       0x08005661   Thumb Code    94  stm32f1xx_hal_tim.o(i.TIM_Base_SetConfig)
    TIM_CCxChannelCmd                        0x080056cd   Thumb Code    22  stm32f1xx_hal_tim.o(i.TIM_CCxChannelCmd)
    TIM_DMADelayPulseCplt                    0x080056e3   Thumb Code    62  stm32f1xx_hal_tim.o(i.TIM_DMADelayPulseCplt)
    TIM_DMAError                             0x08005721   Thumb Code    16  stm32f1xx_hal_tim.o(i.TIM_DMAError)
    TIM_OC2_SetConfig                        0x080057a5   Thumb Code    84  stm32f1xx_hal_tim.o(i.TIM_OC2_SetConfig)
    USART3_IRQHandler                        0x08005cb5   Thumb Code    20  bsp_usart.o(i.USART3_IRQHandler)
    UsageFault_Handler                       0x08005cd1   Thumb Code     2  stm32f1xx_it.o(i.UsageFault_Handler)
    UsartReceive_IDLE                        0x08005cd3   Thumb Code    62  bsp_usart.o(i.UsartReceive_IDLE)
    Usart_Logo_data                          0x08005d11   Thumb Code  6202  bsp_update.o(i.Usart_Logo_data)
    Ws2812task                               0x080075c5   Thumb Code   138  freertos.o(i.Ws2812task)
    _Error_Handler                           0x08007655   Thumb Code     2  main.o(i._Error_Handler)
    __0printf$8                              0x08007659   Thumb Code    22  printf8.o(i.__0printf$8)
    __1printf$8                              0x08007659   Thumb Code     0  printf8.o(i.__0printf$8)
    __2printf                                0x08007659   Thumb Code     0  printf8.o(i.__0printf$8)
    __0sprintf$8                             0x08007679   Thumb Code    34  printf8.o(i.__0sprintf$8)
    __1sprintf$8                             0x08007679   Thumb Code     0  printf8.o(i.__0sprintf$8)
    __2sprintf                               0x08007679   Thumb Code     0  printf8.o(i.__0sprintf$8)
    __ARM_fpclassify                         0x080076a1   Thumb Code    40  fpclassify.o(i.__ARM_fpclassify)
    __aeabi_errno_addr                       0x080076c9   Thumb Code     4  errno.o(i.__aeabi_errno_addr)
    __rt_errno_addr                          0x080076c9   Thumb Code     0  errno.o(i.__aeabi_errno_addr)
    __ieee754_rem_pio2                       0x080076d1   Thumb Code   828  rred.o(i.__ieee754_rem_pio2)
    __kernel_cos                             0x08007a59   Thumb Code   230  cos_i.o(i.__kernel_cos)
    __kernel_poly                            0x08007b55   Thumb Code   170  poly.o(i.__kernel_poly)
    __kernel_sin                             0x08007c01   Thumb Code   224  sin_i.o(i.__kernel_sin)
    __mathlib_dbl_infnan                     0x08007ced   Thumb Code     6  dunder.o(i.__mathlib_dbl_infnan)
    __mathlib_dbl_invalid                    0x08007cf3   Thumb Code    12  dunder.o(i.__mathlib_dbl_invalid)
    __mathlib_dbl_underflow                  0x08007d01   Thumb Code    10  dunder.o(i.__mathlib_dbl_underflow)
    __scatterload_copy                       0x08007d11   Thumb Code    14  handlers.o(i.__scatterload_copy)
    __scatterload_null                       0x08007d1f   Thumb Code     2  handlers.o(i.__scatterload_null)
    __scatterload_zeroinit                   0x08007d21   Thumb Code    14  handlers.o(i.__scatterload_zeroinit)
    __set_errno                              0x08007d31   Thumb Code     6  errno.o(i.__set_errno)
    arrange_display                          0x080081a9   Thumb Code   222  ws2812_app.o(i.arrange_display)
    arrange_display_two                      0x08008299   Thumb Code   330  ws2812_app.o(i.arrange_display_two)
    atk_8266_check_cmd                       0x080083f5   Thumb Code    32  esp8266.o(i.atk_8266_check_cmd)
    atk_8266_send_cmd                        0x08008419   Thumb Code   104  esp8266.o(i.atk_8266_send_cmd)
    flash_data_to_color_data                 0x08008499   Thumb Code   754  bsp_update.o(i.flash_data_to_color_data)
    fputc                                    0x080087e5   Thumb Code    20  bsp_usart.o(i.fputc)
    get_timer                                0x080087fd   Thumb Code   202  bsp_rtc.o(i.get_timer)
    main                                     0x080088ed   Thumb Code   188  main.o(i.main)
    osDelay                                  0x08008a05   Thumb Code    14  cmsis_os.o(i.osDelay)
    osKernelStart                            0x08008a13   Thumb Code    10  cmsis_os.o(i.osKernelStart)
    osSystickHandler                         0x08008a1d   Thumb Code    20  cmsis_os.o(i.osSystickHandler)
    osThreadCreate                           0x08008a31   Thumb Code    46  cmsis_os.o(i.osThreadCreate)
    pvPortMalloc                             0x08008dcd   Thumb Code   210  heap_4.o(i.pvPortMalloc)
    pxPortInitialiseStack                    0x08008ea5   Thumb Code    32  port.o(i.pxPortInitialiseStack)
    rand_buff_data                           0x08008ec9   Thumb Code   152  bsp_ws2812.o(i.rand_buff_data)
    read_mode_start                          0x08008f71   Thumb Code    10  bsp_update.o(i.read_mode_start)
    reset_led_light                          0x08008f85   Thumb Code    38  bsp_ws2812.o(i.reset_led_light)
    shift_buf_to_data_one                    0x08008fb1   Thumb Code   108  bsp_ws2812.o(i.shift_buf_to_data_one)
    shift_buf_to_data_two                    0x08009021   Thumb Code   108  bsp_ws2812.o(i.shift_buf_to_data_two)
    sin                                      0x08009091   Thumb Code   150  sin.o(i.sin)
    system_mode_led                          0x08009131   Thumb Code    74  bsp_led.o(i.system_mode_led)
    uxListRemove                             0x08009181   Thumb Code    36  list.o(i.uxListRemove)
    vListInitialise                          0x080091a5   Thumb Code    22  list.o(i.vListInitialise)
    vListInitialiseItem                      0x080091bb   Thumb Code     6  list.o(i.vListInitialiseItem)
    vListInsert                              0x080091c1   Thumb Code    48  list.o(i.vListInsert)
    vListInsertEnd                           0x080091f1   Thumb Code    24  list.o(i.vListInsertEnd)
    vPortEnterCritical                       0x08009209   Thumb Code    54  port.o(i.vPortEnterCritical)
    vPortExitCritical                        0x08009249   Thumb Code    34  port.o(i.vPortExitCritical)
    vPortFree                                0x08009271   Thumb Code    88  heap_4.o(i.vPortFree)
    vPortSetupTimerInterrupt                 0x080092cd   Thumb Code    26  port.o(i.vPortSetupTimerInterrupt)
    vTaskDelay                               0x080092ed   Thumb Code    66  tasks.o(i.vTaskDelay)
    vTaskResume                              0x08009339   Thumb Code   112  tasks.o(i.vTaskResume)
    vTaskStartScheduler                      0x080093b5   Thumb Code    86  tasks.o(i.vTaskStartScheduler)
    vTaskSuspend                             0x0800941d   Thumb Code   162  tasks.o(i.vTaskSuspend)
    vTaskSuspendAll                          0x080094cd   Thumb Code    10  tasks.o(i.vTaskSuspendAll)
    vTaskSwitchContext                       0x080094dd   Thumb Code    82  tasks.o(i.vTaskSwitchContext)
    wifi_state_led                           0x08009539   Thumb Code    24  bsp_led.o(i.wifi_state_led)
    write_read_flash_jiaoyan                 0x08009555   Thumb Code    48  stm_flash.o(i.write_read_flash_jiaoyan)
    ws2812_rand_light                        0x08009585   Thumb Code    80  ws2812_app.o(i.ws2812_rand_light)
    xPortStartScheduler                      0x080095d5   Thumb Code   102  port.o(i.xPortStartScheduler)
    xPortSysTickHandler                      0x08009649   Thumb Code    38  port.o(i.xPortSysTickHandler)
    xTaskCreate                              0x08009675   Thumb Code    86  tasks.o(i.xTaskCreate)
    xTaskGetSchedulerState                   0x080096cd   Thumb Code    22  tasks.o(i.xTaskGetSchedulerState)
    xTaskIncrementTick                       0x080096e9   Thumb Code   192  tasks.o(i.xTaskIncrementTick)
    xTaskResumeAll                           0x080097b1   Thumb Code   182  tasks.o(i.xTaskResumeAll)
    AHBPrescTable                            0x080098b0   Data          16  system_stm32f1xx.o(.constdata)
    APBPrescTable                            0x080098c0   Data           8  system_stm32f1xx.o(.constdata)
    asc16                                    0x080098c8   Data        1521  bsp_lcd_gui.o(.constdata)
    sz32                                     0x08009eb9   Data        1921  bsp_lcd_gui.o(.constdata)
    hz16                                     0x0800a63a   Data         714  bsp_lcd_gui.o(.constdata)
    hz24                                     0x0800a904   Data         148  bsp_lcd_gui.o(.constdata)
    __ctype_table                            0x0800aab8   Data         129  ctype_o.o(.constdata)
    Region$$Table$$Base                      0x0800ab60   Number         0  anon$$obj.o(Region$$Table)
    Region$$Table$$Limit                     0x0800ab80   Number         0  anon$$obj.o(Region$$Table)
    uwTickFreq                               0x20000000   Data           1  stm32f1xx_hal.o(.data)
    uwTickPrio                               0x20000004   Data           4  stm32f1xx_hal.o(.data)
    uwTick                                   0x20000008   Data           4  stm32f1xx_hal.o(.data)
    defaultTaskHandle                        0x2000000c   Data           4  main.o(.data)
    systemHandle                             0x20000010   Data           4  main.o(.data)
    myTask03Handle                           0x20000014   Data           4  main.o(.data)
    SystemCoreClock                          0x20000018   Data           4  system_stm32f1xx.o(.data)
    control_time                             0x2000001c   Data           3  bsp_rtc.o(.data)
    control_date                             0x2000001f   Data           4  bsp_rtc.o(.data)
    reset_flag                               0x20000024   Data           1  bsp_ws2812.o(.data)
    mie_flag                                 0x20000025   Data           1  bsp_ws2812.o(.data)
    light_flag                               0x20000026   Data           1  bsp_ws2812.o(.data)
    mie_led_count                            0x20000028   Data           2  bsp_ws2812.o(.data)
    mie_led_max                              0x2000002a   Data           2  bsp_ws2812.o(.data)
    light_led_max                            0x2000002c   Data           2  bsp_ws2812.o(.data)
    light_led_count                          0x2000002e   Data           2  bsp_ws2812.o(.data)
    ws28128_mie_buf                          0x20000030   Data          96  bsp_ws2812.o(.data)
    CRCTable16                               0x20000090   Data         512  crc.o(.data)
    write_flash_1                            0x20000290   Data           1  bsp_update.o(.data)
    write_flash_2                            0x20000291   Data           1  bsp_update.o(.data)
    write_flash_3                            0x20000292   Data           1  bsp_update.o(.data)
    write_flash_4                            0x20000293   Data           1  bsp_update.o(.data)
    write_flash_5                            0x20000294   Data           1  bsp_update.o(.data)
    wifilist_len                             0x20000296   Data           2  bsp_update.o(.data)
    system_mode                              0x20000298   Data           5  bsp_update.o(.data)
    logo_upgrade                             0x2000029e   Data           6  bsp_upgrade.o(.data)
    tx_comple_flag                           0x200002a4   Data           1  ws2812_app.o(.data)
    pxCurrentTCB                             0x200002cc   Data           4  tasks.o(.data)
    __stdout                                 0x2000030c   Data           4  stdout.o(.data)
    pFlash                                   0x20000318   Data          32  stm32f1xx_hal_flash.o(.bss)
    hrtc                                     0x20000338   Data          20  main.o(.bss)
    hspi1                                    0x2000034c   Data          88  main.o(.bss)
    htim2                                    0x200003a4   Data          64  main.o(.bss)
    hdma_tim2_ch1                            0x200003e4   Data          68  main.o(.bss)
    huart1                                   0x20000428   Data          64  main.o(.bss)
    huart2                                   0x20000468   Data          64  main.o(.bss)
    huart3                                   0x200004a8   Data          64  main.o(.bss)
    hdma_usart3_rx                           0x200004e8   Data          68  main.o(.bss)
    hdma_usart3_tx                           0x2000052c   Data          68  main.o(.bss)
    UsartType3                               0x20000570   Data        2106  bsp_usart.o(.bss)
    str_time                                 0x20000daa   Data          40  bsp_rtc.o(.bss)
    ws28128_reset_buf                        0x20000dd2   Data         100  bsp_ws2812.o(.bss)
    ws28128_color_buf                        0x20000e36   Data         768  bsp_ws2812.o(.bss)
    ws28128_color_data                       0x20001136   Data          96  bsp_ws2812.o(.bss)
    track_1_color_1                          0x200015a8   Data         102  bsp_update.o(.bss)
    track_1_color_2                          0x2000160e   Data         102  bsp_update.o(.bss)
    track_1_color_3                          0x20001674   Data         102  bsp_update.o(.bss)
    track_1_color_4                          0x200016da   Data         102  bsp_update.o(.bss)
    track_1_color_5                          0x20001740   Data         102  bsp_update.o(.bss)
    track_2_color_1                          0x200017a6   Data         102  bsp_update.o(.bss)
    track_2_color_2                          0x2000180c   Data         102  bsp_update.o(.bss)
    track_2_color_3                          0x20001872   Data         102  bsp_update.o(.bss)
    track_2_color_4                          0x200018d8   Data         102  bsp_update.o(.bss)
    track_2_color_5                          0x2000193e   Data         102  bsp_update.o(.bss)
    track_3_color_1                          0x200019a4   Data         102  bsp_update.o(.bss)
    track_3_color_2                          0x20001a0a   Data         102  bsp_update.o(.bss)
    track_3_color_3                          0x20001a70   Data         102  bsp_update.o(.bss)
    track_3_color_4                          0x20001ad6   Data         102  bsp_update.o(.bss)
    track_3_color_5                          0x20001b3c   Data         102  bsp_update.o(.bss)
    track_4_color_1                          0x20001ba2   Data         102  bsp_update.o(.bss)
    track_4_color_2                          0x20001c08   Data         102  bsp_update.o(.bss)
    track_4_color_3                          0x20001c6e   Data         102  bsp_update.o(.bss)
    track_4_color_4                          0x20001cd4   Data         102  bsp_update.o(.bss)
    track_4_color_5                          0x20001d3a   Data         102  bsp_update.o(.bss)
    track_5_color_1                          0x20001da0   Data         102  bsp_update.o(.bss)
    track_5_color_2                          0x20001e06   Data         102  bsp_update.o(.bss)
    track_5_color_3                          0x20001e6c   Data         102  bsp_update.o(.bss)
    track_5_color_4                          0x20001ed2   Data         102  bsp_update.o(.bss)
    track_5_color_5                          0x20001f38   Data         102  bsp_update.o(.bss)
    temp_color_data                          0x20001f9e   Data         102  bsp_update.o(.bss)
    wifilist                                 0x20002004   Data         500  bsp_update.o(.bss)
    data_conmand                             0x200021f8   Data          30  bsp_update.o(.bss)
    wifi8266                                 0x20002216   Data         142  esp8266.o(.bss)
    __initial_sp                             0x20004ac0   Data           0  startup_stm32f103xb.o(STACK)



==============================================================================

Memory Map of the image

  Image Entry point : 0x080000ed

  Load Region LR_IROM1 (Base: 0x08000000, Size: 0x0000ae94, Max: 0x00010000, ABSOLUTE, COMPRESSED[0x0000ad98])

    Execution Region ER_IROM1 (Exec base: 0x08000000, Load base: 0x08000000, Size: 0x0000ab80, Max: 0x00010000, ABSOLUTE)

    Exec Addr    Load Addr    Size         Type   Attr      Idx    E Section Name        Object

    0x08000000   0x08000000   0x000000ec   Data   RO         2829    RESET               startup_stm32f103xb.o
    0x080000ec   0x080000ec   0x00000000   Code   RO         5515  * .ARM.Collect$$$$00000000  mc_w.l(entry.o)
    0x080000ec   0x080000ec   0x00000004   Code   RO         5854    .ARM.Collect$$$$00000001  mc_w.l(entry2.o)
    0x080000f0   0x080000f0   0x00000004   Code   RO         5857    .ARM.Collect$$$$00000004  mc_w.l(entry5.o)
    0x080000f4   0x080000f4   0x00000000   Code   RO         5859    .ARM.Collect$$$$00000008  mc_w.l(entry7b.o)
    0x080000f4   0x080000f4   0x00000000   Code   RO         5861    .ARM.Collect$$$$0000000A  mc_w.l(entry8b.o)
    0x080000f4   0x080000f4   0x00000008   Code   RO         5862    .ARM.Collect$$$$0000000B  mc_w.l(entry9a.o)
    0x080000fc   0x080000fc   0x00000000   Code   RO         5864    .ARM.Collect$$$$0000000D  mc_w.l(entry10a.o)
    0x080000fc   0x080000fc   0x00000000   Code   RO         5866    .ARM.Collect$$$$0000000F  mc_w.l(entry11a.o)
    0x080000fc   0x080000fc   0x00000004   Code   RO         5855    .ARM.Collect$$$$00002712  mc_w.l(entry2.o)
    0x08000100   0x08000100   0x00000096   Code   RO         4432    .emb_text           port.o
    0x08000196   0x08000196   0x00000002   PAD
    0x08000198   0x08000198   0x00000024   Code   RO         2830    .text               startup_stm32f103xb.o
    0x080001bc   0x080001bc   0x00000020   Code   RO         5518    .text               mc_w.l(llushr.o)
    0x080001dc   0x080001dc   0x00000024   Code   RO         5520    .text               mc_w.l(rand.o)
    0x08000200   0x08000200   0x00000024   Code   RO         5523    .text               mc_w.l(memcpya.o)
    0x08000224   0x08000224   0x00000024   Code   RO         5525    .text               mc_w.l(memseta.o)
    0x08000248   0x08000248   0x00000018   Code   RO         5527    .text               mc_w.l(strcat.o)
    0x08000260   0x08000260   0x00000024   Code   RO         5529    .text               mc_w.l(strstr.o)
    0x08000284   0x08000284   0x0000000e   Code   RO         5531    .text               mc_w.l(strlen.o)
    0x08000292   0x08000292   0x0000001c   Code   RO         5533    .text               mc_w.l(strcmp.o)
    0x080002ae   0x080002ae   0x00000012   Code   RO         5535    .text               mc_w.l(strcpy.o)
    0x080002c0   0x080002c0   0x0000001a   Code   RO         5800    .text               mc_w.l(atoi.o)
    0x080002da   0x080002da   0x00000064   Code   RO         5802    .text               mf_w.l(fmul.o)
    0x0800033e   0x0800033e   0x0000014e   Code   RO         5804    .text               mf_w.l(dadd.o)
    0x0800048c   0x0800048c   0x000000e4   Code   RO         5806    .text               mf_w.l(dmul.o)
    0x08000570   0x08000570   0x000000de   Code   RO         5808    .text               mf_w.l(ddiv.o)
    0x0800064e   0x0800064e   0x0000002e   Code   RO         5810    .text               mf_w.l(dscalb.o)
    0x0800067c   0x0800067c   0x0000000a   Code   RO         5812    .text               mf_w.l(ffltui.o)
    0x08000686   0x08000686   0x0000001a   Code   RO         5814    .text               mf_w.l(dfltui.o)
    0x080006a0   0x080006a0   0x00000032   Code   RO         5816    .text               mf_w.l(dfixui.o)
    0x080006d2   0x080006d2   0x00000026   Code   RO         5818    .text               mf_w.l(f2d.o)
    0x080006f8   0x080006f8   0x00000030   Code   RO         5820    .text               mf_w.l(cdcmple.o)
    0x08000728   0x08000728   0x00000030   Code   RO         5822    .text               mf_w.l(cdrcmple.o)
    0x08000758   0x08000758   0x00000038   Code   RO         5824    .text               mf_w.l(d2f.o)
    0x08000790   0x08000790   0x00000062   Code   RO         5871    .text               mc_w.l(uldiv.o)
    0x080007f2   0x080007f2   0x0000001e   Code   RO         5873    .text               mc_w.l(llshl.o)
    0x08000810   0x08000810   0x00000024   Code   RO         5875    .text               mc_w.l(llsshr.o)
    0x08000834   0x08000834   0x00000070   Code   RO         5884    .text               mc_w.l(strtol.o)
    0x080008a4   0x080008a4   0x00000000   Code   RO         5886    .text               mc_w.l(iusefp.o)
    0x080008a4   0x080008a4   0x0000006e   Code   RO         5887    .text               mf_w.l(fepilogue.o)
    0x08000912   0x08000912   0x000000ba   Code   RO         5889    .text               mf_w.l(depilogue.o)
    0x080009cc   0x080009cc   0x00000024   Code   RO         5897    .text               mc_w.l(init.o)
    0x080009f0   0x080009f0   0x00000008   Code   RO         5899    .text               mc_w.l(ctype_o.o)
    0x080009f8   0x080009f8   0x0000009e   Code   RO         5927    .text               mc_w.l(_strtoul.o)
    0x08000a96   0x08000a96   0x00000022   Code   RO         5929    .text               mf_w.l(dflti.o)
    0x08000ab8   0x08000ab8   0x0000003e   Code   RO         5931    .text               mf_w.l(dfixi.o)
    0x08000af6   0x08000af6   0x0000001c   Code   RO         5933    .text               mc_w.l(_chval.o)
    0x08000b12   0x08000b12   0x0000003a   Code   RO         5943    .text               mc_w.l(__dczerorl.o)
    0x08000b4c   0x08000b4c   0x00000002   Code   RO         2837    i.BusFault_Handler  stm32f1xx_it.o
    0x08000b4e   0x08000b4e   0x00000002   PAD
    0x08000b50   0x08000b50   0x0000002c   Code   RO         3626    i.Calc_CRC16        crc.o
    0x08000b7c   0x08000b7c   0x0000000c   Code   RO         2838    i.DMA1_Channel2_IRQHandler  stm32f1xx_it.o
    0x08000b88   0x08000b88   0x0000000c   Code   RO         2839    i.DMA1_Channel3_IRQHandler  stm32f1xx_it.o
    0x08000b94   0x08000b94   0x00000090   Code   RO         3404    i.DMA1_Channel5_IRQHandler  bsp_ws2812.o
    0x08000c24   0x08000c24   0x0000000e   Code   RO         3405    i.DMA_Callback_init  bsp_ws2812.o
    0x08000c32   0x08000c32   0x00000002   Code   RO         3406    i.DMA_CpltCallback  bsp_ws2812.o
    0x08000c34   0x08000c34   0x00000002   Code   RO         3407    i.DMA_HalfCpltCallback  bsp_ws2812.o
    0x08000c36   0x08000c36   0x00000002   PAD
    0x08000c38   0x08000c38   0x00000014   Code   RO         3408    i.DMA_RegisterCpltCallback  bsp_ws2812.o
    0x08000c4c   0x08000c4c   0x00000014   Code   RO         3409    i.DMA_RegisterHalfCallback  bsp_ws2812.o
    0x08000c60   0x08000c60   0x0000001c   Code   RO         3246    i.DMA_START         bsp_usart.o
    0x08000c7c   0x08000c7c   0x0000002a   Code   RO         1705    i.DMA_SetConfig     stm32f1xx_hal_dma.o
    0x08000ca6   0x08000ca6   0x00000002   PAD
    0x08000ca8   0x08000ca8   0x00000010   Code   RO         3247    i.DMA_USART_IDLE_INIT  bsp_usart.o
    0x08000cb8   0x08000cb8   0x00000064   Code   RO         3410    i.DMA_WS2812_Mie    bsp_ws2812.o
    0x08000d1c   0x08000d1c   0x0000004a   Code   RO         4201    i.DMA_WS2812_Ramp   ws2812_app.o
    0x08000d66   0x08000d66   0x00000002   PAD
    0x08000d68   0x08000d68   0x00000058   Code   RO         4202    i.DMA_WS2812_Rampping  ws2812_app.o
    0x08000dc0   0x08000dc0   0x0000004c   Code   RO         3411    i.DMA_WS2812_Reset  bsp_ws2812.o
    0x08000e0c   0x08000e0c   0x000000ac   Code   RO         4204    i.DMA_WS2812_Run    ws2812_app.o
    0x08000eb8   0x08000eb8   0x00000088   Code   RO         4205    i.DMA_WS2812_Running  ws2812_app.o
    0x08000f40   0x08000f40   0x0000008a   Code   RO         4206    i.DMA_WS2812_Running_more  ws2812_app.o
    0x08000fca   0x08000fca   0x00000002   PAD
    0x08000fcc   0x08000fcc   0x000000a8   Code   RO         3412    i.DMA_WS2812_SIN    bsp_ws2812.o
    0x08001074   0x08001074   0x000000cc   Code   RO         3413    i.DMA_WS2812_SIN_More  bsp_ws2812.o
    0x08001140   0x08001140   0x0000005c   Code   RO         4207    i.DMA_WS2812_circulation  ws2812_app.o
    0x0800119c   0x0800119c   0x000000a8   Code   RO         4208    i.DMA_WS2812_circulation_buf  ws2812_app.o
    0x08001244   0x08001244   0x000003bc   Code   RO         4209    i.DMA_WS2812_circulation_buf_more  ws2812_app.o
    0x08001600   0x08001600   0x000000a4   Code   RO         4210    i.DMA_WS2812_circulation_more  ws2812_app.o
    0x080016a4   0x080016a4   0x0000000a   Code   RO         4211    i.DMA_WS2812_data_flash  ws2812_app.o
    0x080016ae   0x080016ae   0x0000000a   Code   RO         4212    i.DMA_WS2812_data_flash_1  ws2812_app.o
    0x080016b8   0x080016b8   0x00000004   Code   RO         4214    i.DMA_WS2812_data_refresh  ws2812_app.o
    0x080016bc   0x080016bc   0x00000080   Code   RO         3414    i.DMA_WS2812_data_shift  bsp_ws2812.o
    0x0800173c   0x0800173c   0x0000005c   Code   RO         3415    i.DMA_WS2812_data_shift_light  bsp_ws2812.o
    0x08001798   0x08001798   0x00000098   Code   RO         3417    i.DMA_WS2812_data_shift_more  bsp_ws2812.o
    0x08001830   0x08001830   0x00000058   Code   RO         3418    i.DMA_WS2812_light  bsp_ws2812.o
    0x08001888   0x08001888   0x0000002c   Code   RO         4218    i.DMA_WS2812_shade_light  ws2812_app.o
    0x080018b4   0x080018b4   0x0000046a   Code   RO         4219    i.DMA_WS2812_shade_logo  ws2812_app.o
    0x08001d1e   0x08001d1e   0x00000018   Code   RO         4220    i.DMA_WS2812_shade_logo_all  ws2812_app.o
    0x08001d36   0x08001d36   0x00000002   PAD
    0x08001d38   0x08001d38   0x00000478   Code   RO         4221    i.DMA_WS2812_shade_logo_one  ws2812_app.o
    0x080021b0   0x080021b0   0x00000002   Code   RO         2840    i.DebugMon_Handler  stm32f1xx_it.o
    0x080021b2   0x080021b2   0x00000002   PAD
    0x080021b4   0x080021b4   0x00000024   Code   RO         2126    i.FLASH_MassErase   stm32f1xx_hal_flash_ex.o
    0x080021d8   0x080021d8   0x00000024   Code   RO         2131    i.FLASH_PageErase   stm32f1xx_hal_flash_ex.o
    0x080021fc   0x080021fc   0x0000001c   Code   RO          352    i.FLASH_Program_HalfWord  stm32f1xx_hal_flash.o
    0x08002218   0x08002218   0x0000005c   Code   RO          353    i.FLASH_SetErrorCode  stm32f1xx_hal_flash.o
    0x08002274   0x08002274   0x00000054   Code   RO          354    i.FLASH_WaitForLastOperation  stm32f1xx_hal_flash.o
    0x080022c8   0x080022c8   0x0000009c   Code   RO         3420    i.GRBTOPWM          bsp_ws2812.o
    0x08002364   0x08002364   0x0000015c   Code   RO         4048    i.Gui_DrawFont_GBK16  bsp_lcd_gui.o
    0x080024c0   0x080024c0   0x0000001a   Code   RO         3957    i.Gui_DrawPoint     bsp_lcd.o
    0x080024da   0x080024da   0x00000030   Code   RO         1706    i.HAL_DMA_Abort     stm32f1xx_hal_dma.o
    0x0800250a   0x0800250a   0x00000002   PAD
    0x0800250c   0x0800250c   0x00000098   Code   RO         1707    i.HAL_DMA_Abort_IT  stm32f1xx_hal_dma.o
    0x080025a4   0x080025a4   0x00000154   Code   RO         1711    i.HAL_DMA_IRQHandler  stm32f1xx_hal_dma.o
    0x080026f8   0x080026f8   0x00000064   Code   RO         1712    i.HAL_DMA_Init      stm32f1xx_hal_dma.o
    0x0800275c   0x0800275c   0x0000004a   Code   RO         1714    i.HAL_DMA_RegisterCallback  stm32f1xx_hal_dma.o
    0x080027a6   0x080027a6   0x00000070   Code   RO         1716    i.HAL_DMA_Start_IT  stm32f1xx_hal_dma.o
    0x08002816   0x08002816   0x00000002   PAD
    0x08002818   0x08002818   0x00000024   Code   RO          462    i.HAL_Delay         stm32f1xx_hal.o
    0x0800283c   0x0800283c   0x000000a8   Code   RO         2132    i.HAL_FLASHEx_Erase  stm32f1xx_hal_flash_ex.o
    0x080028e4   0x080028e4   0x00000014   Code   RO          358    i.HAL_FLASH_Lock    stm32f1xx_hal_flash.o
    0x080028f8   0x080028f8   0x00000080   Code   RO          363    i.HAL_FLASH_Program  stm32f1xx_hal_flash.o
    0x08002978   0x08002978   0x00000028   Code   RO          365    i.HAL_FLASH_Unlock  stm32f1xx_hal_flash.o
    0x080029a0   0x080029a0   0x000001bc   Code   RO          850    i.HAL_GPIO_Init     stm32f1xx_hal_gpio.o
    0x08002b5c   0x08002b5c   0x0000000a   Code   RO          854    i.HAL_GPIO_WritePin  stm32f1xx_hal_gpio.o
    0x08002b66   0x08002b66   0x00000002   PAD
    0x08002b68   0x08002b68   0x0000000c   Code   RO          466    i.HAL_GetTick       stm32f1xx_hal.o
    0x08002b74   0x08002b74   0x00000010   Code   RO          470    i.HAL_IncTick       stm32f1xx_hal.o
    0x08002b84   0x08002b84   0x00000024   Code   RO          471    i.HAL_Init          stm32f1xx_hal.o
    0x08002ba8   0x08002ba8   0x00000040   Code   RO          472    i.HAL_InitTick      stm32f1xx_hal.o
    0x08002be8   0x08002be8   0x00000080   Code   RO         2970    i.HAL_MspInit       stm32f1xx_hal_msp.o
    0x08002c68   0x08002c68   0x00000016   Code   RO          237    i.HAL_NVIC_EnableIRQ  stm32f1xx_hal_cortex.o
    0x08002c7e   0x08002c7e   0x00000002   PAD
    0x08002c80   0x08002c80   0x00000040   Code   RO          243    i.HAL_NVIC_SetPriority  stm32f1xx_hal_cortex.o
    0x08002cc0   0x08002cc0   0x00000024   Code   RO          244    i.HAL_NVIC_SetPriorityGrouping  stm32f1xx_hal_cortex.o
    0x08002ce4   0x08002ce4   0x0000000c   Code   RO          920    i.HAL_PWR_EnableBkUpAccess  stm32f1xx_hal_pwr.o
    0x08002cf0   0x08002cf0   0x000000c8   Code   RO            5    i.HAL_RCCEx_GetPeriphCLKFreq  stm32f1xx_hal_rcc_ex.o
    0x08002db8   0x08002db8   0x000000ec   Code   RO            6    i.HAL_RCCEx_PeriphCLKConfig  stm32f1xx_hal_rcc_ex.o
    0x08002ea4   0x08002ea4   0x00000002   Code   RO          133    i.HAL_RCC_CSSCallback  stm32f1xx_hal_rcc.o
    0x08002ea6   0x08002ea6   0x00000002   PAD
    0x08002ea8   0x08002ea8   0x00000154   Code   RO          134    i.HAL_RCC_ClockConfig  stm32f1xx_hal_rcc.o
    0x08002ffc   0x08002ffc   0x0000000c   Code   RO          137    i.HAL_RCC_EnableCSS  stm32f1xx_hal_rcc.o
    0x08003008   0x08003008   0x0000000c   Code   RO          139    i.HAL_RCC_GetHCLKFreq  stm32f1xx_hal_rcc.o
    0x08003014   0x08003014   0x00000020   Code   RO          141    i.HAL_RCC_GetPCLK1Freq  stm32f1xx_hal_rcc.o
    0x08003034   0x08003034   0x00000020   Code   RO          142    i.HAL_RCC_GetPCLK2Freq  stm32f1xx_hal_rcc.o
    0x08003054   0x08003054   0x0000006c   Code   RO          143    i.HAL_RCC_GetSysClockFreq  stm32f1xx_hal_rcc.o
    0x080030c0   0x080030c0   0x00000018   Code   RO          145    i.HAL_RCC_NMI_IRQHandler  stm32f1xx_hal_rcc.o
    0x080030d8   0x080030d8   0x00000304   Code   RO          146    i.HAL_RCC_OscConfig  stm32f1xx_hal_rcc.o
    0x080033dc   0x080033dc   0x00000010   Code   RO         2211    i.HAL_RTCEx_BKUPRead  stm32f1xx_hal_rtc_ex.o
    0x080033ec   0x080033ec   0x00000010   Code   RO         2212    i.HAL_RTCEx_BKUPWrite  stm32f1xx_hal_rtc_ex.o
    0x080033fc   0x080033fc   0x00000078   Code   RO         2318    i.HAL_RTC_GetDate   stm32f1xx_hal_rtc.o
    0x08003474   0x08003474   0x000000d8   Code   RO         2320    i.HAL_RTC_GetTime   stm32f1xx_hal_rtc.o
    0x0800354c   0x0800354c   0x000000a0   Code   RO         2321    i.HAL_RTC_Init      stm32f1xx_hal_rtc.o
    0x080035ec   0x080035ec   0x00000034   Code   RO         2972    i.HAL_RTC_MspInit   stm32f1xx_hal_msp.o
    0x08003620   0x08003620   0x000000c4   Code   RO         2327    i.HAL_RTC_SetDate   stm32f1xx_hal_rtc.o
    0x080036e4   0x080036e4   0x000000ac   Code   RO         2328    i.HAL_RTC_SetTime   stm32f1xx_hal_rtc.o
    0x08003790   0x08003790   0x0000003a   Code   RO         2329    i.HAL_RTC_WaitForSynchro  stm32f1xx_hal_rtc.o
    0x080037ca   0x080037ca   0x00000082   Code   RO         2806    i.HAL_SPI_Init      stm32f1xx_hal_spi_ex.o
    0x0800384c   0x0800384c   0x00000044   Code   RO         2974    i.HAL_SPI_MspInit   stm32f1xx_hal_msp.o
    0x08003890   0x08003890   0x00000168   Code   RO         2502    i.HAL_SPI_Transmit  stm32f1xx_hal_spi.o
    0x080039f8   0x080039f8   0x00000018   Code   RO          246    i.HAL_SYSTICK_CLKSourceConfig  stm32f1xx_hal_cortex.o
    0x08003a10   0x08003a10   0x00000028   Code   RO          248    i.HAL_SYSTICK_Config  stm32f1xx_hal_cortex.o
    0x08003a38   0x08003a38   0x00000002   Code   RO          614    i.HAL_TIMEx_BreakCallback  stm32f1xx_hal_tim_ex.o
    0x08003a3a   0x08003a3a   0x00000002   Code   RO          615    i.HAL_TIMEx_CommutationCallback  stm32f1xx_hal_tim_ex.o
    0x08003a3c   0x08003a3c   0x00000050   Code   RO          631    i.HAL_TIMEx_MasterConfigSynchronization  stm32f1xx_hal_tim_ex.o
    0x08003a8c   0x08003a8c   0x00000036   Code   RO         1076    i.HAL_TIM_Base_Init  stm32f1xx_hal_tim.o
    0x08003ac2   0x08003ac2   0x00000002   PAD
    0x08003ac4   0x08003ac4   0x00000090   Code   RO         2976    i.HAL_TIM_Base_MspInit  stm32f1xx_hal_msp.o
    0x08003b54   0x08003b54   0x000000f2   Code   RO         1085    i.HAL_TIM_ConfigClockSource  stm32f1xx_hal_tim.o
    0x08003c46   0x08003c46   0x00000002   Code   RO         1103    i.HAL_TIM_ErrorCallback  stm32f1xx_hal_tim.o
    0x08003c48   0x08003c48   0x00000002   Code   RO         1105    i.HAL_TIM_IC_CaptureCallback  stm32f1xx_hal_tim.o
    0x08003c4a   0x08003c4a   0x00000166   Code   RO         1118    i.HAL_TIM_IRQHandler  stm32f1xx_hal_tim.o
    0x08003db0   0x08003db0   0x00000024   Code   RO         2977    i.HAL_TIM_MspPostInit  stm32f1xx_hal_msp.o
    0x08003dd4   0x08003dd4   0x00000002   Code   RO         1121    i.HAL_TIM_OC_DelayElapsedCallback  stm32f1xx_hal_tim.o
    0x08003dd6   0x08003dd6   0x000000d0   Code   RO         1142    i.HAL_TIM_PWM_ConfigChannel  stm32f1xx_hal_tim.o
    0x08003ea6   0x08003ea6   0x00000036   Code   RO         1145    i.HAL_TIM_PWM_Init  stm32f1xx_hal_tim.o
    0x08003edc   0x08003edc   0x00000002   Code   RO         1147    i.HAL_TIM_PWM_MspInit  stm32f1xx_hal_tim.o
    0x08003ede   0x08003ede   0x00000002   Code   RO         3795    i.HAL_TIM_PWM_PulseFinishedCallback  bsp_tim.o
    0x08003ee0   0x08003ee0   0x000000e4   Code   RO         1150    i.HAL_TIM_PWM_Start_DMA  stm32f1xx_hal_tim.o
    0x08003fc4   0x08003fc4   0x00000084   Code   RO         1153    i.HAL_TIM_PWM_Stop_DMA  stm32f1xx_hal_tim.o
    0x08004048   0x08004048   0x00000002   Code   RO         3796    i.HAL_TIM_PeriodElapsedCallback  bsp_tim.o
    0x0800404a   0x0800404a   0x00000002   Code   RO         1159    i.HAL_TIM_TriggerCallback  stm32f1xx_hal_tim.o
    0x0800404c   0x0800404c   0x00000058   Code   RO         1819    i.HAL_UART_DMAStop  stm32f1xx_hal_uart.o
    0x080040a4   0x080040a4   0x00000002   Code   RO         1821    i.HAL_UART_ErrorCallback  stm32f1xx_hal_uart.o
    0x080040a6   0x080040a6   0x00000002   PAD
    0x080040a8   0x080040a8   0x00000110   Code   RO         1824    i.HAL_UART_IRQHandler  stm32f1xx_hal_uart.o
    0x080041b8   0x080041b8   0x00000062   Code   RO         1825    i.HAL_UART_Init     stm32f1xx_hal_uart.o
    0x0800421a   0x0800421a   0x00000002   PAD
    0x0800421c   0x0800421c   0x00000160   Code   RO         2979    i.HAL_UART_MspInit  stm32f1xx_hal_msp.o
    0x0800437c   0x0800437c   0x00000098   Code   RO         1829    i.HAL_UART_Receive_DMA  stm32f1xx_hal_uart.o
    0x08004414   0x08004414   0x00000002   Code   RO         3248    i.HAL_UART_RxCpltCallback  bsp_usart.o
    0x08004416   0x08004416   0x00000002   Code   RO         1832    i.HAL_UART_RxHalfCpltCallback  stm32f1xx_hal_uart.o
    0x08004418   0x08004418   0x000000ba   Code   RO         1833    i.HAL_UART_Transmit  stm32f1xx_hal_uart.o
    0x080044d2   0x080044d2   0x00000002   PAD
    0x080044d4   0x080044d4   0x00000080   Code   RO         1834    i.HAL_UART_Transmit_DMA  stm32f1xx_hal_uart.o
    0x08004554   0x08004554   0x00000002   Code   RO         1836    i.HAL_UART_TxCpltCallback  stm32f1xx_hal_uart.o
    0x08004556   0x08004556   0x00000002   Code   RO         1837    i.HAL_UART_TxHalfCpltCallback  stm32f1xx_hal_uart.o
    0x08004558   0x08004558   0x000000e8   Code   RO         3422    i.HLS2RGBvalue      bsp_ws2812.o
    0x08004640   0x08004640   0x000001b8   Code   RO         3424    i.HLS_TO_RGB_ONE    bsp_ws2812.o
    0x080047f8   0x080047f8   0x00000002   Code   RO         2841    i.HardFault_Handler  stm32f1xx_it.o
    0x080047fa   0x080047fa   0x00000002   PAD
    0x080047fc   0x080047fc   0x00000024   Code   RO         3958    i.LCD_WriteData_16Bit  bsp_lcd.o
    0x08004820   0x08004820   0x0000002e   Code   RO         3959    i.Lcd_Clear         bsp_lcd.o
    0x0800484e   0x0800484e   0x000001d8   Code   RO         3960    i.Lcd_Init          bsp_lcd.o
    0x08004a26   0x08004a26   0x00000002   PAD
    0x08004a28   0x08004a28   0x0000002c   Code   RO         3962    i.Lcd_Reset         bsp_lcd.o
    0x08004a54   0x08004a54   0x0000005a   Code   RO         3963    i.Lcd_SetRegion     bsp_lcd.o
    0x08004aae   0x08004aae   0x00000002   PAD
    0x08004ab0   0x08004ab0   0x0000001c   Code   RO         3965    i.Lcd_WriteData     bsp_lcd.o
    0x08004acc   0x08004acc   0x0000001c   Code   RO         3966    i.Lcd_WriteIndex    bsp_lcd.o
    0x08004ae8   0x08004ae8   0x0000004c   Code   RO         3744    i.MX_DMA_Init       bsp_dma.o
    0x08004b34   0x08004b34   0x0000009c   Code   RO         3768    i.MX_GPIO_Init      bsp_gpio.o
    0x08004bd0   0x08004bd0   0x000000ac   Code   RO         3324    i.MX_RTC_Init       bsp_rtc.o
    0x08004c7c   0x08004c7c   0x00000060   Code   RO         3929    i.MX_SPI1_Init      bsp_spi.o
    0x08004cdc   0x08004cdc   0x000000a8   Code   RO         3797    i.MX_TIM2_Init      bsp_tim.o
    0x08004d84   0x08004d84   0x00000050   Code   RO         3249    i.MX_USART1_UART_Init  bsp_usart.o
    0x08004dd4   0x08004dd4   0x00000050   Code   RO         3250    i.MX_USART2_UART_Init  bsp_usart.o
    0x08004e24   0x08004e24   0x00000050   Code   RO         3251    i.MX_USART3_UART_Init  bsp_usart.o
    0x08004e74   0x08004e74   0x00000002   Code   RO         2842    i.MemManage_Handler  stm32f1xx_it.o
    0x08004e76   0x08004e76   0x00000004   Code   RO         2843    i.NMI_Handler       stm32f1xx_it.o
    0x08004e7a   0x08004e7a   0x00000020   Code   RO          250    i.NVIC_SetPriority  stm32f1xx_hal_cortex.o
    0x08004e9a   0x08004e9a   0x00000012   Code   RO         2330    i.RTC_Bcd2ToByte    stm32f1xx_hal_rtc.o
    0x08004eac   0x08004eac   0x00000016   Code   RO         2331    i.RTC_ByteToBcd2    stm32f1xx_hal_rtc.o
    0x08004ec2   0x08004ec2   0x000000ec   Code   RO         2332    i.RTC_DateUpdate    stm32f1xx_hal_rtc.o
    0x08004fae   0x08004fae   0x00000034   Code   RO         2333    i.RTC_EnterInitMode  stm32f1xx_hal_rtc.o
    0x08004fe2   0x08004fe2   0x00000002   PAD
    0x08004fe4   0x08004fe4   0x00000036   Code   RO         2334    i.RTC_ExitInitMode  stm32f1xx_hal_rtc.o
    0x0800501a   0x0800501a   0x0000000e   Code   RO         2335    i.RTC_ReadAlarmCounter  stm32f1xx_hal_rtc.o
    0x08005028   0x08005028   0x00000020   Code   RO         2336    i.RTC_ReadTimeCounter  stm32f1xx_hal_rtc.o
    0x08005048   0x08005048   0x00000056   Code   RO         2337    i.RTC_WeekDayNum    stm32f1xx_hal_rtc.o
    0x0800509e   0x0800509e   0x00000028   Code   RO         2338    i.RTC_WriteAlarmCounter  stm32f1xx_hal_rtc.o
    0x080050c6   0x080050c6   0x00000028   Code   RO         2339    i.RTC_WriteTimeCounter  stm32f1xx_hal_rtc.o
    0x080050ee   0x080050ee   0x00000002   PAD
    0x080050f0   0x080050f0   0x00000074   Code   RO         3427    i.SET_PWM_DMA_DODE  bsp_ws2812.o
    0x08005164   0x08005164   0x00000020   Code   RO         2518    i.SPI_CheckFlag_BSY  stm32f1xx_hal_spi.o
    0x08005184   0x08005184   0x00000096   Code   RO         2537    i.SPI_WaitFlagStateUntilTimeout  stm32f1xx_hal_spi.o
    0x0800521a   0x0800521a   0x00000002   PAD
    0x0800521c   0x0800521c   0x00000018   Code   RO         3968    i.SPI_WriteData     bsp_lcd.o
    0x08005234   0x08005234   0x0000001a   Code   RO         3656    i.STMFLASH_Read     stm_flash.o
    0x0800524e   0x0800524e   0x00000002   PAD
    0x08005250   0x08005250   0x000000d4   Code   RO         3658    i.STMFLASH_Write    stm_flash.o
    0x08005324   0x08005324   0x0000002c   Code   RO         3659    i.STMFLASH_Write_NoCheck  stm_flash.o
    0x08005350   0x08005350   0x00000028   Code   RO         3877    i.SoftReset         bsp_upgrade.o
    0x08005378   0x08005378   0x000001dc   Code   RO         3147    i.StartDefaultTask  freertos.o
    0x08005554   0x08005554   0x0000000e   Code   RO         2844    i.SysTick_Handler   stm32f1xx_it.o
    0x08005562   0x08005562   0x00000084   Code   RO         3049    i.SystemClock_Config  main.o
    0x080055e6   0x080055e6   0x00000002   PAD
    0x080055e8   0x080055e8   0x00000048   Code   RO         3209    i.SystemInit        system_stm32f1xx.o
    0x08005630   0x08005630   0x00000024   Code   RO         3148    i.SystemTask        freertos.o
    0x08005654   0x08005654   0x0000000c   Code   RO         2845    i.TIM2_IRQHandler   stm32f1xx_it.o
    0x08005660   0x08005660   0x0000006c   Code   RO         1160    i.TIM_Base_SetConfig  stm32f1xx_hal_tim.o
    0x080056cc   0x080056cc   0x00000016   Code   RO         1161    i.TIM_CCxChannelCmd  stm32f1xx_hal_tim.o
    0x080056e2   0x080056e2   0x0000003e   Code   RO         1163    i.TIM_DMADelayPulseCplt  stm32f1xx_hal_tim.o
    0x08005720   0x08005720   0x00000010   Code   RO         1164    i.TIM_DMAError      stm32f1xx_hal_tim.o
    0x08005730   0x08005730   0x00000014   Code   RO         1167    i.TIM_ETR_SetConfig  stm32f1xx_hal_tim.o
    0x08005744   0x08005744   0x00000010   Code   RO         1168    i.TIM_ITRx_SetConfig  stm32f1xx_hal_tim.o
    0x08005754   0x08005754   0x00000050   Code   RO         1169    i.TIM_OC1_SetConfig  stm32f1xx_hal_tim.o
    0x080057a4   0x080057a4   0x00000058   Code   RO         1170    i.TIM_OC2_SetConfig  stm32f1xx_hal_tim.o
    0x080057fc   0x080057fc   0x00000058   Code   RO         1171    i.TIM_OC3_SetConfig  stm32f1xx_hal_tim.o
    0x08005854   0x08005854   0x00000044   Code   RO         1172    i.TIM_OC4_SetConfig  stm32f1xx_hal_tim.o
    0x08005898   0x08005898   0x00000022   Code   RO         1174    i.TIM_TI1_ConfigInputStage  stm32f1xx_hal_tim.o
    0x080058ba   0x080058ba   0x00000024   Code   RO         1176    i.TIM_TI2_ConfigInputStage  stm32f1xx_hal_tim.o
    0x080058de   0x080058de   0x00000010   Code   RO         1838    i.UART_DMAAbortOnError  stm32f1xx_hal_uart.o
    0x080058ee   0x080058ee   0x0000004a   Code   RO         1839    i.UART_DMAError     stm32f1xx_hal_uart.o
    0x08005938   0x08005938   0x0000003c   Code   RO         1840    i.UART_DMAReceiveCplt  stm32f1xx_hal_uart.o
    0x08005974   0x08005974   0x0000000a   Code   RO         1842    i.UART_DMARxHalfCplt  stm32f1xx_hal_uart.o
    0x0800597e   0x0800597e   0x0000002e   Code   RO         1844    i.UART_DMATransmitCplt  stm32f1xx_hal_uart.o
    0x080059ac   0x080059ac   0x0000000a   Code   RO         1846    i.UART_DMATxHalfCplt  stm32f1xx_hal_uart.o
    0x080059b6   0x080059b6   0x0000001c   Code   RO         1848    i.UART_EndRxTransfer  stm32f1xx_hal_uart.o
    0x080059d2   0x080059d2   0x00000012   Code   RO         1849    i.UART_EndTxTransfer  stm32f1xx_hal_uart.o
    0x080059e4   0x080059e4   0x00000096   Code   RO         1850    i.UART_Receive_IT   stm32f1xx_hal_uart.o
    0x08005a7a   0x08005a7a   0x00000002   PAD
    0x08005a7c   0x08005a7c   0x00000170   Code   RO         1851    i.UART_SetConfig    stm32f1xx_hal_uart.o
    0x08005bec   0x08005bec   0x00000062   Code   RO         1852    i.UART_Transmit_IT  stm32f1xx_hal_uart.o
    0x08005c4e   0x08005c4e   0x00000064   Code   RO         1853    i.UART_WaitOnFlagUntilTimeout  stm32f1xx_hal_uart.o
    0x08005cb2   0x08005cb2   0x00000002   PAD
    0x08005cb4   0x08005cb4   0x0000001c   Code   RO         3252    i.USART3_IRQHandler  bsp_usart.o
    0x08005cd0   0x08005cd0   0x00000002   Code   RO         2846    i.UsageFault_Handler  stm32f1xx_it.o
    0x08005cd2   0x08005cd2   0x0000003e   Code   RO         3253    i.UsartReceive_IDLE  bsp_usart.o
    0x08005d10   0x08005d10   0x000018b4   Code   RO         3832    i.Usart_Logo_data   bsp_update.o
    0x080075c4   0x080075c4   0x00000090   Code   RO         3149    i.Ws2812task        freertos.o
    0x08007654   0x08007654   0x00000002   Code   RO         3050    i._Error_Handler    main.o
    0x08007656   0x08007656   0x00000002   PAD
    0x08007658   0x08007658   0x00000020   Code   RO         5746    i.__0printf$8       mc_w.l(printf8.o)
    0x08007678   0x08007678   0x00000028   Code   RO         5748    i.__0sprintf$8      mc_w.l(printf8.o)
    0x080076a0   0x080076a0   0x00000028   Code   RO         5893    i.__ARM_fpclassify  m_ws.l(fpclassify.o)
    0x080076c8   0x080076c8   0x00000008   Code   RO         5877    i.__aeabi_errno_addr  mc_w.l(errno.o)
    0x080076d0   0x080076d0   0x00000388   Code   RO         5843    i.__ieee754_rem_pio2  m_ws.l(rred.o)
    0x08007a58   0x08007a58   0x000000fc   Code   RO         5826    i.__kernel_cos      m_ws.l(cos_i.o)
    0x08007b54   0x08007b54   0x000000aa   Code   RO         5895    i.__kernel_poly     m_ws.l(poly.o)
    0x08007bfe   0x08007bfe   0x00000002   PAD
    0x08007c00   0x08007c00   0x000000ec   Code   RO         5848    i.__kernel_sin      m_ws.l(sin_i.o)
    0x08007cec   0x08007cec   0x00000006   Code   RO         5830    i.__mathlib_dbl_infnan  m_ws.l(dunder.o)
    0x08007cf2   0x08007cf2   0x0000000c   Code   RO         5832    i.__mathlib_dbl_invalid  m_ws.l(dunder.o)
    0x08007cfe   0x08007cfe   0x00000002   PAD
    0x08007d00   0x08007d00   0x00000010   Code   RO         5835    i.__mathlib_dbl_underflow  m_ws.l(dunder.o)
    0x08007d10   0x08007d10   0x0000000e   Code   RO         5937    i.__scatterload_copy  mc_w.l(handlers.o)
    0x08007d1e   0x08007d1e   0x00000002   Code   RO         5938    i.__scatterload_null  mc_w.l(handlers.o)
    0x08007d20   0x08007d20   0x0000000e   Code   RO         5939    i.__scatterload_zeroinit  mc_w.l(handlers.o)
    0x08007d2e   0x08007d2e   0x00000002   PAD
    0x08007d30   0x08007d30   0x0000000c   Code   RO         5879    i.__set_errno       mc_w.l(errno.o)
    0x08007d3c   0x08007d3c   0x00000410   Code   RO         5753    i._printf_core      mc_w.l(printf8.o)
    0x0800814c   0x0800814c   0x00000024   Code   RO         5754    i._printf_post_padding  mc_w.l(printf8.o)
    0x08008170   0x08008170   0x0000002e   Code   RO         5755    i._printf_pre_padding  mc_w.l(printf8.o)
    0x0800819e   0x0800819e   0x0000000a   Code   RO         5757    i._sputc            mc_w.l(printf8.o)
    0x080081a8   0x080081a8   0x000000f0   Code   RO         4223    i.arrange_display   ws2812_app.o
    0x08008298   0x08008298   0x0000015c   Code   RO         4225    i.arrange_display_two  ws2812_app.o
    0x080083f4   0x080083f4   0x00000024   Code   RO         4147    i.atk_8266_check_cmd  esp8266.o
    0x08008418   0x08008418   0x00000080   Code   RO         4148    i.atk_8266_send_cmd  esp8266.o
    0x08008498   0x08008498   0x0000034c   Code   RO         3833    i.flash_data_to_color_data  bsp_update.o
    0x080087e4   0x080087e4   0x00000018   Code   RO         3254    i.fputc             bsp_usart.o
    0x080087fc   0x080087fc   0x000000f0   Code   RO         3325    i.get_timer         bsp_rtc.o
    0x080088ec   0x080088ec   0x0000010c   Code   RO         3051    i.main              main.o
    0x080089f8   0x080089f8   0x0000000c   Code   RO         5134    i.makeFreeRtosPriority  cmsis_os.o
    0x08008a04   0x08008a04   0x0000000e   Code   RO         5136    i.osDelay           cmsis_os.o
    0x08008a12   0x08008a12   0x0000000a   Code   RO         5139    i.osKernelStart     cmsis_os.o
    0x08008a1c   0x08008a1c   0x00000014   Code   RO         5172    i.osSystickHandler  cmsis_os.o
    0x08008a30   0x08008a30   0x0000002e   Code   RO         5173    i.osThreadCreate    cmsis_os.o
    0x08008a5e   0x08008a5e   0x00000002   PAD
    0x08008a60   0x08008a60   0x00000070   Code   RO         4705    i.prvAddCurrentTaskToDelayedList  tasks.o
    0x08008ad0   0x08008ad0   0x000000d0   Code   RO         4706    i.prvAddNewTaskToReadyList  tasks.o
    0x08008ba0   0x08008ba0   0x00000050   Code   RO         4707    i.prvCheckTasksWaitingTermination  tasks.o
    0x08008bf0   0x08008bf0   0x00000014   Code   RO         4708    i.prvDeleteTCB      tasks.o
    0x08008c04   0x08008c04   0x00000048   Code   RO         4607    i.prvHeapInit       heap_4.o
    0x08008c4c   0x08008c4c   0x00000028   Code   RO         4709    i.prvIdleTask       tasks.o
    0x08008c74   0x08008c74   0x0000008e   Code   RO         4710    i.prvInitialiseNewTask  tasks.o
    0x08008d02   0x08008d02   0x00000002   PAD
    0x08008d04   0x08008d04   0x0000004c   Code   RO         4608    i.prvInsertBlockIntoFreeList  heap_4.o
    0x08008d50   0x08008d50   0x00000020   Code   RO         4711    i.prvResetNextTaskUnblockTime  tasks.o
    0x08008d70   0x08008d70   0x00000028   Code   RO         4433    i.prvTaskExitError  port.o
    0x08008d98   0x08008d98   0x00000034   Code   RO         4712    i.prvTaskIsTaskSuspended  tasks.o
    0x08008dcc   0x08008dcc   0x000000d8   Code   RO         4609    i.pvPortMalloc      heap_4.o
    0x08008ea4   0x08008ea4   0x00000024   Code   RO         4434    i.pxPortInitialiseStack  port.o
    0x08008ec8   0x08008ec8   0x000000a8   Code   RO         3431    i.rand_buff_data    bsp_ws2812.o
    0x08008f70   0x08008f70   0x00000014   Code   RO         3834    i.read_mode_start   bsp_update.o
    0x08008f84   0x08008f84   0x0000002c   Code   RO         3432    i.reset_led_light   bsp_ws2812.o
    0x08008fb0   0x08008fb0   0x00000070   Code   RO         3433    i.shift_buf_to_data_one  bsp_ws2812.o
    0x08009020   0x08009020   0x00000070   Code   RO         3434    i.shift_buf_to_data_two  bsp_ws2812.o
    0x08009090   0x08009090   0x000000a0   Code   RO         5508    i.sin               m_ws.l(sin.o)
    0x08009130   0x08009130   0x00000050   Code   RO         3371    i.system_mode_led   bsp_led.o
    0x08009180   0x08009180   0x00000024   Code   RO         4668    i.uxListRemove      list.o
    0x080091a4   0x080091a4   0x00000016   Code   RO         4669    i.vListInitialise   list.o
    0x080091ba   0x080091ba   0x00000006   Code   RO         4670    i.vListInitialiseItem  list.o
    0x080091c0   0x080091c0   0x00000030   Code   RO         4671    i.vListInsert       list.o
    0x080091f0   0x080091f0   0x00000018   Code   RO         4672    i.vListInsertEnd    list.o
    0x08009208   0x08009208   0x00000040   Code   RO         4436    i.vPortEnterCritical  port.o
    0x08009248   0x08009248   0x00000028   Code   RO         4437    i.vPortExitCritical  port.o
    0x08009270   0x08009270   0x0000005c   Code   RO         4610    i.vPortFree         heap_4.o
    0x080092cc   0x080092cc   0x00000020   Code   RO         4438    i.vPortSetupTimerInterrupt  port.o
    0x080092ec   0x080092ec   0x0000004c   Code   RO         4719    i.vTaskDelay        tasks.o
    0x08009338   0x08009338   0x0000007c   Code   RO         4728    i.vTaskResume       tasks.o
    0x080093b4   0x080093b4   0x00000068   Code   RO         4730    i.vTaskStartScheduler  tasks.o
    0x0800941c   0x0800941c   0x000000b0   Code   RO         4731    i.vTaskSuspend      tasks.o
    0x080094cc   0x080094cc   0x00000010   Code   RO         4732    i.vTaskSuspendAll   tasks.o
    0x080094dc   0x080094dc   0x0000005c   Code   RO         4733    i.vTaskSwitchContext  tasks.o
    0x08009538   0x08009538   0x0000001c   Code   RO         3372    i.wifi_state_led    bsp_led.o
    0x08009554   0x08009554   0x00000030   Code   RO         3660    i.write_read_flash_jiaoyan  stm_flash.o
    0x08009584   0x08009584   0x00000050   Code   RO         4228    i.ws2812_rand_light  ws2812_app.o
    0x080095d4   0x080095d4   0x00000074   Code   RO         4440    i.xPortStartScheduler  port.o
    0x08009648   0x08009648   0x0000002c   Code   RO         4441    i.xPortSysTickHandler  port.o
    0x08009674   0x08009674   0x00000056   Code   RO         4735    i.xTaskCreate       tasks.o
    0x080096ca   0x080096ca   0x00000002   PAD
    0x080096cc   0x080096cc   0x0000001c   Code   RO         4739    i.xTaskGetSchedulerState  tasks.o
    0x080096e8   0x080096e8   0x000000c8   Code   RO         4742    i.xTaskIncrementTick  tasks.o
    0x080097b0   0x080097b0   0x000000c4   Code   RO         4748    i.xTaskResumeAll    tasks.o
    0x08009874   0x08009874   0x0000003c   Data   RO         3061    .constdata          main.o
    0x080098b0   0x080098b0   0x00000010   Data   RO         3210    .constdata          system_stm32f1xx.o
    0x080098c0   0x080098c0   0x00000008   Data   RO         3211    .constdata          system_stm32f1xx.o
    0x080098c8   0x080098c8   0x000010d0   Data   RO         4058    .constdata          bsp_lcd_gui.o
    0x0800a998   0x0800a998   0x00000030   Data   RO         5827    .constdata          m_ws.l(cos_i.o)
    0x0800a9c8   0x0800a9c8   0x000000c8   Data   RO         5845    .constdata          m_ws.l(rred.o)
    0x0800aa90   0x0800aa90   0x00000028   Data   RO         5849    .constdata          m_ws.l(sin_i.o)
    0x0800aab8   0x0800aab8   0x00000081   Data   RO         5900    .constdata          mc_w.l(ctype_o.o)
    0x0800ab39   0x0800ab39   0x00000003   PAD
    0x0800ab3c   0x0800ab3c   0x00000004   Data   RO         5901    .constdata          mc_w.l(ctype_o.o)
    0x0800ab40   0x0800ab40   0x0000001f   Data   RO         3062    .conststring        main.o
    0x0800ab5f   0x0800ab5f   0x00000001   PAD
    0x0800ab60   0x0800ab60   0x00000020   Data   RO         5935    Region$$Table       anon$$obj.o


    Execution Region RW_IRAM1 (Exec base: 0x20000000, Load base: 0x0800ab80, Size: 0x00004ac0, Max: 0x00005000, ABSOLUTE, COMPRESSED[0x00000218])

    Exec Addr    Load Addr    Size         Type   Attr      Idx    E Section Name        Object

    0x20000000   COMPRESSED   0x0000000c   Data   RW          478    .data               stm32f1xx_hal.o
    0x2000000c   COMPRESSED   0x0000000c   Data   RW         3071    .data               main.o
    0x20000018   COMPRESSED   0x00000004   Data   RW         3212    .data               system_stm32f1xx.o
    0x2000001c   COMPRESSED   0x00000007   Data   RW         3328    .data               bsp_rtc.o
    0x20000023   COMPRESSED   0x00000001   PAD
    0x20000024   COMPRESSED   0x0000006c   Data   RW         3442    .data               bsp_ws2812.o
    0x20000090   COMPRESSED   0x00000200   Data   RW         3627    .data               crc.o
    0x20000290   COMPRESSED   0x0000000d   Data   RW         3836    .data               bsp_update.o
    0x2000029d   COMPRESSED   0x00000001   PAD
    0x2000029e   COMPRESSED   0x00000006   Data   RW         3881    .data               bsp_upgrade.o
    0x200002a4   COMPRESSED   0x00000001   Data   RW         4230    .data               ws2812_app.o
    0x200002a5   COMPRESSED   0x00000003   PAD
    0x200002a8   COMPRESSED   0x0000000c   Data   RW         4442    .data               port.o
    0x200002b4   COMPRESSED   0x00000018   Data   RW         4615    .data               heap_4.o
    0x200002cc   COMPRESSED   0x0000003c   Data   RW         4751    .data               tasks.o
    0x20000308   COMPRESSED   0x00000004   Data   RW         5521    .data               mc_w.l(rand.o)
    0x2000030c   COMPRESSED   0x00000004   Data   RW         5868    .data               mc_w.l(stdout.o)
    0x20000310   COMPRESSED   0x00000004   Data   RW         5880    .data               mc_w.l(errno.o)
    0x20000314   COMPRESSED   0x00000004   PAD
    0x20000318        -       0x00000020   Zero   RW          366    .bss                stm32f1xx_hal_flash.o
    0x20000338        -       0x00000014   Zero   RW         3052    .bss                main.o
    0x2000034c        -       0x00000058   Zero   RW         3053    .bss                main.o
    0x200003a4        -       0x00000040   Zero   RW         3054    .bss                main.o
    0x200003e4        -       0x00000044   Zero   RW         3055    .bss                main.o
    0x20000428        -       0x00000040   Zero   RW         3056    .bss                main.o
    0x20000468        -       0x00000040   Zero   RW         3057    .bss                main.o
    0x200004a8        -       0x00000040   Zero   RW         3058    .bss                main.o
    0x200004e8        -       0x00000044   Zero   RW         3059    .bss                main.o
    0x2000052c        -       0x00000044   Zero   RW         3060    .bss                main.o
    0x20000570        -       0x0000083a   Zero   RW         3255    .bss                bsp_usart.o
    0x20000daa        -       0x00000028   Zero   RW         3327    .bss                bsp_rtc.o
    0x20000dd2        -       0x000003c4   Zero   RW         3437    .bss                bsp_ws2812.o
    0x20001196   COMPRESSED   0x00000002   PAD
    0x20001198        -       0x00000410   Zero   RW         3661    .bss                stm_flash.o
    0x200015a8        -       0x00000c6e   Zero   RW         3835    .bss                bsp_update.o
    0x20002216        -       0x0000008e   Zero   RW         4152    .bss                esp8266.o
    0x200022a4        -       0x00002328   Zero   RW         4614    .bss                heap_4.o
    0x200045cc        -       0x000000f0   Zero   RW         4750    .bss                tasks.o
    0x200046bc   COMPRESSED   0x00000004   PAD
    0x200046c0        -       0x00000400   Zero   RW         2827    STACK               startup_stm32f103xb.o


==============================================================================

Image component sizes


      Code (inc. data)   RO Data    RW Data    ZI Data      Debug   Object Name

        76          4          0          0          0        854   bsp_dma.o
       156         12          0          0          0       1035   bsp_gpio.o
       794         24          0          0          0       5618   bsp_lcd.o
       348         10       4304          0          0       2767   bsp_lcd_gui.o
       108         10          0          0          0       1103   bsp_led.o
       412         66          0          7         40       1966   bsp_rtc.o
        96         28          0          0          0        515   bsp_spi.o
       172         26          0          0          0       1959   bsp_tim.o
      7188       2114          0         13       3182      11395   bsp_update.o
        40          8          0          6          0       3997   bsp_upgrade.o
       400        104          0          0       2106       5458   bsp_usart.o
      2590        264          0        108        964      16465   bsp_ws2812.o
       102          0          0          0          0      13304   cmsis_os.o
        44          4          0        512          0       1098   crc.o
       164         28          0          0        142       2180   esp8266.o
         0          0          0          0          0       9600   event_groups.o
       656        178          0          0          0       1701   freertos.o
       456         22          0         24       9000       7323   heap_4.o
       136          0          0          0          0       3458   list.o
       402         80         91         12        568       9995   main.o
       522         62          0         12          0      10324   port.o
        36          8        236          0       1024        780   startup_stm32f103xb.o
       164         28          0         12          0       3917   stm32f1xx_hal.o
       218         14          0          0          0      26429   stm32f1xx_hal_cortex.o
       868         36          0          0          0       5801   stm32f1xx_hal_dma.o
       392         46          0          0         32       4810   stm32f1xx_hal_flash.o
       240         26          0          0          0       3285   stm32f1xx_hal_flash_ex.o
       454         36          0          0          0       2912   stm32f1xx_hal_gpio.o
       780        150          0          0          0       4412   stm32f1xx_hal_msp.o
        12          4          0          0          0        523   stm32f1xx_hal_pwr.o
      1334        112          0          0          0       7299   stm32f1xx_hal_rcc.o
       436         46          0          0          0     456937   stm32f1xx_hal_rcc_ex.o
      1516         14          0          0          0      12932   stm32f1xx_hal_rtc.o
        32         10          0          0          0       1671   stm32f1xx_hal_rtc_ex.o
       542          0          0          0          0       3343   stm32f1xx_hal_spi.o
       130          0          0          0          0       1087   stm32f1xx_hal_spi_ex.o
      1924         50          0          0          0      17402   stm32f1xx_hal_tim.o
        84          0          0          0          0       2374   stm32f1xx_hal_tim_ex.o
      1910         38          0          0          0      15563   stm32f1xx_hal_uart.o
        64         18          0          0          0      25147   stm32f1xx_it.o
       330         10          0          0       1040       3805   stm_flash.o
        72         16         24          4          0       1187   system_stm32f1xx.o
      1784        152          0         60        240      18296   tasks.o
      5022         80          0          1          0      19527   ws2812_app.o

    ----------------------------------------------------------------------
     33268       3938       4688        776      18344     751554   Object Totals
         0          0         32          0          0          0   (incl. Generated)
        62          0          1          5          6          0   (incl. Padding)

    ----------------------------------------------------------------------

      Code (inc. data)   RO Data    RW Data    ZI Data      Debug   Library Member Name

       252         22         48          0          0        124   cos_i.o
        34          6          0          0          0        204   dunder.o
        40          0          0          0          0         68   fpclassify.o
       170          0          0          0          0         96   poly.o
       904         76        200          0          0        140   rred.o
       160         10          0          0          0        108   sin.o
       236         12         40          0          0        128   sin_i.o
        58          0          0          0          0          0   __dczerorl.o
        28          0          0          0          0         68   _chval.o
       158          0          0          0          0         92   _strtoul.o
        26          0          0          0          0         80   atoi.o
         8          4        133          0          0         68   ctype_o.o
         0          0          0          0          0          0   entry.o
         0          0          0          0          0          0   entry10a.o
         0          0          0          0          0          0   entry11a.o
         8          4          0          0          0          0   entry2.o
         4          0          0          0          0          0   entry5.o
         0          0          0          0          0          0   entry7b.o
         0          0          0          0          0          0   entry8b.o
         8          4          0          0          0          0   entry9a.o
        20         10          0          4          0        136   errno.o
        30          0          0          0          0          0   handlers.o
        36          8          0          0          0         68   init.o
         0          0          0          0          0          0   iusefp.o
        30          0          0          0          0         68   llshl.o
        36          0          0          0          0         68   llsshr.o
        32          0          0          0          0         68   llushr.o
        36          0          0          0          0         68   memcpya.o
        36          0          0          0          0        108   memseta.o
      1204         60          0          0          0        504   printf8.o
        36         10          0          4          0        136   rand.o
         0          0          0          4          0          0   stdout.o
        24          0          0          0          0         68   strcat.o
        28          0          0          0          0         76   strcmp.o
        18          0          0          0          0         68   strcpy.o
        14          0          0          0          0         68   strlen.o
        36          0          0          0          0         80   strstr.o
       112          0          0          0          0         88   strtol.o
        98          0          0          0          0         92   uldiv.o
        48          0          0          0          0         68   cdcmple.o
        48          0          0          0          0         68   cdrcmple.o
        56          0          0          0          0         88   d2f.o
       334          0          0          0          0        148   dadd.o
       222          0          0          0          0        100   ddiv.o
       186          0          0          0          0        176   depilogue.o
        62          0          0          0          0         80   dfixi.o
        50          0          0          0          0         76   dfixui.o
        34          0          0          0          0         76   dflti.o
        26          0          0          0          0         76   dfltui.o
       228          0          0          0          0         96   dmul.o
        46          0          0          0          0         80   dscalb.o
        38          0          0          0          0         68   f2d.o
       110          0          0          0          0        168   fepilogue.o
        10          0          0          0          0         68   ffltui.o
       100          0          0          0          0         76   fmul.o

    ----------------------------------------------------------------------
      5524        226        424         12          4       4452   Library Totals
         6          0          3          0          4          0   (incl. Padding)

    ----------------------------------------------------------------------

      Code (inc. data)   RO Data    RW Data    ZI Data      Debug   Library Name

      1796        126        288          0          0        868   m_ws.l
      2124        100        133         12          0       2072   mc_w.l
      1598          0          0          0          0       1512   mf_w.l

    ----------------------------------------------------------------------
      5524        226        424         12          4       4452   Library Totals

    ----------------------------------------------------------------------

==============================================================================


      Code (inc. data)   RO Data    RW Data    ZI Data      Debug   

     38792       4164       5112        788      18348     740482   Grand Totals
     38792       4164       5112        536      18348     740482   ELF Image Totals (compressed)
     38792       4164       5112        536          0          0   ROM Totals

==============================================================================

    Total RO  Size (Code + RO Data)                43904 (  42.88kB)
    Total RW  Size (RW Data + ZI Data)             19136 (  18.69kB)
    Total ROM Size (Code + RO Data + RW Data)      44440 (  43.40kB)

==============================================================================

